Archive member included because of file (symbol)

d:/program files (x86)/gnu tools arm embedded/4.8 2014q3/bin/../lib/gcc/arm-none-eabi/4.8.4/../../../../arm-none-eabi/lib/armv7e-m/fpu\libm.a(lib_a-s_cos.o)
                              ..\obj\MotionControlSystem.o (cos)
d:/program files (x86)/gnu tools arm embedded/4.8 2014q3/bin/../lib/gcc/arm-none-eabi/4.8.4/../../../../arm-none-eabi/lib/armv7e-m/fpu\libm.a(lib_a-s_sin.o)
                              ..\obj\MotionControlSystem.o (sin)
d:/program files (x86)/gnu tools arm embedded/4.8 2014q3/bin/../lib/gcc/arm-none-eabi/4.8.4/../../../../arm-none-eabi/lib/armv7e-m/fpu\libm.a(lib_a-e_rem_pio2.o)
                              d:/program files (x86)/gnu tools arm embedded/4.8 2014q3/bin/../lib/gcc/arm-none-eabi/4.8.4/../../../../arm-none-eabi/lib/armv7e-m/fpu\libm.a(lib_a-s_cos.o) (__ieee754_rem_pio2)
d:/program files (x86)/gnu tools arm embedded/4.8 2014q3/bin/../lib/gcc/arm-none-eabi/4.8.4/../../../../arm-none-eabi/lib/armv7e-m/fpu\libm.a(lib_a-k_cos.o)
                              d:/program files (x86)/gnu tools arm embedded/4.8 2014q3/bin/../lib/gcc/arm-none-eabi/4.8.4/../../../../arm-none-eabi/lib/armv7e-m/fpu\libm.a(lib_a-s_cos.o) (__kernel_cos)
d:/program files (x86)/gnu tools arm embedded/4.8 2014q3/bin/../lib/gcc/arm-none-eabi/4.8.4/../../../../arm-none-eabi/lib/armv7e-m/fpu\libm.a(lib_a-k_rem_pio2.o)
                              d:/program files (x86)/gnu tools arm embedded/4.8 2014q3/bin/../lib/gcc/arm-none-eabi/4.8.4/../../../../arm-none-eabi/lib/armv7e-m/fpu\libm.a(lib_a-e_rem_pio2.o) (__kernel_rem_pio2)
d:/program files (x86)/gnu tools arm embedded/4.8 2014q3/bin/../lib/gcc/arm-none-eabi/4.8.4/../../../../arm-none-eabi/lib/armv7e-m/fpu\libm.a(lib_a-k_sin.o)
                              d:/program files (x86)/gnu tools arm embedded/4.8 2014q3/bin/../lib/gcc/arm-none-eabi/4.8.4/../../../../arm-none-eabi/lib/armv7e-m/fpu\libm.a(lib_a-s_cos.o) (__kernel_sin)
d:/program files (x86)/gnu tools arm embedded/4.8 2014q3/bin/../lib/gcc/arm-none-eabi/4.8.4/../../../../arm-none-eabi/lib/armv7e-m/fpu\libm.a(lib_a-s_fabs.o)
                              d:/program files (x86)/gnu tools arm embedded/4.8 2014q3/bin/../lib/gcc/arm-none-eabi/4.8.4/../../../../arm-none-eabi/lib/armv7e-m/fpu\libm.a(lib_a-e_rem_pio2.o) (fabs)
d:/program files (x86)/gnu tools arm embedded/4.8 2014q3/bin/../lib/gcc/arm-none-eabi/4.8.4/../../../../arm-none-eabi/lib/armv7e-m/fpu\libm.a(lib_a-s_floor.o)
                              d:/program files (x86)/gnu tools arm embedded/4.8 2014q3/bin/../lib/gcc/arm-none-eabi/4.8.4/../../../../arm-none-eabi/lib/armv7e-m/fpu\libm.a(lib_a-k_rem_pio2.o) (floor)
d:/program files (x86)/gnu tools arm embedded/4.8 2014q3/bin/../lib/gcc/arm-none-eabi/4.8.4/../../../../arm-none-eabi/lib/armv7e-m/fpu\libm.a(lib_a-s_scalbn.o)
                              d:/program files (x86)/gnu tools arm embedded/4.8 2014q3/bin/../lib/gcc/arm-none-eabi/4.8.4/../../../../arm-none-eabi/lib/armv7e-m/fpu\libm.a(lib_a-k_rem_pio2.o) (scalbn)
d:/program files (x86)/gnu tools arm embedded/4.8 2014q3/bin/../lib/gcc/arm-none-eabi/4.8.4/../../../../arm-none-eabi/lib/armv7e-m/fpu\libm.a(lib_a-s_copysign.o)
                              d:/program files (x86)/gnu tools arm embedded/4.8 2014q3/bin/../lib/gcc/arm-none-eabi/4.8.4/../../../../arm-none-eabi/lib/armv7e-m/fpu\libm.a(lib_a-s_scalbn.o) (copysign)
d:/program files (x86)/gnu tools arm embedded/4.8 2014q3/bin/../lib/gcc/arm-none-eabi/4.8.4/armv7e-m/fpu\libgcc.a(_arm_addsubdf3.o)
                              d:/program files (x86)/gnu tools arm embedded/4.8 2014q3/bin/../lib/gcc/arm-none-eabi/4.8.4/../../../../arm-none-eabi/lib/armv7e-m/fpu\libm.a(lib_a-s_cos.o) (__aeabi_dsub)
d:/program files (x86)/gnu tools arm embedded/4.8 2014q3/bin/../lib/gcc/arm-none-eabi/4.8.4/armv7e-m/fpu\libgcc.a(_arm_muldivdf3.o)
                              ..\obj\main.o (__aeabi_dmul)
d:/program files (x86)/gnu tools arm embedded/4.8 2014q3/bin/../lib/gcc/arm-none-eabi/4.8.4/armv7e-m/fpu\libgcc.a(_arm_cmpdf2.o)
                              d:/program files (x86)/gnu tools arm embedded/4.8 2014q3/bin/../lib/gcc/arm-none-eabi/4.8.4/../../../../arm-none-eabi/lib/armv7e-m/fpu\libm.a(lib_a-e_rem_pio2.o) (__aeabi_dcmpeq)
d:/program files (x86)/gnu tools arm embedded/4.8 2014q3/bin/../lib/gcc/arm-none-eabi/4.8.4/armv7e-m/fpu\libgcc.a(_arm_fixdfsi.o)
                              ..\obj\MotionControlSystem.o (__aeabi_d2iz)
d:/program files (x86)/gnu tools arm embedded/4.8 2014q3/bin/../lib/gcc/arm-none-eabi/4.8.4/armv7e-m/fpu\libgcc.a(_arm_fixunsdfsi.o)
                              ..\obj\main.o (__aeabi_d2uiz)
d:/program files (x86)/gnu tools arm embedded/4.8 2014q3/bin/../lib/gcc/arm-none-eabi/4.8.4/armv7e-m/fpu\libgcc.a(_arm_truncdfsf2.o)
                              ..\obj\main.o (__aeabi_d2f)
d:/program files (x86)/gnu tools arm embedded/4.8 2014q3/bin/../lib/gcc/arm-none-eabi/4.8.4/armv7e-m/fpu\libgcc.a(unwind-arm.o)
[...]
Memory Configuration

Name             Origin             Length             Attributes
rom              0x08000000         0x00100000         xr
ram              0x20000000         0x00020000         xrw
ram1             0x10000000         0x00010000         xrw
*default*        0x00000000         0xffffffff

Linker script and memory map

LOAD d:/program files (x86)/gnu tools arm embedded/4.8 2014q3/bin/../lib/gcc/arm-none-eabi/4.8.4/armv7e-m/fpu/crti.o
LOAD d:/program files (x86)/gnu tools arm embedded/4.8 2014q3/bin/../lib/gcc/arm-none-eabi/4.8.4/armv7e-m/fpu/crtbegin.o
LOAD d:/program files (x86)/gnu tools arm embedded/4.8 2014q3/bin/../lib/gcc/arm-none-eabi/4.8.4/../../../../arm-none-eabi/lib/armv7e-m/fpu/crt0.o
                0x20020000                _eram = 0x20020000

.text           0x08000000    0x1b718
 *(.isr_vector)
 .isr_vector    0x08000000      0x188 ..\obj\startup_stm32f4xx.o
                0x08000000                g_pfnVectors
 *(.text*)
 .text          0x08000188       0x54 d:/program files (x86)/gnu tools arm embedded/4.8 2014q3/bin/../lib/gcc/arm-none-eabi/4.8.4/armv7e-m/fpu/crtbegin.o
 .text.SYSCFG_EXTILineConfig
                0x080001dc       0x7c ..\obj\stm32f4xx_syscfg.o
                0x080001dc                SYSCFG_EXTILineConfig
 .text.NVIC_SetPriority
                0x08000258       0x54 ..\obj\delay.o
 .text.SysTick_Config
                0x080002ac       0x44 ..\obj\delay.o
 .text.Delay    0x080002f0       0x34 ..\obj\delay.o
                0x080002f0                Delay
 .text.Delay_us
                0x08000324       0x2c ..\obj\delay.o
                0x08000324                Delay_us
 .text.Delay_Init
                0x08000350       0x28 ..\obj\delay.o
                0x08000350                Delay_Init
 .text.SysTick_Handler
                0x08000378       0x1c ..\obj\delay.o
                0x08000378                SysTick_Handler
 .text.Millis   0x08000394       0x24 ..\obj\delay.o
                0x08000394                Millis
 .text.Micros   0x080003b8       0x18 ..\obj\delay.o
                0x080003b8                Micros
 .text.USART_Init
                0x080003d0      0x174 ..\obj\stm32f4xx_usart.o
                0x080003d0                USART_Init
 .text.USART_Cmd
                0x08000544       0x40 ..\obj\stm32f4xx_usart.o
                0x08000544                USART_Cmd
 .text.USART_SendData
                0x08000584       0x24 ..\obj\stm32f4xx_usart.o
                0x08000584                USART_SendData
 .text.USART_ReceiveData
                0x080005a8       0x20 ..\obj\stm32f4xx_usart.o
                0x080005a8                USART_ReceiveData
 .text.USART_ITConfig
                0x080005c8       0x90 ..\obj\stm32f4xx_usart.o
                0x080005c8                USART_ITConfig
 .text.USART_GetFlagStatus
                0x08000658       0x38 ..\obj\stm32f4xx_usart.o
                0x08000658                USART_GetFlagStatus
 .text.USART_GetITStatus
                0x08000690       0xb0 ..\obj\stm32f4xx_usart.o
                0x08000690                USART_GetITStatus
 .text.Default_Reset_Handler
                0x08000740       0x70 ..\obj\startup_stm32f4xx.o
                0x08000740                Default_Reset_Handler
                0x08000740                Reset_Handler
 .text.Default_Handler
                0x080007b0        0x8 ..\obj\startup_stm32f4xx.o
                0x080007b0                RTC_Alarm_IRQHandler
                0x080007b0                HASH_RNG_IRQHandler
                0x080007b0                EXTI2_IRQHandler
                0x080007b0                TIM8_CC_IRQHandler
                0x080007b0                DebugMon_Handler
                0x080007b0                TIM1_CC_IRQHandler
                0x080007b0                DMA2_Stream5_IRQHandler
                0x080007b0                HardFault_Handler
                0x080007b0                DMA1_Stream5_IRQHandler
                0x080007b0                PVD_IRQHandler
                0x080007b0                SDIO_IRQHandler
                0x080007b0                TAMP_STAMP_IRQHandler
                0x080007b0                PendSV_Handler
                0x080007b0                NMI_Handler
                0x080007b0                CAN2_RX1_IRQHandler
                0x080007b0                EXTI3_IRQHandler
                0x080007b0                TIM8_TRG_COM_TIM14_IRQHandler
                0x080007b0                TIM1_UP_TIM10_IRQHandler
                0x080007b0                TIM8_UP_TIM13_IRQHandler
                0x080007b0                I2C3_ER_IRQHandler
                0x080007b0                EXTI0_IRQHandler
                0x080007b0                I2C2_EV_IRQHandler
                0x080007b0                DMA1_Stream2_IRQHandler
                0x080007b0                CAN1_RX0_IRQHandler
                0x080007b0                FPU_IRQHandler
                0x080007b0                OTG_HS_WKUP_IRQHandler
                0x080007b0                UsageFault_Handler
                0x080007b0                CAN2_SCE_IRQHandler
                0x080007b0                DMA2_Stream2_IRQHandler
                0x080007b0                SPI1_IRQHandler
                0x080007b0                TIM6_DAC_IRQHandler
                0x080007b0                TIM1_BRK_TIM9_IRQHandler
                0x080007b0                DCMI_IRQHandler
                0x080007b0                CAN2_RX0_IRQHandler
                0x080007b0                DMA2_Stream3_IRQHandler
                0x080007b0                CRYP_IRQHandler
                0x080007b0                CAN1_RX1_IRQHandler
                0x080007b0                DMA2_Stream0_IRQHandler
                0x080007b0                I2C1_EV_IRQHandler
                0x080007b0                DMA1_Stream6_IRQHandler
                0x080007b0                DMA1_Stream1_IRQHandler
                0x080007b0                TIM3_IRQHandler
                0x080007b0                RCC_IRQHandler
                0x080007b0                TIM8_BRK_TIM12_IRQHandler
                0x080007b0                EXTI15_10_IRQHandler
                0x080007b0                ADC_IRQHandler
                0x080007b0                DMA1_Stream7_IRQHandler
                0x080007b0                TIM7_IRQHandler
                0x080007b0                CAN2_TX_IRQHandler
                0x080007b0                TIM5_IRQHandler
                0x080007b0                DMA2_Stream7_IRQHandler
                0x080007b0                I2C3_EV_IRQHandler
                0x080007b0                RTC_WKUP_IRQHandler
                0x080007b0                ETH_WKUP_IRQHandler
                0x080007b0                SPI2_IRQHandler
                0x080007b0                OTG_HS_EP1_IN_IRQHandler
                0x080007b0                MemManage_Handler
                0x080007b0                DMA1_Stream0_IRQHandler
                0x080007b0                CAN1_TX_IRQHandler
                0x080007b0                SVC_Handler
                0x080007b0                FSMC_IRQHandler
                0x080007b0                ETH_IRQHandler
                0x080007b0                OTG_HS_EP1_OUT_IRQHandler
                0x080007b0                WWDG_IRQHandler
                0x080007b0                TIM2_IRQHandler
                0x080007b0                OTG_FS_WKUP_IRQHandler
                0x080007b0                TIM1_TRG_COM_TIM11_IRQHandler
                0x080007b0                OTG_HS_IRQHandler
                0x080007b0                I2C2_ER_IRQHandler
                0x080007b0                DMA2_Stream1_IRQHandler
                0x080007b0                CAN1_SCE_IRQHandler
                0x080007b0                FLASH_IRQHandler
                0x080007b0                DMA2_Stream4_IRQHandler
                0x080007b0                BusFault_Handler
                0x080007b0                OTG_FS_IRQHandler
                0x080007b0                SPI3_IRQHandler
                0x080007b0                DMA1_Stream4_IRQHandler
                0x080007b0                I2C1_ER_IRQHandler
                0x080007b0                DMA2_Stream6_IRQHandler
                0x080007b0                DMA1_Stream3_IRQHandler
 .text._ZN12ActuatorsMgrC2Ev
                0x080007b8      0x25c ..\obj\main.o
                0x080007b8                ActuatorsMgr::ActuatorsMgr()
                0x080007b8                ActuatorsMgr::ActuatorsMgr()
 .text._ZN12ActuatorsMgrD2Ev
                0x08000a14       0x8c ..\obj\main.o
                0x08000a14                ActuatorsMgr::~ActuatorsMgr()
                0x08000a14                ActuatorsMgr::~ActuatorsMgr()
 .text._ZN12ActuatorsMgr20refreshElevatorStateEv
                0x08000aa0      0x290 ..\obj\main.o
                0x08000aa0                ActuatorsMgr::refreshElevatorState()
 .text._ZN12ActuatorsMgr1eEt
                0x08000d30       0x20 ..\obj\main.o
                0x08000d30                ActuatorsMgr::e(unsigned short)
 .text._ZN12ActuatorsMgr8setAllIDEv
                0x08000d50      0x190 ..\obj\main.o
                0x08000d50                ActuatorsMgr::setAllID()
 .text._ZN12ActuatorsMgr17asservirAscenseurEb
                0x08000ee0       0x28 ..\obj\main.o
                0x08000ee0                ActuatorsMgr::asservirAscenseur(bool)
 .text._ZN12ActuatorsMgr12asservirAX12Eb
                0x08000f08       0x28 ..\obj\main.o
                0x08000f08                ActuatorsMgr::asservirAX12(bool)
 .text._ZN12ActuatorsMgr3omdEv
                0x08000f30       0x1c ..\obj\main.o
                0x08000f30                ActuatorsMgr::omd()
 .text._ZN12ActuatorsMgr3fmdEv
                0x08000f4c       0x1c ..\obj\main.o
                0x08000f4c                ActuatorsMgr::fmd()
 .text._ZN12ActuatorsMgr3omgEv
                0x08000f68       0x1c ..\obj\main.o
                0x08000f68                ActuatorsMgr::omg()
 .text._ZN12ActuatorsMgr3fmgEv
                0x08000f84       0x1c ..\obj\main.o
                0x08000f84                ActuatorsMgr::fmg()
 .text._ZN12ActuatorsMgr11setArmSpeedEt
                0x08000fa0       0x1c ..\obj\main.o
                0x08000fa0                ActuatorsMgr::setArmSpeed(unsigned short)
 .text._ZN12ActuatorsMgr3obdEv
                0x08000fbc       0x28 ..\obj\main.o
                0x08000fbc                ActuatorsMgr::obd()
 .text._ZN12ActuatorsMgr3fbdEv
                0x08000fe4       0x28 ..\obj\main.o
                0x08000fe4                ActuatorsMgr::fbd()
 .text._ZN12ActuatorsMgr3mbdEv
                0x0800100c       0x28 ..\obj\main.o
                0x0800100c                ActuatorsMgr::mbd()
 .text._ZN12ActuatorsMgr3obgEv
                0x08001034       0x28 ..\obj\main.o
                0x08001034                ActuatorsMgr::obg()
 .text._ZN12ActuatorsMgr3fbgEv
                0x0800105c       0x28 ..\obj\main.o
                0x0800105c                ActuatorsMgr::fbg()
 .text._ZN12ActuatorsMgr3mbgEv
                0x08001084       0x28 ..\obj\main.o
                0x08001084                ActuatorsMgr::mbg()
 .text._ZN12ActuatorsMgr4obdlEv
                0x080010ac       0x2c ..\obj\main.o
                0x080010ac                ActuatorsMgr::obdl()
 .text._ZN12ActuatorsMgr4fbdlEv
                0x080010d8       0x2c ..\obj\main.o
                0x080010d8                ActuatorsMgr::fbdl()
 .text._ZN12ActuatorsMgr4obglEv
                0x08001104       0x2c ..\obj\main.o
                0x08001104                ActuatorsMgr::obgl()
 .text._ZN12ActuatorsMgr4fbglEv
                0x08001130       0x2c ..\obj\main.o
                0x08001130                ActuatorsMgr::fbgl()
 .text._ZN12ActuatorsMgr3ogdEv
                0x0800115c       0x1c ..\obj\main.o
                0x0800115c                ActuatorsMgr::ogd()
 .text._ZN12ActuatorsMgr3fgdEv
                0x08001178       0x1c ..\obj\main.o
                0x08001178                ActuatorsMgr::fgd()
 .text._ZN12ActuatorsMgr3gdiEv
                0x08001194       0x1c ..\obj\main.o
                0x08001194                ActuatorsMgr::gdi()
 .text._ZN12ActuatorsMgr3oggEv
                0x080011b0       0x1c ..\obj\main.o
                0x080011b0                ActuatorsMgr::ogg()
 .text._ZN12ActuatorsMgr3fggEv
                0x080011cc       0x1c ..\obj\main.o
                0x080011cc                ActuatorsMgr::fgg()
 .text._ZN12ActuatorsMgr3ggiEv
                0x080011e8       0x1c ..\obj\main.o
                0x080011e8                ActuatorsMgr::ggi()
 .text._ZN12ActuatorsMgr3ptdEv
                0x08001204       0x1c ..\obj\main.o
                0x08001204                ActuatorsMgr::ptd()
 .text._ZN12ActuatorsMgr3rtdEv
                0x08001220       0x1c ..\obj\main.o
                0x08001220                ActuatorsMgr::rtd()
 .text._ZN12ActuatorsMgr3ptgEv
                0x0800123c       0x1c ..\obj\main.o
                0x0800123c                ActuatorsMgr::ptg()
 .text._ZN12ActuatorsMgr3rtgEv
                0x08001258       0x1c ..\obj\main.o
                0x08001258                ActuatorsMgr::rtg()
 .text._ZN12ActuatorsMgr3cdhEv
                0x08001274       0x1c ..\obj\main.o
                0x08001274                ActuatorsMgr::cdh()
 .text._ZN12ActuatorsMgr3cdmEv
                0x08001290       0x1c ..\obj\main.o
                0x08001290                ActuatorsMgr::cdm()
 .text._ZN12ActuatorsMgr3cdbEv
                0x080012ac       0x1c ..\obj\main.o
                0x080012ac                ActuatorsMgr::cdb()
 .text._ZN12ActuatorsMgr3cghEv
                0x080012c8       0x1c ..\obj\main.o
                0x080012c8                ActuatorsMgr::cgh()
 .text._ZN12ActuatorsMgr3cgmEv
                0x080012e4       0x1c ..\obj\main.o
                0x080012e4                ActuatorsMgr::cgm()
 .text._ZN12ActuatorsMgr3cgbEv
                0x08001300       0x1c ..\obj\main.o
                0x08001300                ActuatorsMgr::cgb()
 .text._ZN12ActuatorsMgr2ahEv
                0x0800131c       0x1c ..\obj\main.o
                0x0800131c                ActuatorsMgr::ah()
 .text._ZN12ActuatorsMgr2abEv
                0x08001338       0x1c ..\obj\main.o
                0x08001338                ActuatorsMgr::ab()
 .text._ZN12ActuatorsMgr2asEv
                0x08001354       0x1c ..\obj\main.o
                0x08001354                ActuatorsMgr::as()
 .text._ZN12ActuatorsMgr2aeEv
                0x08001370       0x1c ..\obj\main.o
                0x08001370                ActuatorsMgr::ae()
 .text._ZN12ActuatorsMgr3aseEv
                0x0800138c       0x1c ..\obj\main.o
                0x0800138c                ActuatorsMgr::ase()
 .text._ZN12ActuatorsMgr5broadEv
                0x080013a8       0x1c ..\obj\main.o
                0x080013a8                ActuatorsMgr::broad()
 .text._ZN12ActuatorsMgr11reanimationEv
                0x080013c4       0xe8 ..\obj\main.o
                0x080013c4                ActuatorsMgr::reanimation()
 .text._ZN12ActuatorsMgr9testSpeedEv
                0x080014ac      0x3bc ..\obj\main.o
                0x080014ac                ActuatorsMgr::testSpeed()
 .text._ZN12ActuatorsMgr16findTimeEllapsedEMS_FvvES1_
                0x08001868      0x1a4 ..\obj\main.o
                0x08001868                ActuatorsMgr::findTimeEllapsed(void (ActuatorsMgr::*)(), void (ActuatorsMgr::*)())
 *fill*         0x08001a0c        0x4 
 .text.main     0x08001a10     0x20a8 ..\obj\main.o
                0x08001a10                main
 .text.TIM4_IRQHandler
                0x08003ab8      0x144 ..\obj\main.o
                0x08003ab8                TIM4_IRQHandler
 .text.EXTI4_IRQHandler
                0x08003bfc       0x7c ..\obj\main.o
                0x08003bfc                EXTI4_IRQHandler
 .text.EXTI1_IRQHandler
                0x08003c78       0x7c ..\obj\main.o
                0x08003c78                EXTI1_IRQHandler
 .text.EXTI9_5_IRQHandler
                0x08003cf4       0xa0 ..\obj\main.o
                0x08003cf4                EXTI9_5_IRQHandler
 .text._ZN9SingletonI12ActuatorsMgrEC2Ev
                0x08003d94       0x18 ..\obj\main.o
                0x08003d94                Singleton<ActuatorsMgr>::Singleton()
                0x08003d94                Singleton<ActuatorsMgr>::Singleton()
 .text._ZN2AXI4UartILh2EEEC2Ehtt
                0x08003dac       0x30 ..\obj\main.o
                0x08003dac                AX<Uart<(unsigned char)2> >::AX(unsigned char, unsigned short, unsigned short)
                0x08003dac                AX<Uart<(unsigned char)2> >::AX(unsigned char, unsigned short, unsigned short)
 .text._ZN2AXI4UartILh2EEE4initEv
                0x08003ddc       0x5c ..\obj\main.o
                0x08003ddc                AX<Uart<(unsigned char)2> >::init()
 .text._ZN2AXI4UartILh2EEE4goToEt
                0x08003e38       0x34 ..\obj\main.o
                0x08003e38                AX<Uart<(unsigned char)2> >::goTo(unsigned short)
 .text._ZN4UartILh1EE8printflnEPKcz
                0x08003e6c       0x34 ..\obj\main.o
                0x08003e6c                Uart<(unsigned char)1>::printfln(char const*, ...)
 .text._ZN4UartILh1EE6printfEPKcz
                0x08003ea0       0x30 ..\obj\main.o
                0x08003ea0                Uart<(unsigned char)1>::printf(char const*, ...)
 .text._ZN4UartILh1EE4readIiEEhRT_t
                0x08003ed0       0x34 ..\obj\main.o
                0x08003ed0                unsigned char Uart<(unsigned char)1>::read<int>(int&, unsigned short)
 .text._ZN2AXI4UartILh2EEE7initIDBEh
                0x08003f04       0x20 ..\obj\main.o
                0x08003f04                AX<Uart<(unsigned char)2> >::initIDB(unsigned char)
 .text._ZN2AXI4UartILh2EEE7asservBEv
                0x08003f24       0x18 ..\obj\main.o
                0x08003f24                AX<Uart<(unsigned char)2> >::asservB()
 .text._ZN2AXI4UartILh2EEE9unasservBEv
                0x08003f3c       0x10 ..\obj\main.o
                0x08003f3c                AX<Uart<(unsigned char)2> >::unasservB()
 *fill*         0x08003f4c        0x4 
 .text._ZN2AXI4UartILh2EEE11changeSpeedEt
                0x08003f50       0x68 ..\obj\main.o
                0x08003f50                AX<Uart<(unsigned char)2> >::changeSpeed(unsigned short)
 .text._ZN2AXI4UartILh2EEE5goToBEt
                0x08003fb8       0x30 ..\obj\main.o
                0x08003fb8                AX<Uart<(unsigned char)2> >::goToB(unsigned short)
 .text._ZN2AXI4UartILh2EEE15reanimationModeEt
                0x08003fe8       0xbc ..\obj\main.o
                0x08003fe8                AX<Uart<(unsigned char)2> >::reanimationMode(unsigned short)
 .text._ZN4UartILh1EE4readEPct
                0x080040a4       0x8c ..\obj\main.o
                0x080040a4                Uart<(unsigned char)1>::read(char*, unsigned short)
 .text._ZN11ring_bufferImLt5EED2Ev
                0x08004130       0x18 ..\obj\main.o
                0x08004130                ring_buffer<unsigned long, (unsigned short)5>::~ring_buffer()
                0x08004130                ring_buffer<unsigned long, (unsigned short)5>::~ring_buffer()
 .text._ZN4UartILh1EE4initEm
                0x08004148       0xd8 ..\obj\main.o
                0x08004148                Uart<(unsigned char)1>::init(unsigned long)
 .text._ZN4UartILh2EE4initEm
                0x08004220       0xdc ..\obj\main.o
                0x08004220                Uart<(unsigned char)2>::init(unsigned long)
 .text._ZN9SingletonI19MotionControlSystemE8InstanceEv
                0x080042fc       0x54 ..\obj\main.o
                0x080042fc                Singleton<MotionControlSystem>::Instance()
 .text._ZN9SingletonI12ActuatorsMgrE8InstanceEv
                0x08004350       0x64 ..\obj\main.o
                0x08004350                Singleton<ActuatorsMgr>::Instance()
 .text._ZN10CapteurSRFD2Ev
                0x080043b4       0x1c ..\obj\main.o
                0x080043b4                CapteurSRF::~CapteurSRF()
                0x080043b4                CapteurSRF::~CapteurSRF()
 .text._ZN9SensorMgrD2Ev
                0x080043d0       0x38 ..\obj\main.o
                0x080043d0                SensorMgr::~SensorMgr()
                0x080043d0                SensorMgr::~SensorMgr()
 .text._ZN9SingletonI9SensorMgrE8InstanceEv
                0x08004408       0x64 ..\obj\main.o
                0x08004408                Singleton<SensorMgr>::Instance()
 .text._ZN4UartILh1EE5flushEv
                0x0800446c       0x18 ..\obj\main.o
                0x0800446c                Uart<(unsigned char)1>::flush()
 .text._ZN4UartILh1EE9availableEv
                0x08004484       0x38 ..\obj\main.o
                0x08004484                Uart<(unsigned char)1>::available()
 .text._ZN4UartILh1EE4readERft
                0x080044bc       0x40 ..\obj\main.o
                0x080044bc                Uart<(unsigned char)1>::read(float&, unsigned short)
 .text._ZN8side_defC2Ev
                0x080044fc       0x18 ..\obj\main.o
                0x080044fc                side_def::side_def()
                0x080044fc                side_def::side_def()
 .text._ZN9safe_enumI8side_defNS0_4typeEEC2ES1_
                0x08004514       0x24 ..\obj\main.o
                0x08004514                safe_enum<side_def, side_def::type>::safe_enum(side_def::type)
                0x08004514                safe_enum<side_def, side_def::type>::safe_enum(side_def::type)
 .text._ZN4UartILh1EE4readIhEEhRT_t
                0x08004538       0x38 ..\obj\main.o
                0x08004538                unsigned char Uart<(unsigned char)1>::read<unsigned char>(unsigned char&, unsigned short)
 .text._ZN4UartILh1EE4readImEEhRT_t
                0x08004570       0x38 ..\obj\main.o
                0x08004570                unsigned char Uart<(unsigned char)1>::read<unsigned long>(unsigned long&, unsigned short)
 .text._ZN4UartILh1EE4readItEEhRT_t
                0x080045a8       0x38 ..\obj\main.o
                0x080045a8                unsigned char Uart<(unsigned char)1>::read<unsigned short>(unsigned short&, unsigned short)
 .text._ZN4UartILh2EE10disable_rxEv
                0x080045e0       0x48 ..\obj\main.o
                0x080045e0                Uart<(unsigned char)2>::disable_rx()
 .text._ZN2AXI4UartILh2EEE9writeDataEhht
                0x08004628       0x90 ..\obj\main.o
                0x08004628                AX<Uart<(unsigned char)2> >::writeData(unsigned char, unsigned char, unsigned short)
 .text._ZN4UartILh1EE5writeEPc
                0x080046b8       0x38 ..\obj\main.o
                0x080046b8                Uart<(unsigned char)1>::write(char*)
 .text._ZN4UartILh1EE7send_lnEv
                0x080046f0       0x14 ..\obj\main.o
                0x080046f0                Uart<(unsigned char)1>::send_ln()
 .text._ZN2AXI4UartILh2EEE10writeDataBEhht
                0x08004704       0x94 ..\obj\main.o
                0x08004704                AX<Uart<(unsigned char)2> >::writeDataB(unsigned char, unsigned char, unsigned short)
 .text._ZN4UartILh2EE15change_baudrateEm
                0x08004798       0x28 ..\obj\main.o
                0x08004798                Uart<(unsigned char)2>::change_baudrate(unsigned long)
 .text._ZN2AXI4UartILh2EEE5resetEv
                0x080047c0       0x18 ..\obj\main.o
                0x080047c0                AX<Uart<(unsigned char)2> >::reset()
 .text._ZN2AXI4UartILh2EEE6initIDEh
                0x080047d8       0x20 ..\obj\main.o
                0x080047d8                AX<Uart<(unsigned char)2> >::initID(unsigned char)
 .text._ZN4UartILh1EE9read_charERht
                0x080047f8       0xa0 ..\obj\main.o
                0x080047f8                Uart<(unsigned char)1>::read_char(unsigned char&, unsigned short)
 .text._ZN4UartILh1EE11ring_bufferC2Ev
                0x08004898       0x18 ..\obj\main.o
                0x08004898                Uart<(unsigned char)1>::ring_buffer::ring_buffer()
                0x08004898                Uart<(unsigned char)1>::ring_buffer::ring_buffer()
 .text._ZN2AXI4UartILh2EEE10sendPacketEhhPh
                0x080048b0       0xa0 ..\obj\main.o
                0x080048b0                AX<Uart<(unsigned char)2> >::sendPacket(unsigned char, unsigned char, unsigned char*)
 .text._ZN4UartILh1EE9send_charEh
                0x08004950       0x60 ..\obj\main.o
                0x08004950                Uart<(unsigned char)1>::send_char(unsigned char)
 .text._ZN2AXI4UartILh2EEE11sendPacketBEhhPh
                0x080049b0       0x90 ..\obj\main.o
                0x080049b0                AX<Uart<(unsigned char)2> >::sendPacketB(unsigned char, unsigned char, unsigned char*)
 .text._ZN4UartILh2EE9enable_txEv
                0x08004a40       0x48 ..\obj\main.o
                0x08004a40                Uart<(unsigned char)2>::enable_tx()
 .text._ZN4UartILh2EE9send_charEh
                0x08004a88       0x60 ..\obj\main.o
                0x08004a88                Uart<(unsigned char)2>::send_char(unsigned char)
 .text._Z41__static_initialization_and_destruction_0ii
                0x08004ae8       0x40 ..\obj\main.o
 .text._GLOBAL__sub_I_main
                0x08004b28       0x10 ..\obj\main.o
 .text.RCC_GetClocksFreq
                0x08004b38      0x154 ..\obj\stm32f4xx_rcc.o
                0x08004b38                RCC_GetClocksFreq
 .text.RCC_AHB1PeriphClockCmd
                0x08004c8c       0x3c ..\obj\stm32f4xx_rcc.o
                0x08004c8c                RCC_AHB1PeriphClockCmd
 .text.RCC_APB1PeriphClockCmd
                0x08004cc8       0x3c ..\obj\stm32f4xx_rcc.o
                0x08004cc8                RCC_APB1PeriphClockCmd
 .text.RCC_APB2PeriphClockCmd
                0x08004d04       0x3c ..\obj\stm32f4xx_rcc.o
                0x08004d04                RCC_APB2PeriphClockCmd
 .text._ZN3PIDC2EPVlPVsS1_
                0x08004d40       0x74 ..\obj\MotionControlSystem.o
                0x08004d40                PID::PID(long volatile*, short volatile*, long volatile*)
                0x08004d40                PID::PID(long volatile*, short volatile*, long volatile*)
 .text._ZN3PID7computeEv
                0x08004db4       0xdc ..\obj\MotionControlSystem.o
                0x08004db4                PID::compute()
 .text._ZN3PID10setTuningsEfff
                0x08004e90       0xb8 ..\obj\MotionControlSystem.o
                0x08004e90                PID::setTunings(float, float, float)
 .text._ZN3PID15setOutputLimitsEss
                0x08004f48       0x88 ..\obj\MotionControlSystem.o
                0x08004f48                PID::setOutputLimits(short, short)
 .text._ZN3PID22setControllerDirectionE9safe_enumI17pid_direction_defNS1_4typeEE
                0x08004fd0       0x78 ..\obj\MotionControlSystem.o
                0x08004fd0                PID::setControllerDirection(safe_enum<pid_direction_def, pid_direction_def::type>)
 .text._ZN3PID11resetErrorsEv
                0x08005048       0x20 ..\obj\MotionControlSystem.o
                0x08005048                PID::resetErrors()
 .text._ZNK3PID5getKpEv
                0x08005068       0x20 ..\obj\MotionControlSystem.o
                0x08005068                PID::getKp() const
 .text._ZNK3PID5getKiEv
                0x08005088       0x20 ..\obj\MotionControlSystem.o
                0x08005088                PID::getKi() const
 .text._ZNK3PID5getKdEv
                0x080050a8       0x20 ..\obj\MotionControlSystem.o
                0x080050a8                PID::getKd() const
 .text._ZNK3PID8getErrorEv
                0x080050c8       0x18 ..\obj\MotionControlSystem.o
                0x080050c8                PID::getError() const
 .text._ZNK3PID18getDerivativeErrorEv
                0x080050e0       0x18 ..\obj\MotionControlSystem.o
                0x080050e0                PID::getDerivativeError() const
 .text._ZNK3PID16getIntegralErrolEv
                0x080050f8       0x18 ..\obj\MotionControlSystem.o
                0x080050f8                PID::getIntegralErrol() const
 .text._ZN19MotionControlSystemC2Ev
                0x08005110      0x10c ..\obj\MotionControlSystem.o
                0x08005110                MotionControlSystem::MotionControlSystem()
                0x08005110                MotionControlSystem::MotionControlSystem()
 .text._ZN19MotionControlSystem4initEss
                0x0800521c      0x194 ..\obj\MotionControlSystem.o
                0x0800521c                MotionControlSystem::init(short, short)
 .text._ZNK19MotionControlSystem17getPWMTranslationEv
                0x080053b0       0x20 ..\obj\MotionControlSystem.o
                0x080053b0                MotionControlSystem::getPWMTranslation() const
 .text._ZNK19MotionControlSystem14getPWMRotationEv
                0x080053d0       0x20 ..\obj\MotionControlSystem.o
                0x080053d0                MotionControlSystem::getPWMRotation() const
 .text._ZNK19MotionControlSystem18getTranslationGoalEv
                0x080053f0       0x18 ..\obj\MotionControlSystem.o
                0x080053f0                MotionControlSystem::getTranslationGoal() const
 .text._ZNK19MotionControlSystem15getRotationGoalEv
                0x08005408       0x18 ..\obj\MotionControlSystem.o
                0x08005408                MotionControlSystem::getRotationGoal() const
 .text._ZNK19MotionControlSystem14getLeftEncoderEv
                0x08005420       0x18 ..\obj\MotionControlSystem.o
                0x08005420                MotionControlSystem::getLeftEncoder() const
 .text._ZNK19MotionControlSystem15getRightEncoderEv
                0x08005438       0x18 ..\obj\MotionControlSystem.o
                0x08005438                MotionControlSystem::getRightEncoder() const
 .text._ZN19MotionControlSystem6enableEb
                0x08005450       0x34 ..\obj\MotionControlSystem.o
                0x08005450                MotionControlSystem::enable(bool)
 .text._ZN19MotionControlSystem24enableTranslationControlEb
                0x08005484       0x1c ..\obj\MotionControlSystem.o
                0x08005484                MotionControlSystem::enableTranslationControl(bool)
 .text._ZN19MotionControlSystem21enableRotationControlEb
                0x080054a0       0x1c ..\obj\MotionControlSystem.o
                0x080054a0                MotionControlSystem::enableRotationControl(bool)
 .text._ZN19MotionControlSystem7controlEv
                0x080054bc      0x318 ..\obj\MotionControlSystem.o
                0x080054bc                MotionControlSystem::control()
 .text._ZN19MotionControlSystem19isPhysicallyStoppedEi
                0x080057d4       0x7c ..\obj\MotionControlSystem.o
                0x080057d4                MotionControlSystem::isPhysicallyStopped(int)
 .text._ZN19MotionControlSystem10manageStopEv
                0x08005850      0x1b0 ..\obj\MotionControlSystem.o
                0x08005850                MotionControlSystem::manageStop()
 .text._ZN19MotionControlSystem14updatePositionEv
                0x08005a00      0x138 ..\obj\MotionControlSystem.o
                0x08005a00                MotionControlSystem::updatePosition()
 .text._ZN19MotionControlSystem12optimumAngleEll
                0x08005b38       0x48 ..\obj\MotionControlSystem.o
                0x08005b38                MotionControlSystem::optimumAngle(long, long)
 .text._ZN19MotionControlSystem12applyControlEv
                0x08005b80       0x74 ..\obj\MotionControlSystem.o
                0x08005b80                MotionControlSystem::applyControl()
 .text._ZN19MotionControlSystem5trackEv
                0x08005bf4      0x1a0 ..\obj\MotionControlSystem.o
                0x08005bf4                MotionControlSystem::track()
 .text._ZN19MotionControlSystem16printTrackingOXYEv
                0x08005d94       0x98 ..\obj\MotionControlSystem.o
                0x08005d94                MotionControlSystem::printTrackingOXY()
 .text._ZN19MotionControlSystem16printTrackingAllEv
                0x08005e2c      0x17c ..\obj\MotionControlSystem.o
                0x08005e2c                MotionControlSystem::printTrackingAll()
 .text._ZN19MotionControlSystem23printTrackingLocomotionEv
                0x08005fa8       0xf0 ..\obj\MotionControlSystem.o
                0x08005fa8                MotionControlSystem::printTrackingLocomotion()
 .text._ZN19MotionControlSystem16printTrackingPWMEv
                0x08006098       0x9c ..\obj\MotionControlSystem.o
                0x08006098                MotionControlSystem::printTrackingPWM()
 .text._ZN19MotionControlSystem18printTrackingSerieEv
                0x08006134       0x44 ..\obj\MotionControlSystem.o
                0x08006134                MotionControlSystem::printTrackingSerie()
 .text._ZN19MotionControlSystem19printTrackingAsservEv
                0x08006178       0x98 ..\obj\MotionControlSystem.o
                0x08006178                MotionControlSystem::printTrackingAsserv()
 .text._ZN19MotionControlSystem16orderTranslationEl
                0x08006210       0xa0 ..\obj\MotionControlSystem.o
                0x08006210                MotionControlSystem::orderTranslation(long)
 .text._ZN19MotionControlSystem13orderRotationEf
                0x080062b0       0xa0 ..\obj\MotionControlSystem.o
                0x080062b0                MotionControlSystem::orderRotation(float)
 .text._ZN19MotionControlSystem11orderRawPwmE9safe_enumI8side_defNS1_4typeEEs
                0x08006350       0x54 ..\obj\MotionControlSystem.o
                0x08006350                MotionControlSystem::orderRawPwm(safe_enum<side_def, side_def::type>, short)
 .text._ZN19MotionControlSystem4stopEv
                0x080063a4       0x78 ..\obj\MotionControlSystem.o
                0x080063a4                MotionControlSystem::stop()
 .text._ZNK19MotionControlSystem21getTranslationTuningsERfS0_S0_
                0x0800641c       0x50 ..\obj\MotionControlSystem.o
                0x0800641c                MotionControlSystem::getTranslationTunings(float&, float&, float&) const
 .text._ZNK19MotionControlSystem18getRotationTuningsERfS0_S0_
                0x0800646c       0x50 ..\obj\MotionControlSystem.o
                0x0800646c                MotionControlSystem::getRotationTunings(float&, float&, float&) const
 .text._ZN19MotionControlSystem21setTranslationTuningsEfff
                0x080064bc       0x30 ..\obj\MotionControlSystem.o
                0x080064bc                MotionControlSystem::setTranslationTunings(float, float, float)
 .text._ZN19MotionControlSystem18setRotationTuningsEfff
                0x080064ec       0x30 ..\obj\MotionControlSystem.o
                0x080064ec                MotionControlSystem::setRotationTunings(float, float, float)
 *fill*         0x0800651c        0x4 
 .text._ZNK19MotionControlSystem14getAngleRadianEv
                0x08006520       0x70 ..\obj\MotionControlSystem.o
                0x08006520                MotionControlSystem::getAngleRadian() const
 .text._ZN19MotionControlSystem16setOriginalAngleEf
                0x08006590       0x34 ..\obj\MotionControlSystem.o
                0x08006590                MotionControlSystem::setOriginalAngle(float)
 .text._ZNK19MotionControlSystem4getXEv
                0x080065c4       0x20 ..\obj\MotionControlSystem.o
                0x080065c4                MotionControlSystem::getX() const
 .text._ZNK19MotionControlSystem4getYEv
                0x080065e4       0x20 ..\obj\MotionControlSystem.o
                0x080065e4                MotionControlSystem::getY() const
 .text._ZN19MotionControlSystem4setXEf
                0x08006604       0x20 ..\obj\MotionControlSystem.o
                0x08006604                MotionControlSystem::setX(float)
 .text._ZN19MotionControlSystem4setYEf
                0x08006624       0x20 ..\obj\MotionControlSystem.o
                0x08006624                MotionControlSystem::setY(float)
 .text._ZN19MotionControlSystem13resetPositionEv
                0x08006644       0x38 ..\obj\MotionControlSystem.o
                0x08006644                MotionControlSystem::resetPosition()
 .text._ZNK19MotionControlSystem10getBalanceEv
                0x0800667c       0x20 ..\obj\MotionControlSystem.o
                0x0800667c                MotionControlSystem::getBalance() const
 .text._ZN19MotionControlSystem10setBalanceEf
                0x0800669c       0x20 ..\obj\MotionControlSystem.o
                0x0800669c                MotionControlSystem::setBalance(float)
 .text._ZN19MotionControlSystem20setMaxPWMtranslationEs
                0x080066bc       0x20 ..\obj\MotionControlSystem.o
                0x080066bc                MotionControlSystem::setMaxPWMtranslation(short)
 .text._ZN19MotionControlSystem17setMaxPWMrotationEs
                0x080066dc       0x20 ..\obj\MotionControlSystem.o
                0x080066dc                MotionControlSystem::setMaxPWMrotation(short)
 .text._ZNK19MotionControlSystem20getMaxPWMtranslationEv
                0x080066fc       0x20 ..\obj\MotionControlSystem.o
                0x080066fc                MotionControlSystem::getMaxPWMtranslation() const
 .text._ZNK19MotionControlSystem17getMaxPWMrotationEv
                0x0800671c       0x20 ..\obj\MotionControlSystem.o
                0x0800671c                MotionControlSystem::getMaxPWMrotation() const
 .text._ZN19MotionControlSystem14setDelayToStopEm
                0x0800673c       0x20 ..\obj\MotionControlSystem.o
                0x0800673c                MotionControlSystem::setDelayToStop(unsigned long)
 .text._ZN19MotionControlSystem26setSmartTranslationTuningsEv
                0x0800675c       0x68 ..\obj\MotionControlSystem.o
                0x0800675c                MotionControlSystem::setSmartTranslationTunings()
 .text._ZN19MotionControlSystem23setSmartRotationTuningsEv
                0x080067c4       0x6c ..\obj\MotionControlSystem.o
                0x080067c4                MotionControlSystem::setSmartRotationTunings()
 .text._ZNK19MotionControlSystem24getBestTuningsInDatabaseEsPA4_f
                0x08006830       0xd4 ..\obj\MotionControlSystem.o
                0x08006830                MotionControlSystem::getBestTuningsInDatabase(short, float (*) [4]) const
 .text._ZNK19MotionControlSystem8isMovingEv
                0x08006904       0x1c ..\obj\MotionControlSystem.o
                0x08006904                MotionControlSystem::isMoving() const
 .text._ZNK19MotionControlSystem14isMoveAbnormalEv
                0x08006920       0x1c ..\obj\MotionControlSystem.o
                0x08006920                MotionControlSystem::isMoveAbnormal() const
 .text._ZNK19MotionControlSystem18getMovingDirectionEv
                0x0800693c       0x1c ..\obj\MotionControlSystem.o
                0x0800693c                MotionControlSystem::getMovingDirection() const
 .text._ZN19MotionControlSystem7testPWMEPsj
                0x08006958      0x11c ..\obj\MotionControlSystem.o
                0x08006958                MotionControlSystem::testPWM(short*, unsigned int)
 .text._ZN19MotionControlSystem15testTranslationEi
                0x08006a74      0x124 ..\obj\MotionControlSystem.o
                0x08006a74                MotionControlSystem::testTranslation(int)
 .text._ZN19MotionControlSystem12testRotationEf
                0x08006b98      0x13c ..\obj\MotionControlSystem.o
                0x08006b98                MotionControlSystem::testRotation(float)
 .text._ZN19MotionControlSystem7testPIDEv
                0x08006cd4       0x6c ..\obj\MotionControlSystem.o
                0x08006cd4                MotionControlSystem::testPID()
 .text._ZN19MotionControlSystem17testVariableSpeedEv
                0x08006d40      0x104 ..\obj\MotionControlSystem.o
                0x08006d40                MotionControlSystem::testVariableSpeed()
 *fill*         0x08006e44        0x4 
 .text._ZN19MotionControlSystem9testSpeedEv
                0x08006e48      0x1a0 ..\obj\MotionControlSystem.o
                0x08006e48                MotionControlSystem::testSpeed()
 .text._ZN17pid_direction_defC2Ev
                0x08006fe8       0x18 ..\obj\MotionControlSystem.o
                0x08006fe8                pid_direction_def::pid_direction_def()
                0x08006fe8                pid_direction_def::pid_direction_def()
 .text._ZN9safe_enumI17pid_direction_defNS0_4typeEEC2ES1_
                0x08007000       0x24 ..\obj\MotionControlSystem.o
                0x08007000                safe_enum<pid_direction_def, pid_direction_def::type>::safe_enum(pid_direction_def::type)
                0x08007000                safe_enum<pid_direction_def, pid_direction_def::type>::safe_enum(pid_direction_def::type)
 .text._ZNK9safe_enumI17pid_direction_defNS0_4typeEEeqERKS2_
                0x08007024       0x28 ..\obj\MotionControlSystem.o
                0x08007024                safe_enum<pid_direction_def, pid_direction_def::type>::operator==(safe_enum<pid_direction_def, pid_direction_def::type> const&) const
 .text._ZN9SingletonI19MotionControlSystemEC2Ev
                0x0800704c       0x18 ..\obj\MotionControlSystem.o
                0x0800704c                Singleton<MotionControlSystem>::Singleton()
                0x0800704c                Singleton<MotionControlSystem>::Singleton()
 .text._ZNK9safe_enumI8side_defNS0_4typeEEeqERKS2_
                0x08007064       0x28 ..\obj\MotionControlSystem.o
                0x08007064                safe_enum<side_def, side_def::type>::operator==(safe_enum<side_def, side_def::type> const&) const
 .text._ZN4UartILh1EE5printIPKcEEvT_
                0x0800708c       0x1c ..\obj\MotionControlSystem.o
                0x0800708c                void Uart<(unsigned char)1>::print<char const*>(char const*)
 .text._ZN4UartILh1EE5writeEPKc
                0x080070a8       0x38 ..\obj\MotionControlSystem.o
                0x080070a8                Uart<(unsigned char)1>::write(char const*)
 .text._Z41__static_initialization_and_destruction_0ii
                0x080070e0       0x40 ..\obj\MotionControlSystem.o
 .text._GLOBAL__sub_I__ZN19MotionControlSystemC2Ev
                0x08007120       0x10 ..\obj\MotionControlSystem.o
 .text.GPIO_Init
                0x08007130      0x11c ..\obj\stm32f4xx_gpio.o
                0x08007130                GPIO_Init
 .text.GPIO_StructInit
                0x0800724c       0x34 ..\obj\stm32f4xx_gpio.o
                0x0800724c                GPIO_StructInit
 .text.GPIO_ReadInputDataBit
                0x08007280       0x34 ..\obj\stm32f4xx_gpio.o
                0x08007280                GPIO_ReadInputDataBit
 .text.GPIO_ReadOutputDataBit
                0x080072b4       0x34 ..\obj\stm32f4xx_gpio.o
                0x080072b4                GPIO_ReadOutputDataBit
 .text.GPIO_SetBits
                0x080072e8       0x1c ..\obj\stm32f4xx_gpio.o
                0x080072e8                GPIO_SetBits
 .text.GPIO_ResetBits
                0x08007304       0x1c ..\obj\stm32f4xx_gpio.o
                0x08007304                GPIO_ResetBits
 .text.GPIO_PinAFConfig
                0x08007320       0x8c ..\obj\stm32f4xx_gpio.o
                0x08007320                GPIO_PinAFConfig
 .text._ZN10CapteurSRFC2Ev
                0x080073ac       0x28 ..\obj\SensorMgr.o
                0x080073ac                CapteurSRF::CapteurSRF()
                0x080073ac                CapteurSRF::CapteurSRF()
 .text._ZN10CapteurSRF4initEP12GPIO_TypeDef16GPIO_InitTypeDef16EXTI_InitTypeDef
                0x080073d4       0x3c ..\obj\SensorMgr.o
                0x080073d4                CapteurSRF::init(GPIO_TypeDef*, GPIO_InitTypeDef, EXTI_InitTypeDef)
 .text._ZN10CapteurSRF5valueEv
                0x08007410       0x24 ..\obj\SensorMgr.o
                0x08007410                CapteurSRF::value()
 .text._ZN10CapteurSRF7refreshEv
                0x08007434       0x90 ..\obj\SensorMgr.o
                0x08007434                CapteurSRF::refresh()
 .text._ZN10CapteurSRF12interruptionEv
                0x080074c4       0xb0 ..\obj\SensorMgr.o
                0x080074c4                CapteurSRF::interruption()
 .text._ZN9SensorMgrC2Ev
                0x08007574      0x378 ..\obj\SensorMgr.o
                0x08007574                SensorMgr::SensorMgr()
                0x08007574                SensorMgr::SensorMgr()
 .text._ZN9SensorMgr7refreshE16MOVING_DIRECTIONb
                0x080078ec      0x10c ..\obj\SensorMgr.o
                0x080078ec                SensorMgr::refresh(MOVING_DIRECTION, bool)
 .text._ZN9SensorMgr21rightFrontUSInterruptEv
                0x080079f8       0x18 ..\obj\SensorMgr.o
                0x080079f8                SensorMgr::rightFrontUSInterrupt()
 .text._ZN9SensorMgr20leftFrontUSInterruptEv
                0x08007a10       0x18 ..\obj\SensorMgr.o
                0x08007a10                SensorMgr::leftFrontUSInterrupt()
 .text._ZN9SensorMgr20rightBackUSInterruptEv
                0x08007a28       0x18 ..\obj\SensorMgr.o
                0x08007a28                SensorMgr::rightBackUSInterrupt()
 .text._ZN9SensorMgr19leftBackUSInterruptEv
                0x08007a40       0x18 ..\obj\SensorMgr.o
                0x08007a40                SensorMgr::leftBackUSInterrupt()
 .text._ZN9SensorMgr18getRightFrontValueEv
                0x08007a58       0x1c ..\obj\SensorMgr.o
                0x08007a58                SensorMgr::getRightFrontValue()
 .text._ZN9SensorMgr17getLeftFrontValueEv
                0x08007a74       0x1c ..\obj\SensorMgr.o
                0x08007a74                SensorMgr::getLeftFrontValue()
 .text._ZN9SensorMgr17getRightBackValueEv
                0x08007a90       0x1c ..\obj\SensorMgr.o
                0x08007a90                SensorMgr::getRightBackValue()
 .text._ZN9SensorMgr16getLeftBackValueEv
                0x08007aac       0x1c ..\obj\SensorMgr.o
                0x08007aac                SensorMgr::getLeftBackValue()
 .text._ZNK9SensorMgr12isPlotInsideEv
                0x08007ac8       0x2c ..\obj\SensorMgr.o
                0x08007ac8                SensorMgr::isPlotInside() const
 .text._ZNK9SensorMgr18isRightGlassInsideEv
                0x08007af4       0x2c ..\obj\SensorMgr.o
                0x08007af4                SensorMgr::isRightGlassInside() const
 .text._ZNK9SensorMgr17isLeftGlassInsideEv
                0x08007b20       0x2c ..\obj\SensorMgr.o
                0x08007b20                SensorMgr::isLeftGlassInside() const
 .text._ZNK9SensorMgr11isJumperOutEv
                0x08007b4c       0x2c ..\obj\SensorMgr.o
                0x08007b4c                SensorMgr::isJumperOut() const
 .text._ZNK9SensorMgr15isButtonPressedEv
                0x08007b78       0x2c ..\obj\SensorMgr.o
                0x08007b78                SensorMgr::isButtonPressed() const
 .text._ZN11ring_bufferImLt5EEC2Ev
                0x08007ba4       0x1c ..\obj\SensorMgr.o
                0x08007ba4                ring_buffer<unsigned long, (unsigned short)5>::ring_buffer()
                0x08007ba4                ring_buffer<unsigned long, (unsigned short)5>::ring_buffer()
 .text._ZN11ring_bufferImLt5EE6appendEm
                0x08007bc0       0x3c ..\obj\SensorMgr.o
                0x08007bc0                ring_buffer<unsigned long, (unsigned short)5>::append(unsigned long)
 .text._Z7medianeImLt5EET_R11ring_bufferIS0_XT0_EE
                0x08007bfc       0x20 ..\obj\SensorMgr.o
                0x08007bfc                unsigned long mediane<unsigned long, (unsigned short)5>(ring_buffer<unsigned long, (unsigned short)5>&)
 .text._ZN9SingletonI9SensorMgrEC2Ev
                0x08007c1c       0x18 ..\obj\SensorMgr.o
                0x08007c1c                Singleton<SensorMgr>::Singleton()
                0x08007c1c                Singleton<SensorMgr>::Singleton()
 .text._Z11bubble_sortImLt5EEvR11ring_bufferIT_XT0_EE
                0x08007c34       0x80 ..\obj\SensorMgr.o
                0x08007c34                void bubble_sort<unsigned long, (unsigned short)5>(ring_buffer<unsigned long, (unsigned short)5>&)
 .text._ZN11ring_bufferImLt5EE4dataEv
                0x08007cb4       0x18 ..\obj\SensorMgr.o
                0x08007cb4                ring_buffer<unsigned long, (unsigned short)5>::data()
 .text.SystemInit
                0x08007ccc       0x68 ..\obj\system_stm32f4xx.o
                0x08007ccc                SystemInit
 .text.SetSysClock
                0x08007d34      0x128 ..\obj\system_stm32f4xx.o
 .text._sbrk    0x08007e5c       0x40 ..\obj\syscalls.o
                0x08007e5c                _sbrk
 .text._close   0x08007e9c       0x18 ..\obj\syscalls.o
                0x08007e9c                _close
 .text._fstat   0x08007eb4       0x20 ..\obj\syscalls.o
                0x08007eb4                _fstat
 .text._isatty  0x08007ed4       0x18 ..\obj\syscalls.o
                0x08007ed4                _isatty
 .text._lseek   0x08007eec       0x1c ..\obj\syscalls.o
                0x08007eec                _lseek
 .text._read    0x08007f08       0x1c ..\obj\syscalls.o
                0x08007f08                _read
 .text._write   0x08007f24       0x1c ..\obj\syscalls.o
                0x08007f24                _write
 .text.abort    0x08007f40        0x8 ..\obj\syscalls.o
                0x08007f40                abort
 .text.EXTI_Init
                0x08007f48       0xdc ..\obj\stm32f4xx_exti.o
                0x08007f48                EXTI_Init
 .text.EXTI_GetITStatus
                0x08008024       0x48 ..\obj\stm32f4xx_exti.o
                0x08008024                EXTI_GetITStatus
 .text.EXTI_ClearITPendingBit
                0x0800806c       0x1c ..\obj\stm32f4xx_exti.o
                0x0800806c                EXTI_ClearITPendingBit
 .text.NVIC_Init
                0x08008088       0xbc ..\obj\misc.o
                0x08008088                NVIC_Init
 .text.USART1_IRQHandler
                0x08008144       0x3c ..\obj\Uart_IT.o
                0x08008144                USART1_IRQHandler
 .text.USART2_IRQHandler
                0x08008180       0x3c ..\obj\Uart_IT.o
                0x08008180                USART2_IRQHandler
 .text.USART3_IRQHandler
                0x080081bc       0x3c ..\obj\Uart_IT.o
                0x080081bc                USART3_IRQHandler
 .text.UART4_IRQHandler
                0x080081f8       0x3c ..\obj\Uart_IT.o
                0x080081f8                UART4_IRQHandler
 .text.UART5_IRQHandler
                0x08008234       0x3c ..\obj\Uart_IT.o
                0x08008234                UART5_IRQHandler
 .text.USART6_IRQHandler
                0x08008270       0x3c ..\obj\Uart_IT.o
                0x08008270                USART6_IRQHandler
 .text._ZN4UartILh1EE10store_charEh
                0x080082ac       0x58 ..\obj\Uart_IT.o
                0x080082ac                Uart<(unsigned char)1>::store_char(unsigned char)
 .text._ZN4UartILh2EE10store_charEh
                0x08008304       0x58 ..\obj\Uart_IT.o
                0x08008304                Uart<(unsigned char)2>::store_char(unsigned char)
 .text._ZN4UartILh3EE10store_charEh
                0x0800835c       0x58 ..\obj\Uart_IT.o
                0x0800835c                Uart<(unsigned char)3>::store_char(unsigned char)
 .text._ZN4UartILh4EE10store_charEh
                0x080083b4       0x58 ..\obj\Uart_IT.o
                0x080083b4                Uart<(unsigned char)4>::store_char(unsigned char)
 .text._ZN4UartILh5EE10store_charEh
                0x0800840c       0x58 ..\obj\Uart_IT.o
                0x0800840c                Uart<(unsigned char)5>::store_char(unsigned char)
 .text._ZN4UartILh6EE10store_charEh
                0x08008464       0x58 ..\obj\Uart_IT.o
                0x08008464                Uart<(unsigned char)6>::store_char(unsigned char)
 .text._ZN4UartILh2EE11ring_bufferC2Ev
                0x080084bc       0x18 ..\obj\Uart_IT.o
                0x080084bc                Uart<(unsigned char)2>::ring_buffer::ring_buffer()
                0x080084bc                Uart<(unsigned char)2>::ring_buffer::ring_buffer()
 .text._ZN4UartILh3EE11ring_bufferC2Ev
                0x080084d4       0x18 ..\obj\Uart_IT.o
                0x080084d4                Uart<(unsigned char)3>::ring_buffer::ring_buffer()
                0x080084d4                Uart<(unsigned char)3>::ring_buffer::ring_buffer()
 .text._ZN4UartILh4EE11ring_bufferC2Ev
                0x080084ec       0x18 ..\obj\Uart_IT.o
                0x080084ec                Uart<(unsigned char)4>::ring_buffer::ring_buffer()
                0x080084ec                Uart<(unsigned char)4>::ring_buffer::ring_buffer()
 .text._ZN4UartILh5EE11ring_bufferC2Ev
                0x08008504       0x18 ..\obj\Uart_IT.o
                0x08008504                Uart<(unsigned char)5>::ring_buffer::ring_buffer()
                0x08008504                Uart<(unsigned char)5>::ring_buffer::ring_buffer()
 .text._ZN4UartILh6EE11ring_bufferC2Ev
                0x0800851c       0x18 ..\obj\Uart_IT.o
                0x0800851c                Uart<(unsigned char)6>::ring_buffer::ring_buffer()
                0x0800851c                Uart<(unsigned char)6>::ring_buffer::ring_buffer()
 .text._Z41__static_initialization_and_destruction_0ii
                0x08008534       0xe0 ..\obj\Uart_IT.o
 .text._GLOBAL__sub_I__ZN4UartILh1EE6USARTxE
                0x08008614       0x10 ..\obj\Uart_IT.o
 .text._ZN5MotorC2E9safe_enumI8side_defNS1_4typeEE
                0x08008624       0x9c ..\obj\Motor.o
                0x08008624                Motor::Motor(safe_enum<side_def, side_def::type>)
                0x08008624                Motor::Motor(safe_enum<side_def, side_def::type>)
 .text._ZN5Motor7initPWMEv
                0x080086c0      0x114 ..\obj\Motor.o
                0x080086c0                Motor::initPWM()
 .text._ZN5Motor3runEs
                0x080087d4       0xd4 ..\obj\Motor.o
                0x080087d4                Motor::run(short)
 .text._ZN5Motor12setDirectionE9safe_enumI13direction_defNS1_4typeEE
                0x080088a8       0xa4 ..\obj\Motor.o
                0x080088a8                Motor::setDirection(safe_enum<direction_def, direction_def::type>)
 .text._ZN13direction_defC2Ev
                0x0800894c       0x18 ..\obj\Motor.o
                0x0800894c                direction_def::direction_def()
                0x0800894c                direction_def::direction_def()
 .text._ZN9safe_enumI13direction_defNS0_4typeEEC2ES1_
                0x08008964       0x24 ..\obj\Motor.o
                0x08008964                safe_enum<direction_def, direction_def::type>::safe_enum(direction_def::type)
                0x08008964                safe_enum<direction_def, direction_def::type>::safe_enum(direction_def::type)
 .text._ZNK9safe_enumI13direction_defNS0_4typeEEeqERKS2_
                0x08008988       0x28 ..\obj\Motor.o
                0x08008988                safe_enum<direction_def, direction_def::type>::operator==(safe_enum<direction_def, direction_def::type> const&) const
 .text._ZN7CounterC2Ev
                0x080089b0      0x14c ..\obj\Counter.o
                0x080089b0                Counter::Counter()
                0x080089b0                Counter::Counter()
 .text._ZN7Counter12getLeftValueEv
                0x08008afc       0x1c ..\obj\Counter.o
                0x08008afc                Counter::getLeftValue()
 .text._ZN7Counter13getRightValueEv
                0x08008b18       0x1c ..\obj\Counter.o
                0x08008b18                Counter::getRightValue()
 .text.TIM_TimeBaseInit
                0x08008b34       0xd4 ..\obj\stm32f4xx_tim.o
                0x08008b34                TIM_TimeBaseInit
 .text.TIM_TimeBaseStructInit
                0x08008c08       0x34 ..\obj\stm32f4xx_tim.o
                0x08008c08                TIM_TimeBaseStructInit
 .text.TIM_SetCounter
                0x08008c3c       0x1c ..\obj\stm32f4xx_tim.o
                0x08008c3c                TIM_SetCounter
 .text.TIM_GetCounter
                0x08008c58       0x18 ..\obj\stm32f4xx_tim.o
                0x08008c58                TIM_GetCounter
 .text.TIM_ARRPreloadConfig
                0x08008c70       0x40 ..\obj\stm32f4xx_tim.o
                0x08008c70                TIM_ARRPreloadConfig
 .text.TIM_Cmd  0x08008cb0       0x40 ..\obj\stm32f4xx_tim.o
                0x08008cb0                TIM_Cmd
 .text.TIM_OC1Init
                0x08008cf0       0xf4 ..\obj\stm32f4xx_tim.o
                0x08008cf0                TIM_OC1Init
 .text.TIM_OC2Init
                0x08008de4      0x110 ..\obj\stm32f4xx_tim.o
                0x08008de4                TIM_OC2Init
 .text.TIM_OC1PreloadConfig
                0x08008ef4       0x38 ..\obj\stm32f4xx_tim.o
                0x08008ef4                TIM_OC1PreloadConfig
 .text.TIM_OC2PreloadConfig
                0x08008f2c       0x3c ..\obj\stm32f4xx_tim.o
                0x08008f2c                TIM_OC2PreloadConfig
 .text.TIM_ITConfig
                0x08008f68       0x48 ..\obj\stm32f4xx_tim.o
                0x08008f68                TIM_ITConfig
 .text.TIM_GetITStatus
                0x08008fb0       0x54 ..\obj\stm32f4xx_tim.o
                0x08008fb0                TIM_GetITStatus
 .text.TIM_ClearITPendingBit
                0x08009004       0x20 ..\obj\stm32f4xx_tim.o
                0x08009004                TIM_ClearITPendingBit
 .text.TIM_EncoderInterfaceConfig
                0x08009024       0x8c ..\obj\stm32f4xx_tim.o
                0x08009024                TIM_EncoderInterfaceConfig
 .text.cos      0x080090b0       0xa8 d:/program files (x86)/gnu tools arm embedded/4.8 2014q3/bin/../lib/gcc/arm-none-eabi/4.8.4/../../../../arm-none-eabi/lib/armv7e-m/fpu\libm.a(lib_a-s_cos.o)
                0x080090b0                cos
 .text.sin      0x08009158       0xb0 d:/program files (x86)/gnu tools arm embedded/4.8 2014q3/bin/../lib/gcc/arm-none-eabi/4.8.4/../../../../arm-none-eabi/lib/armv7e-m/fpu\libm.a(lib_a-s_sin.o)
                0x08009158                sin
 .text.__ieee754_rem_pio2
                0x08009208      0x450 d:/program files (x86)/gnu tools arm embedded/4.8 2014q3/bin/../lib/gcc/arm-none-eabi/4.8.4/../../../../arm-none-eabi/lib/armv7e-m/fpu\libm.a(lib_a-e_rem_pio2.o)
                0x08009208                __ieee754_rem_pio2
 .text.__kernel_cos
                0x08009658      0x280 d:/program files (x86)/gnu tools arm embedded/4.8 2014q3/bin/../lib/gcc/arm-none-eabi/4.8.4/../../../../arm-none-eabi/lib/armv7e-m/fpu\libm.a(lib_a-k_cos.o)
                0x08009658                __kernel_cos
 .text.__kernel_rem_pio2
                0x080098d8      0x798 d:/program files (x86)/gnu tools arm embedded/4.8 2014q3/bin/../lib/gcc/arm-none-eabi/4.8.4/../../../../arm-none-eabi/lib/armv7e-m/fpu\libm.a(lib_a-k_rem_pio2.o)
                0x080098d8                __kernel_rem_pio2
 .text.__kernel_sin
                0x0800a070      0x190 d:/program files (x86)/gnu tools arm embedded/4.8 2014q3/bin/../lib/gcc/arm-none-eabi/4.8.4/../../../../arm-none-eabi/lib/armv7e-m/fpu\libm.a(lib_a-k_sin.o)
                0x0800a070                __kernel_sin
 .text.fabs     0x0800a200       0x14 d:/program files (x86)/gnu tools arm embedded/4.8 2014q3/bin/../lib/gcc/arm-none-eabi/4.8.4/../../../../arm-none-eabi/lib/armv7e-m/fpu\libm.a(lib_a-s_fabs.o)
                0x0800a200                fabs
 *fill*         0x0800a214        0x4 
 .text.floor    0x0800a218      0x138 d:/program files (x86)/gnu tools arm embedded/4.8 2014q3/bin/../lib/gcc/arm-none-eabi/4.8.4/../../../../arm-none-eabi/lib/armv7e-m/fpu\libm.a(lib_a-s_floor.o)
                0x0800a218                floor
 .text.scalbn   0x0800a350      0x120 d:/program files (x86)/gnu tools arm embedded/4.8 2014q3/bin/../lib/gcc/arm-none-eabi/4.8.4/../../../../arm-none-eabi/lib/armv7e-m/fpu\libm.a(lib_a-s_scalbn.o)
                0x0800a350                scalbn
 .text.copysign
                0x0800a470       0x24 d:/program files (x86)/gnu tools arm embedded/4.8 2014q3/bin/../lib/gcc/arm-none-eabi/4.8.4/../../../../arm-none-eabi/lib/armv7e-m/fpu\libm.a(lib_a-s_copysign.o)
                0x0800a470                copysign
 .text          0x0800a494      0x370 d:/program files (x86)/gnu tools arm embedded/4.8 2014q3/bin/../lib/gcc/arm-none-eabi/4.8.4/armv7e-m/fpu\libgcc.a(_arm_addsubdf3.o)
                0x0800a494                __aeabi_drsub
                0x0800a49c                __aeabi_dsub
                0x0800a49c                __subdf3
                0x0800a4a0                __aeabi_dadd
                0x0800a4a0                __adddf3
                0x0800a718                __floatunsidf
                0x0800a718                __aeabi_ui2d
                0x0800a738                __floatsidf
                0x0800a738                __aeabi_i2d
                0x0800a75c                __aeabi_f2d
                0x0800a75c                __extendsfdf2
                0x0800a798                __floatundidf
                0x0800a798                __aeabi_ul2d
                0x0800a7a8                __floatdidf
                0x0800a7a8                __aeabi_l2d
 .text          0x0800a804      0x424 d:/program files (x86)/gnu tools arm embedded/4.8 2014q3/bin/../lib/gcc/arm-none-eabi/4.8.4/armv7e-m/fpu\libgcc.a(_arm_muldivdf3.o)
                0x0800a804                __aeabi_dmul
                0x0800a804                __muldf3
                0x0800aa58                __divdf3
                0x0800aa58                __aeabi_ddiv
 .text          0x0800ac28      0x110 d:/program files (x86)/gnu tools arm embedded/4.8 2014q3/bin/../lib/gcc/arm-none-eabi/4.8.4/armv7e-m/fpu\libgcc.a(_arm_cmpdf2.o)
                0x0800ac28                __gtdf2
                0x0800ac28                __gedf2
                0x0800ac30                __ltdf2
                0x0800ac30                __ledf2
                0x0800ac38                __nedf2
                0x0800ac38                __eqdf2
                0x0800ac38                __cmpdf2
                0x0800acb4                __aeabi_cdrcmple
                0x0800acc4                __aeabi_cdcmpeq
                0x0800acc4                __aeabi_cdcmple
                0x0800acd4                __aeabi_dcmpeq
                0x0800ace8                __aeabi_dcmplt
                0x0800acfc                __aeabi_dcmple
                0x0800ad10                __aeabi_dcmpge
                0x0800ad24                __aeabi_dcmpgt
 .text          0x0800ad38       0x50 d:/program files (x86)/gnu tools arm embedded/4.8 2014q3/bin/../lib/gcc/arm-none-eabi/4.8.4/armv7e-m/fpu\libgcc.a(_arm_fixdfsi.o)
                0x0800ad38                __aeabi_d2iz
                0x0800ad38                __fixdfsi
 .text          0x0800ad88       0x40 d:/program files (x86)/gnu tools arm embedded/4.8 2014q3/bin/../lib/gcc/arm-none-eabi/4.8.4/armv7e-m/fpu\libgcc.a(_arm_fixunsdfsi.o)
                0x0800ad88                __aeabi_d2uiz
                0x0800ad88                __fixunsdfsi
 .text          0x0800adc8       0xa0 d:/program files (x86)/gnu tools arm embedded/4.8 2014q3/bin/../lib/gcc/arm-none-eabi/4.8.4/armv7e-m/fpu\libgcc.a(_arm_truncdfsf2.o)
                0x0800adc8                __truncdfsf2
                0x0800adc8                __aeabi_d2f
 .text          0x0800ae68      0xa1c d:/program files (x86)/gnu tools arm embedded/4.8 2014q3/bin/../lib/gcc/arm-none-eabi/4.8.4/armv7e-m/fpu\libgcc.a(unwind-arm.o)
                0x0800b14c                _Unwind_GetCFA
                0x0800b150                __gnu_Unwind_RaiseException
                0x0800b1b0                __gnu_Unwind_ForcedUnwind
                0x0800b1c4                __gnu_Unwind_Resume
                0x0800b208                __gnu_Unwind_Resume_or_Rethrow
                0x0800b218                _Unwind_Complete
                0x0800b21c                _Unwind_DeleteException
                0x0800b22c                _Unwind_VRS_Get
                0x0800b27c                _Unwind_VRS_Set
                0x0800b2cc                __gnu_Unwind_Backtrace
                0x0800b620                __aeabi_unwind_cpp_pr0
                0x0800b628                __aeabi_unwind_cpp_pr1
                0x0800b630                __aeabi_unwind_cpp_pr2
                0x0800b638                _Unwind_VRS_Pop
 .text          0x0800b884      0x1ac d:/program files (x86)/gnu tools arm embedded/4.8 2014q3/bin/../lib/gcc/arm-none-eabi/4.8.4/armv7e-m/fpu\libgcc.a(libunwind.o)
                0x0800b884                __restore_core_regs
                0x0800b884                restore_core_regs
                0x0800b89c                __gnu_Unwind_Restore_VFP
                0x0800b8a4                __gnu_Unwind_Save_VFP
                0x0800b8ac                __gnu_Unwind_Restore_VFP_D
                0x0800b8b4                __gnu_Unwind_Save_VFP_D
                0x0800b8bc                __gnu_Unwind_Restore_VFP_D_16_to_31
                0x0800b8c4                __gnu_Unwind_Save_VFP_D_16_to_31
                0x0800b8cc                __gnu_Unwind_Restore_WMMXD
                0x0800b910                __gnu_Unwind_Save_WMMXD
                0x0800b954                __gnu_Unwind_Restore_WMMXC
                0x0800b968                __gnu_Unwind_Save_WMMXC
                0x0800b97c                ___Unwind_RaiseException
                0x0800b97c                _Unwind_RaiseException
                0x0800b9a0                _Unwind_Resume
                0x0800b9a0                ___Unwind_Resume
                0x0800b9c4                _Unwind_Resume_or_Rethrow
                0x0800b9c4                ___Unwind_Resume_or_Rethrow
                0x0800b9e8                _Unwind_ForcedUnwind
                0x0800b9e8                ___Unwind_ForcedUnwind
                0x0800ba0c                ___Unwind_Backtrace
                0x0800ba0c                _Unwind_Backtrace
 .text          0x0800ba30      0x33c d:/program files (x86)/gnu tools arm embedded/4.8 2014q3/bin/../lib/gcc/arm-none-eabi/4.8.4/armv7e-m/fpu\libgcc.a(pr-support.o)
                0x0800ba84                __gnu_unwind_execute
                0x0800bd10                __gnu_unwind_frame
                0x0800bd3c                _Unwind_GetRegionStart
                0x0800bd48                _Unwind_GetLanguageSpecificData
                0x0800bd5c                _Unwind_GetDataRelBase
                0x0800bd64                _Unwind_GetTextRelBase
 .text.__aeabi_atexit
                0x0800bd6c        0xc d:/program files (x86)/gnu tools arm embedded/4.8 2014q3/bin/../lib/gcc/arm-none-eabi/4.8.4/../../../../arm-none-eabi/lib/armv7e-m/fpu\libc.a(lib_a-aeabi_atexit.o)
                0x0800bd6c                __aeabi_atexit
 .text.atof     0x0800bd78        0x8 d:/program files (x86)/gnu tools arm embedded/4.8 2014q3/bin/../lib/gcc/arm-none-eabi/4.8.4/../../../../arm-none-eabi/lib/armv7e-m/fpu\libc.a(lib_a-atof.o)
                0x0800bd78                atof
 .text.atol     0x0800bd80        0x8 d:/program files (x86)/gnu tools arm embedded/4.8 2014q3/bin/../lib/gcc/arm-none-eabi/4.8.4/../../../../arm-none-eabi/lib/armv7e-m/fpu\libc.a(lib_a-atol.o)
                0x0800bd80                atol
 .text.__cxa_atexit
                0x0800bd88       0x14 d:/program files (x86)/gnu tools arm embedded/4.8 2014q3/bin/../lib/gcc/arm-none-eabi/4.8.4/../../../../arm-none-eabi/lib/armv7e-m/fpu\libc.a(lib_a-cxa_atexit.o)
                0x0800bd88                __cxa_atexit
 .text          0x0800bd9c      0x134 d:/program files (x86)/gnu tools arm embedded/4.8 2014q3/bin/../lib/gcc/arm-none-eabi/4.8.4/../../../../arm-none-eabi/lib/armv7e-m/fpu\libc.a(lib_a-memcpy.o)
                0x0800bd9c                memcpy
 .text.memset   0x0800bed0       0x94 d:/program files (x86)/gnu tools arm embedded/4.8 2014q3/bin/../lib/gcc/arm-none-eabi/4.8.4/../../../../arm-none-eabi/lib/armv7e-m/fpu\libc.a(lib_a-memset.o)
                0x0800bed0                memset
 .text          0x0800bf64      0x21c d:/program files (x86)/gnu tools arm embedded/4.8 2014q3/bin/../lib/gcc/arm-none-eabi/4.8.4/../../../../arm-none-eabi/lib/armv7e-m/fpu\libc.a(lib_a-strcmp.o)
                0x0800bf64                strcmp
 .text.strlen   0x0800c180       0x60 d:/program files (x86)/gnu tools arm embedded/4.8 2014q3/bin/../lib/gcc/arm-none-eabi/4.8.4/../../../../arm-none-eabi/lib/armv7e-m/fpu\libc.a(lib_a-strlen.o)
                0x0800c180                strlen
 .text.sulp     0x0800c1e0       0x3c d:/program files (x86)/gnu tools arm embedded/4.8 2014q3/bin/../lib/gcc/arm-none-eabi/4.8.4/../../../../arm-none-eabi/lib/armv7e-m/fpu\libc.a(lib_a-strtod.o)
 *fill*         0x0800c21c        0x4 
 .text._strtod_r
                0x0800c220      0xf70 d:/program files (x86)/gnu tools arm embedded/4.8 2014q3/bin/../lib/gcc/arm-none-eabi/4.8.4/../../../../arm-none-eabi/lib/armv7e-m/fpu\libc.a(lib_a-strtod.o)
                0x0800c220                _strtod_r
 .text.strtod   0x0800d190       0x10 d:/program files (x86)/gnu tools arm embedded/4.8 2014q3/bin/../lib/gcc/arm-none-eabi/4.8.4/../../../../arm-none-eabi/lib/armv7e-m/fpu\libc.a(lib_a-strtod.o)
                0x0800d190                strtod
 .text._strtol_r
                0x0800d1a0      0x114 d:/program files (x86)/gnu tools arm embedded/4.8 2014q3/bin/../lib/gcc/arm-none-eabi/4.8.4/../../../../arm-none-eabi/lib/armv7e-m/fpu\libc.a(lib_a-strtol.o)
                0x0800d1a0                _strtol_r
 .text.strtol   0x0800d2b4       0x18 d:/program files (x86)/gnu tools arm embedded/4.8 2014q3/bin/../lib/gcc/arm-none-eabi/4.8.4/../../../../arm-none-eabi/lib/armv7e-m/fpu\libc.a(lib_a-strtol.o)
                0x0800d2b4                strtol
 .text._vsnprintf_r
                0x0800d2cc       0x54 d:/program files (x86)/gnu tools arm embedded/4.8 2014q3/bin/../lib/gcc/arm-none-eabi/4.8.4/../../../../arm-none-eabi/lib/armv7e-m/fpu\libc.a(lib_a-vsnprintf.o)
                0x0800d2cc                _vsnprintf_r
 .text.vsnprintf
                0x0800d320       0x20 d:/program files (x86)/gnu tools arm embedded/4.8 2014q3/bin/../lib/gcc/arm-none-eabi/4.8.4/../../../../arm-none-eabi/lib/armv7e-m/fpu\libc.a(lib_a-vsnprintf.o)
                0x0800d320                vsnprintf
 .text.__register_exitproc
                0x0800d340       0xa8 d:/program files (x86)/gnu tools arm embedded/4.8 2014q3/bin/../lib/gcc/arm-none-eabi/4.8.4/../../../../arm-none-eabi/lib/armv7e-m/fpu\libc.a(lib_a-__atexit.o)
                0x0800d340                __register_exitproc
 .text.startup.register_fini
                0x0800d3e8       0x14 d:/program files (x86)/gnu tools arm embedded/4.8 2014q3/bin/../lib/gcc/arm-none-eabi/4.8.4/../../../../arm-none-eabi/lib/armv7e-m/fpu\libc.a(lib_a-__call_atexit.o)
 .text.atexit   0x0800d3fc        0xc d:/program files (x86)/gnu tools arm embedded/4.8 2014q3/bin/../lib/gcc/arm-none-eabi/4.8.4/../../../../arm-none-eabi/lib/armv7e-m/fpu\libc.a(lib_a-atexit.o)
                0x0800d3fc                atexit
 .text.__libc_fini_array
                0x0800d408       0x30 d:/program files (x86)/gnu tools arm embedded/4.8 2014q3/bin/../lib/gcc/arm-none-eabi/4.8.4/../../../../arm-none-eabi/lib/armv7e-m/fpu\libc.a(lib_a-fini.o)
                0x0800d408                __libc_fini_array
 .text.rshift   0x0800d438       0xa0 d:/program files (x86)/gnu tools arm embedded/4.8 2014q3/bin/../lib/gcc/arm-none-eabi/4.8.4/../../../../arm-none-eabi/lib/armv7e-m/fpu\libc.a(lib_a-gdtoa-gethex.o)
 .text.__gethex
                0x0800d4d8      0x530 d:/program files (x86)/gnu tools arm embedded/4.8 2014q3/bin/../lib/gcc/arm-none-eabi/4.8.4/../../../../arm-none-eabi/lib/armv7e-m/fpu\libc.a(lib_a-gdtoa-gethex.o)
                0x0800d4d8                __gethex
 .text.__hexnan
                0x0800da08      0x194 d:/program files (x86)/gnu tools arm embedded/4.8 2014q3/bin/../lib/gcc/arm-none-eabi/4.8.4/../../../../arm-none-eabi/lib/armv7e-m/fpu\libc.a(lib_a-gdtoa-hexnan.o)
                0x0800da08                __hexnan
 .text._localeconv_r
                0x0800db9c        0x8 d:/program files (x86)/gnu tools arm embedded/4.8 2014q3/bin/../lib/gcc/arm-none-eabi/4.8.4/../../../../arm-none-eabi/lib/armv7e-m/fpu\libc.a(lib_a-locale.o)
                0x0800db9c                _localeconv_r
 .text._Balloc  0x0800dba4       0x4c d:/program files (x86)/gnu tools arm embedded/4.8 2014q3/bin/../lib/gcc/arm-none-eabi/4.8.4/../../../../arm-none-eabi/lib/armv7e-m/fpu\libc.a(lib_a-mprec.o)
                0x0800dba4                _Balloc
 .text._Bfree   0x0800dbf0       0x14 d:/program files (x86)/gnu tools arm embedded/4.8 2014q3/bin/../lib/gcc/arm-none-eabi/4.8.4/../../../../arm-none-eabi/lib/armv7e-m/fpu\libc.a(lib_a-mprec.o)
                0x0800dbf0                _Bfree
 .text.__multadd
                0x0800dc04       0x98 d:/program files (x86)/gnu tools arm embedded/4.8 2014q3/bin/../lib/gcc/arm-none-eabi/4.8.4/../../../../arm-none-eabi/lib/armv7e-m/fpu\libc.a(lib_a-mprec.o)
                0x0800dc04                __multadd
 .text.__s2b    0x0800dc9c       0x98 d:/program files (x86)/gnu tools arm embedded/4.8 2014q3/bin/../lib/gcc/arm-none-eabi/4.8.4/../../../../arm-none-eabi/lib/armv7e-m/fpu\libc.a(lib_a-mprec.o)
                0x0800dc9c                __s2b
 .text.__hi0bits
                0x0800dd34       0x40 d:/program files (x86)/gnu tools arm embedded/4.8 2014q3/bin/../lib/gcc/arm-none-eabi/4.8.4/../../../../arm-none-eabi/lib/armv7e-m/fpu\libc.a(lib_a-mprec.o)
                0x0800dd34                __hi0bits
 .text.__lo0bits
                0x0800dd74       0x5c d:/program files (x86)/gnu tools arm embedded/4.8 2014q3/bin/../lib/gcc/arm-none-eabi/4.8.4/../../../../arm-none-eabi/lib/armv7e-m/fpu\libc.a(lib_a-mprec.o)
                0x0800dd74                __lo0bits
 .text.__i2b    0x0800ddd0       0x14 d:/program files (x86)/gnu tools arm embedded/4.8 2014q3/bin/../lib/gcc/arm-none-eabi/4.8.4/../../../../arm-none-eabi/lib/armv7e-m/fpu\libc.a(lib_a-mprec.o)
                0x0800ddd0                __i2b
 .text.__multiply
                0x0800dde4      0x13c d:/program files (x86)/gnu tools arm embedded/4.8 2014q3/bin/../lib/gcc/arm-none-eabi/4.8.4/../../../../arm-none-eabi/lib/armv7e-m/fpu\libc.a(lib_a-mprec.o)
                0x0800dde4                __multiply
 .text.__pow5mult
                0x0800df20       0x9c d:/program files (x86)/gnu tools arm embedded/4.8 2014q3/bin/../lib/gcc/arm-none-eabi/4.8.4/../../../../arm-none-eabi/lib/armv7e-m/fpu\libc.a(lib_a-mprec.o)
                0x0800df20                __pow5mult
 .text.__lshift
                0x0800dfbc       0xbc d:/program files (x86)/gnu tools arm embedded/4.8 2014q3/bin/../lib/gcc/arm-none-eabi/4.8.4/../../../../arm-none-eabi/lib/armv7e-m/fpu\libc.a(lib_a-mprec.o)
                0x0800dfbc                __lshift
 .text.__mcmp   0x0800e078       0x48 d:/program files (x86)/gnu tools arm embedded/4.8 2014q3/bin/../lib/gcc/arm-none-eabi/4.8.4/../../../../arm-none-eabi/lib/armv7e-m/fpu\libc.a(lib_a-mprec.o)
                0x0800e078                __mcmp
 .text.__mdiff  0x0800e0c0       0xd4 d:/program files (x86)/gnu tools arm embedded/4.8 2014q3/bin/../lib/gcc/arm-none-eabi/4.8.4/../../../../arm-none-eabi/lib/armv7e-m/fpu\libc.a(lib_a-mprec.o)
                0x0800e0c0                __mdiff
 .text.__ulp    0x0800e194       0x50 d:/program files (x86)/gnu tools arm embedded/4.8 2014q3/bin/../lib/gcc/arm-none-eabi/4.8.4/../../../../arm-none-eabi/lib/armv7e-m/fpu\libc.a(lib_a-mprec.o)
                0x0800e194                __ulp
 .text.__b2d    0x0800e1e4       0xb0 d:/program files (x86)/gnu tools arm embedded/4.8 2014q3/bin/../lib/gcc/arm-none-eabi/4.8.4/../../../../arm-none-eabi/lib/armv7e-m/fpu\libc.a(lib_a-mprec.o)
                0x0800e1e4                __b2d
 .text.__d2b    0x0800e294       0xb4 d:/program files (x86)/gnu tools arm embedded/4.8 2014q3/bin/../lib/gcc/arm-none-eabi/4.8.4/../../../../arm-none-eabi/lib/armv7e-m/fpu\libc.a(lib_a-mprec.o)
                0x0800e294                __d2b
 .text.__ratio  0x0800e348       0x54 d:/program files (x86)/gnu tools arm embedded/4.8 2014q3/bin/../lib/gcc/arm-none-eabi/4.8.4/../../../../arm-none-eabi/lib/armv7e-m/fpu\libc.a(lib_a-mprec.o)
                0x0800e348                __ratio
 .text.__copybits
                0x0800e39c       0x48 d:/program files (x86)/gnu tools arm embedded/4.8 2014q3/bin/../lib/gcc/arm-none-eabi/4.8.4/../../../../arm-none-eabi/lib/armv7e-m/fpu\libc.a(lib_a-mprec.o)
                0x0800e39c                __copybits
 .text.__any_on
                0x0800e3e4       0x60 d:/program files (x86)/gnu tools arm embedded/4.8 2014q3/bin/../lib/gcc/arm-none-eabi/4.8.4/../../../../arm-none-eabi/lib/armv7e-m/fpu\libc.a(lib_a-mprec.o)
                0x0800e3e4                __any_on
 .text.__fpclassifyd
                0x0800e444       0x54 d:/program files (x86)/gnu tools arm embedded/4.8 2014q3/bin/../lib/gcc/arm-none-eabi/4.8.4/../../../../arm-none-eabi/lib/armv7e-m/fpu\libc.a(lib_a-s_fpclassify.o)
                0x0800e444                __fpclassifyd
 .text.strncmp  0x0800e498       0xb4 d:/program files (x86)/gnu tools arm embedded/4.8 2014q3/bin/../lib/gcc/arm-none-eabi/4.8.4/../../../../arm-none-eabi/lib/armv7e-m/fpu\libc.a(lib_a-strncmp.o)
                0x0800e498                strncmp
 *fill*         0x0800e54c        0x4 
 .text._svfprintf_r
                0x0800e550     0x14f0 d:/program files (x86)/gnu tools arm embedded/4.8 2014q3/bin/../lib/gcc/arm-none-eabi/4.8.4/../../../../arm-none-eabi/lib/armv7e-m/fpu\libc.a(lib_a-svfprintf.o)
                0x0800e550                _svfprintf_r
 .text._calloc_r
                0x0800fa40       0x60 d:/program files (x86)/gnu tools arm embedded/4.8 2014q3/bin/../lib/gcc/arm-none-eabi/4.8.4/../../../../arm-none-eabi/lib/armv7e-m/fpu\libc.a(lib_a-callocr.o)
                0x0800fa40                _calloc_r
 .text.quorem   0x0800faa0      0x130 d:/program files (x86)/gnu tools arm embedded/4.8 2014q3/bin/../lib/gcc/arm-none-eabi/4.8.4/../../../../arm-none-eabi/lib/armv7e-m/fpu\libc.a(lib_a-dtoa.o)
 .text._dtoa_r  0x0800fbd0      0xe58 d:/program files (x86)/gnu tools arm embedded/4.8 2014q3/bin/../lib/gcc/arm-none-eabi/4.8.4/../../../../arm-none-eabi/lib/armv7e-m/fpu\libc.a(lib_a-dtoa.o)
                0x0800fbd0                _dtoa_r
 .text._malloc_r
                0x08010a28      0x538 d:/program files (x86)/gnu tools arm embedded/4.8 2014q3/bin/../lib/gcc/arm-none-eabi/4.8.4/../../../../arm-none-eabi/lib/armv7e-m/fpu\libc.a(lib_a-mallocr.o)
                0x08010a28                _malloc_r
 .text.memchr   0x08010f60       0x90 d:/program files (x86)/gnu tools arm embedded/4.8 2014q3/bin/../lib/gcc/arm-none-eabi/4.8.4/../../../../arm-none-eabi/lib/armv7e-m/fpu\libc.a(lib_a-memchr-stub.o)
                0x08010f60                memchr
 .text.__malloc_lock
                0x08010ff0        0x4 d:/program files (x86)/gnu tools arm embedded/4.8 2014q3/bin/../lib/gcc/arm-none-eabi/4.8.4/../../../../arm-none-eabi/lib/armv7e-m/fpu\libc.a(lib_a-mlock.o)
                0x08010ff0                __malloc_lock
 .text.__malloc_unlock
                0x08010ff4        0x4 d:/program files (x86)/gnu tools arm embedded/4.8 2014q3/bin/../lib/gcc/arm-none-eabi/4.8.4/../../../../arm-none-eabi/lib/armv7e-m/fpu\libc.a(lib_a-mlock.o)
                0x08010ff4                __malloc_unlock
 .text._sbrk_r  0x08010ff8       0x24 d:/program files (x86)/gnu tools arm embedded/4.8 2014q3/bin/../lib/gcc/arm-none-eabi/4.8.4/../../../../arm-none-eabi/lib/armv7e-m/fpu\libc.a(lib_a-sbrkr.o)
                0x08010ff8                _sbrk_r
 .text.__ssprint_r
                0x0801101c      0x100 d:/program files (x86)/gnu tools arm embedded/4.8 2014q3/bin/../lib/gcc/arm-none-eabi/4.8.4/../../../../arm-none-eabi/lib/armv7e-m/fpu\libc.a(lib_a-svfiprintf.o)
                0x0801101c                __ssprint_r
 .text._malloc_trim_r
                0x0801111c       0x9c d:/program files (x86)/gnu tools arm embedded/4.8 2014q3/bin/../lib/gcc/arm-none-eabi/4.8.4/../../../../arm-none-eabi/lib/armv7e-m/fpu\libc.a(lib_a-freer.o)
                0x0801111c                _malloc_trim_r
 .text._free_r  0x080111b8      0x19c d:/program files (x86)/gnu tools arm embedded/4.8 2014q3/bin/../lib/gcc/arm-none-eabi/4.8.4/../../../../arm-none-eabi/lib/armv7e-m/fpu\libc.a(lib_a-freer.o)
                0x080111b8                _free_r
 .text.memmove  0x08011354       0xc0 d:/program files (x86)/gnu tools arm embedded/4.8 2014q3/bin/../lib/gcc/arm-none-eabi/4.8.4/../../../../arm-none-eabi/lib/armv7e-m/fpu\libc.a(lib_a-memmove.o)
                0x08011354                memmove
 .text._realloc_r
                0x08011414      0x3cc d:/program files (x86)/gnu tools arm embedded/4.8 2014q3/bin/../lib/gcc/arm-none-eabi/4.8.4/../../../../arm-none-eabi/lib/armv7e-m/fpu\libc.a(lib_a-reallocr.o)
                0x08011414                _realloc_r
 .text.__cxa_end_cleanup
                0x080117e0        0xc d:/program files (x86)/gnu tools arm embedded/4.8 2014q3/bin/../lib/gcc/arm-none-eabi/4.8.4/../../../../arm-none-eabi/lib/armv7e-m/fpu\libstdc++.a(eh_arm.o)
                0x080117e0                __cxa_end_cleanup
 .text.__cxa_type_match
                0x080117ec       0xac d:/program files (x86)/gnu tools arm embedded/4.8 2014q3/bin/../lib/gcc/arm-none-eabi/4.8.4/../../../../arm-none-eabi/lib/armv7e-m/fpu\libstdc++.a(eh_arm.o)
                0x080117ec                __cxa_type_match
 .text.__cxa_begin_cleanup
                0x08011898       0x64 d:/program files (x86)/gnu tools arm embedded/4.8 2014q3/bin/../lib/gcc/arm-none-eabi/4.8.4/../../../../arm-none-eabi/lib/armv7e-m/fpu\libstdc++.a(eh_arm.o)
                0x08011898                __cxa_begin_cleanup
 .text.__gnu_end_cleanup
                0x080118fc       0x70 d:/program files (x86)/gnu tools arm embedded/4.8 2014q3/bin/../lib/gcc/arm-none-eabi/4.8.4/../../../../arm-none-eabi/lib/armv7e-m/fpu\libstdc++.a(eh_arm.o)
                0x080118fc                __gnu_end_cleanup
 .text._ZN10__cxxabiv111__terminateEPFvvE
                0x0801196c       0x28 d:/program files (x86)/gnu tools arm embedded/4.8 2014q3/bin/../lib/gcc/arm-none-eabi/4.8.4/../../../../arm-none-eabi/lib/armv7e-m/fpu\libstdc++.a(eh_terminate.o)
                0x0801196c                __cxxabiv1::__terminate(void (*)())
 .text._ZSt9terminatev
                0x08011994       0x10 d:/program files (x86)/gnu tools arm embedded/4.8 2014q3/bin/../lib/gcc/arm-none-eabi/4.8.4/../../../../arm-none-eabi/lib/armv7e-m/fpu\libstdc++.a(eh_terminate.o)
                0x08011994                std::terminate()
 .text._ZN10__cxxabiv112__unexpectedEPFvvE
                0x080119a4        0x8 d:/program files (x86)/gnu tools arm embedded/4.8 2014q3/bin/../lib/gcc/arm-none-eabi/4.8.4/../../../../arm-none-eabi/lib/armv7e-m/fpu\libstdc++.a(eh_terminate.o)
                0x080119a4                __cxxabiv1::__unexpected(void (*)())
 .text._ZSt10unexpectedv
                0x080119ac       0x10 d:/program files (x86)/gnu tools arm embedded/4.8 2014q3/bin/../lib/gcc/arm-none-eabi/4.8.4/../../../../arm-none-eabi/lib/armv7e-m/fpu\libstdc++.a(eh_terminate.o)
                0x080119ac                std::unexpected()
 .text.__cxa_begin_catch
                0x080119bc       0x8c d:/program files (x86)/gnu tools arm embedded/4.8 2014q3/bin/../lib/gcc/arm-none-eabi/4.8.4/../../../../arm-none-eabi/lib/armv7e-m/fpu\libstdc++.a(eh_catch.o)
                0x080119bc                __cxa_begin_catch
 .text.__cxa_end_catch
                0x08011a48       0x8c d:/program files (x86)/gnu tools arm embedded/4.8 2014q3/bin/../lib/gcc/arm-none-eabi/4.8.4/../../../../arm-none-eabi/lib/armv7e-m/fpu\libstdc++.a(eh_catch.o)
                0x08011a48                __cxa_end_catch
 .text._Znwj    0x08011ad4       0x58 d:/program files (x86)/gnu tools arm embedded/4.8 2014q3/bin/../lib/gcc/arm-none-eabi/4.8.4/../../../../arm-none-eabi/lib/armv7e-m/fpu\libstdc++.a(new_op.o)
                0x08011ad4                operator new(unsigned int)
 .text._ZdlPv   0x08011b2c        0x8 d:/program files (x86)/gnu tools arm embedded/4.8 2014q3/bin/../lib/gcc/arm-none-eabi/4.8.4/../../../../arm-none-eabi/lib/armv7e-m/fpu\libstdc++.a(del_op.o)
                0x08011b2c                operator delete(void*)
 .text._ZL23__gxx_exception_cleanup19_Unwind_Reason_CodeP21_Unwind_Control_Block
                0x08011b34       0x44 d:/program files (x86)/gnu tools arm embedded/4.8 2014q3/bin/../lib/gcc/arm-none-eabi/4.8.4/../../../../arm-none-eabi/lib/armv7e-m/fpu\libstdc++.a(eh_throw.o)
 .text.__cxa_throw
                0x08011b78       0x90 d:/program files (x86)/gnu tools arm embedded/4.8 2014q3/bin/../lib/gcc/arm-none-eabi/4.8.4/../../../../arm-none-eabi/lib/armv7e-m/fpu\libstdc++.a(eh_throw.o)
                0x08011b78                __cxa_throw
 .text.__cxa_rethrow
                0x08011c08       0x70 d:/program files (x86)/gnu tools arm embedded/4.8 2014q3/bin/../lib/gcc/arm-none-eabi/4.8.4/../../../../arm-none-eabi/lib/armv7e-m/fpu\libstdc++.a(eh_throw.o)
                0x08011c08                __cxa_rethrow
 .text.__cxa_allocate_exception
                0x08011c78       0x58 d:/program files (x86)/gnu tools arm embedded/4.8 2014q3/bin/../lib/gcc/arm-none-eabi/4.8.4/../../../../arm-none-eabi/lib/armv7e-m/fpu\libstdc++.a(eh_alloc.o)
                0x08011c78                __cxa_allocate_exception
 .text.__cxa_free_exception
                0x08011cd0       0x34 d:/program files (x86)/gnu tools arm embedded/4.8 2014q3/bin/../lib/gcc/arm-none-eabi/4.8.4/../../../../arm-none-eabi/lib/armv7e-m/fpu\libstdc++.a(eh_alloc.o)
                0x08011cd0                __cxa_free_exception
 .text.__cxa_guard_acquire
                0x08011d04       0x38 d:/program files (x86)/gnu tools arm embedded/4.8 2014q3/bin/../lib/gcc/arm-none-eabi/4.8.4/../../../../arm-none-eabi/lib/armv7e-m/fpu\libstdc++.a(guard.o)
                0x08011d04                __cxa_guard_acquire
 .text.__cxa_guard_abort
                0x08011d3c        0x8 d:/program files (x86)/gnu tools arm embedded/4.8 2014q3/bin/../lib/gcc/arm-none-eabi/4.8.4/../../../../arm-none-eabi/lib/armv7e-m/fpu\libstdc++.a(guard.o)
                0x08011d3c                __cxa_guard_abort
 .text.__cxa_guard_release
                0x08011d44        0x8 d:/program files (x86)/gnu tools arm embedded/4.8 2014q3/bin/../lib/gcc/arm-none-eabi/4.8.4/../../../../arm-none-eabi/lib/armv7e-m/fpu\libstdc++.a(guard.o)
                0x08011d44                __cxa_guard_release
 .text._ZL12read_sleb128PKhPl
                0x08011d4c       0x34 d:/program files (x86)/gnu tools arm embedded/4.8 2014q3/bin/../lib/gcc/arm-none-eabi/4.8.4/../../../../arm-none-eabi/lib/armv7e-m/fpu\libstdc++.a(eh_personality.o)
 .text._ZL28read_encoded_value_with_basehjPKhPj
                0x08011d80       0xb0 d:/program files (x86)/gnu tools arm embedded/4.8 2014q3/bin/../lib/gcc/arm-none-eabi/4.8.4/../../../../arm-none-eabi/lib/armv7e-m/fpu\libstdc++.a(eh_personality.o)
 .text._ZL21base_of_encoded_valuehP15_Unwind_Context
                0x08011e30       0x4c d:/program files (x86)/gnu tools arm embedded/4.8 2014q3/bin/../lib/gcc/arm-none-eabi/4.8.4/../../../../arm-none-eabi/lib/armv7e-m/fpu\libstdc++.a(eh_personality.o)
 .text._ZL17parse_lsda_headerP15_Unwind_ContextPKhP16lsda_header_info
                0x08011e7c       0x98 d:/program files (x86)/gnu tools arm embedded/4.8 2014q3/bin/../lib/gcc/arm-none-eabi/4.8.4/../../../../arm-none-eabi/lib/armv7e-m/fpu\libstdc++.a(eh_personality.o)
 .text.__gxx_personality_v0
                0x08011f14      0x408 d:/program files (x86)/gnu tools arm embedded/4.8 2014q3/bin/../lib/gcc/arm-none-eabi/4.8.4/../../../../arm-none-eabi/lib/armv7e-m/fpu\libstdc++.a(eh_personality.o)
                0x08011f14                __gxx_personality_v0
 .text.__cxa_get_globals_fast
                0x0801231c        0x8 d:/program files (x86)/gnu tools arm embedded/4.8 2014q3/bin/../lib/gcc/arm-none-eabi/4.8.4/../../../../arm-none-eabi/lib/armv7e-m/fpu\libstdc++.a(eh_globals.o)
                0x0801231c                __cxa_get_globals_fast
 .text.__cxa_get_globals
                0x08012324        0x8 d:/program files (x86)/gnu tools arm embedded/4.8 2014q3/bin/../lib/gcc/arm-none-eabi/4.8.4/../../../../arm-none-eabi/lib/armv7e-m/fpu\libstdc++.a(eh_globals.o)
                0x08012324                __cxa_get_globals
 .text._ZN9__gnu_cxx27__verbose_terminate_handlerEv
                0x0801232c      0x114 d:/program files (x86)/gnu tools arm embedded/4.8 2014q3/bin/../lib/gcc/arm-none-eabi/4.8.4/../../../../arm-none-eabi/lib/armv7e-m/fpu\libstdc++.a(vterminate.o)
                0x0801232c                __gnu_cxx::__verbose_terminate_handler()
 .text.__cxa_current_exception_type
                0x08012440       0x1c d:/program files (x86)/gnu tools arm embedded/4.8 2014q3/bin/../lib/gcc/arm-none-eabi/4.8.4/../../../../arm-none-eabi/lib/armv7e-m/fpu\libstdc++.a(eh_type.o)
                0x08012440                __cxa_current_exception_type
 .text._ZNSt9exceptionD2Ev
                0x0801245c        0xc d:/program files (x86)/gnu tools arm embedded/4.8 2014q3/bin/../lib/gcc/arm-none-eabi/4.8.4/../../../../arm-none-eabi/lib/armv7e-m/fpu\libstdc++.a(eh_exception.o)
                0x0801245c                std::exception::~exception()
                0x0801245c                std::exception::~exception()
 .text._ZNSt13bad_exceptionD2Ev
                0x08012468        0xc d:/program files (x86)/gnu tools arm embedded/4.8 2014q3/bin/../lib/gcc/arm-none-eabi/4.8.4/../../../../arm-none-eabi/lib/armv7e-m/fpu\libstdc++.a(eh_exception.o)
                0x08012468                std::bad_exception::~bad_exception()
                0x08012468                std::bad_exception::~bad_exception()
 .text._ZNKSt9exception4whatEv
                0x08012474        0x8 d:/program files (x86)/gnu tools arm embedded/4.8 2014q3/bin/../lib/gcc/arm-none-eabi/4.8.4/../../../../arm-none-eabi/lib/armv7e-m/fpu\libstdc++.a(eh_exception.o)
                0x08012474                std::exception::what() const
 .text._ZNKSt13bad_exception4whatEv
                0x0801247c        0x8 d:/program files (x86)/gnu tools arm embedded/4.8 2014q3/bin/../lib/gcc/arm-none-eabi/4.8.4/../../../../arm-none-eabi/lib/armv7e-m/fpu\libstdc++.a(eh_exception.o)
                0x0801247c                std::bad_exception::what() const
 .text._ZNSt9exceptionD0Ev
                0x08012484       0x14 d:/program files (x86)/gnu tools arm embedded/4.8 2014q3/bin/../lib/gcc/arm-none-eabi/4.8.4/../../../../arm-none-eabi/lib/armv7e-m/fpu\libstdc++.a(eh_exception.o)
                0x08012484                std::exception::~exception()
 .text._ZNSt13bad_exceptionD0Ev
                0x08012498       0x14 d:/program files (x86)/gnu tools arm embedded/4.8 2014q3/bin/../lib/gcc/arm-none-eabi/4.8.4/../../../../arm-none-eabi/lib/armv7e-m/fpu\libstdc++.a(eh_exception.o)
                0x08012498                std::bad_exception::~bad_exception()
 .text._ZN10__cxxabiv1L24__is_gxx_exception_classEPc
                0x080124ac       0x3c d:/program files (x86)/gnu tools arm embedded/4.8 2014q3/bin/../lib/gcc/arm-none-eabi/4.8.4/../../../../arm-none-eabi/lib/armv7e-m/fpu\libstdc++.a(eh_call.o)
 .text.__cxa_call_terminate
                0x080124e8       0x20 d:/program files (x86)/gnu tools arm embedded/4.8 2014q3/bin/../lib/gcc/arm-none-eabi/4.8.4/../../../../arm-none-eabi/lib/armv7e-m/fpu\libstdc++.a(eh_call.o)
                0x080124e8                __cxa_call_terminate
 .text.__cxa_call_unexpected
                0x08012508       0xd8 d:/program files (x86)/gnu tools arm embedded/4.8 2014q3/bin/../lib/gcc/arm-none-eabi/4.8.4/../../../../arm-none-eabi/lib/armv7e-m/fpu\libstdc++.a(eh_call.o)
                0x08012508                __cxa_call_unexpected
 .text          0x080125e0     0x5784 d:/program files (x86)/gnu tools arm embedded/4.8 2014q3/bin/../lib/gcc/arm-none-eabi/4.8.4/../../../../arm-none-eabi/lib/armv7e-m/fpu\libstdc++.a(cp-demangle.o)
                0x08017c84                __cxa_demangle
                0x08017d48                __gcclibcxx_demangle_callback
 .text._ZN9__gnu_cxx20recursive_init_errorD2Ev
                0x08017d64       0x14 d:/program files (x86)/gnu tools arm embedded/4.8 2014q3/bin/../lib/gcc/arm-none-eabi/4.8.4/../../../../arm-none-eabi/lib/armv7e-m/fpu\libstdc++.a(guard_error.o)
                0x08017d64                __gnu_cxx::recursive_init_error::~recursive_init_error()
                0x08017d64                __gnu_cxx::recursive_init_error::~recursive_init_error()
 .text._ZN9__gnu_cxx20recursive_init_errorD0Ev
                0x08017d78       0x1c d:/program files (x86)/gnu tools arm embedded/4.8 2014q3/bin/../lib/gcc/arm-none-eabi/4.8.4/../../../../arm-none-eabi/lib/armv7e-m/fpu\libstdc++.a(guard_error.o)
                0x08017d78                __gnu_cxx::recursive_init_error::~recursive_init_error()
 .text._ZNKSt9bad_alloc4whatEv
                0x08017d94        0x8 d:/program files (x86)/gnu tools arm embedded/4.8 2014q3/bin/../lib/gcc/arm-none-eabi/4.8.4/../../../../arm-none-eabi/lib/armv7e-m/fpu\libstdc++.a(bad_alloc.o)
                0x08017d94                std::bad_alloc::what() const
 .text._ZNSt9bad_allocD2Ev
                0x08017d9c       0x14 d:/program files (x86)/gnu tools arm embedded/4.8 2014q3/bin/../lib/gcc/arm-none-eabi/4.8.4/../../../../arm-none-eabi/lib/armv7e-m/fpu\libstdc++.a(bad_alloc.o)
                0x08017d9c                std::bad_alloc::~bad_alloc()
                0x08017d9c                std::bad_alloc::~bad_alloc()
 .text._ZNSt9bad_allocD0Ev
                0x08017db0       0x1c d:/program files (x86)/gnu tools arm embedded/4.8 2014q3/bin/../lib/gcc/arm-none-eabi/4.8.4/../../../../arm-none-eabi/lib/armv7e-m/fpu\libstdc++.a(bad_alloc.o)
                0x08017db0                std::bad_alloc::~bad_alloc()
 .text._ZNK10__cxxabiv117__class_type_info11__do_upcastEPKS0_PPv
                0x08017dcc       0x38 d:/program files (x86)/gnu tools arm embedded/4.8 2014q3/bin/../lib/gcc/arm-none-eabi/4.8.4/../../../../arm-none-eabi/lib/armv7e-m/fpu\libstdc++.a(class_type_info.o)
                0x08017dcc                __cxxabiv1::__class_type_info::__do_upcast(__cxxabiv1::__class_type_info const*, void**) const
 .text._ZNK10__cxxabiv117__class_type_info20__do_find_public_srcEiPKvPKS0_S2_