Archive member included because of file (symbol)

..\..\..\..\..\..\..\..\Program Files (x86)\GNU Tools ARM Embedded\4.7 2012q4\arm-none-eabi\lib\armv7e-m\libstdc++.a(eh_arm.o)
                              ..\obj\main.o (__cxa_end_cleanup)
..\..\..\..\..\..\..\..\Program Files (x86)\GNU Tools ARM Embedded\4.7 2012q4\arm-none-eabi\lib\armv7e-m\libstdc++.a(eh_globals.o)
                              ..\..\..\..\..\..\..\..\Program Files (x86)\GNU Tools ARM Embedded\4.7 2012q4\arm-none-eabi\lib\armv7e-m\libstdc++.a(eh_arm.o) (__cxa_get_globals)
..\..\..\..\..\..\..\..\Program Files (x86)\GNU Tools ARM Embedded\4.7 2012q4\arm-none-eabi\lib\armv7e-m\libstdc++.a(guard.o)
                              ..\obj\main.o (__cxa_guard_acquire)
..\..\..\..\..\..\..\..\Program Files (x86)\GNU Tools ARM Embedded\4.7 2012q4\arm-none-eabi\lib\armv7e-m\libstdc++.a(eh_exception.o)
                              ..\..\..\..\..\..\..\..\Program Files (x86)\GNU Tools ARM Embedded\4.7 2012q4\arm-none-eabi\lib\armv7e-m\libstdc++.a(eh_arm.o) (typeinfo for __cxxabiv1::__forced_unwind)
..\..\..\..\..\..\..\..\Program Files (x86)\GNU Tools ARM Embedded\4.7 2012q4\arm-none-eabi\lib\armv7e-m\libstdc++.a(del_op.o)
                              ..\..\..\..\..\..\..\..\Program Files (x86)\GNU Tools ARM Embedded\4.7 2012q4\arm-none-eabi\lib\armv7e-m\libstdc++.a(eh_exception.o) (operator delete(void*))
..\..\..\..\..\..\..\..\Program Files (x86)\GNU Tools ARM Embedded\4.7 2012q4\arm-none-eabi\lib\armv7e-m\libstdc++.a(class_type_info.o)
                              ..\..\..\..\..\..\..\..\Program Files (x86)\GNU Tools ARM Embedded\4.7 2012q4\arm-none-eabi\lib\armv7e-m\libstdc++.a(eh_exception.o) (vtable for __cxxabiv1::__class_type_info)
..\..\..\..\..\..\..\..\Program Files (x86)\GNU Tools ARM Embedded\4.7 2012q4\arm-none-eabi\lib\armv7e-m\libstdc++.a(eh_throw.o)
                              ..\..\..\..\..\..\..\..\Program Files (x86)\GNU Tools ARM Embedded\4.7 2012q4\arm-none-eabi\lib\armv7e-m\libstdc++.a(guard.o) (__cxa_throw)
..\..\..\..\..\..\..\..\Program Files (x86)\GNU Tools ARM Embedded\4.7 2012q4\arm-none-eabi\lib\armv7e-m\libstdc++.a(eh_personality.o)
                              ..\obj\main.o (__gxx_personality_v0)
..\..\..\..\..\..\..\..\Program Files (x86)\GNU Tools ARM Embedded\4.7 2012q4\arm-none-eabi\lib\armv7e-m\libstdc++.a(eh_term_handler.o)
                              ..\..\..\..\..\..\..\..\Program Files (x86)\GNU Tools ARM Embedded\4.7 2012q4\arm-none-eabi\lib\armv7e-m\libstdc++.a(eh_throw.o) (__cxxabiv1::__terminate_handler)
..\..\..\..\..\..\..\..\Program Files (x86)\GNU Tools ARM Embedded\4.7 2012q4\arm-none-eabi\lib\armv7e-m\libstdc++.a(eh_alloc.o)
                              ..\..\..\..\..\..\..\..\Program Files (x86)\GNU Tools ARM Embedded\4.7 2012q4\arm-none-eabi\lib\armv7e-m\libstdc++.a(guard.o) (__cxa_allocate_exception)
..\..\..\..\..\..\..\..\Program Files (x86)\GNU Tools ARM Embedded\4.7 2012q4\arm-none-eabi\lib\armv7e-m\libstdc++.a(eh_terminate.o)
                              ..\..\..\..\..\..\..\..\Program Files (x86)\GNU Tools ARM Embedded\4.7 2012q4\arm-none-eabi\lib\armv7e-m\libstdc++.a(eh_throw.o) (__cxxabiv1::__terminate(void (*)()))
..\..\..\..\..\..\..\..\Program Files (x86)\GNU Tools ARM Embedded\4.7 2012q4\arm-none-eabi\lib\armv7e-m\libstdc++.a(tinfo.o)
                              ..\..\..\..\..\..\..\..\Program Files (x86)\GNU Tools ARM Embedded\4.7 2012q4\arm-none-eabi\lib\armv7e-m\libstdc++.a(class_type_info.o) (std::type_info::~type_info())
..\..\..\..\..\..\..\..\Program Files (x86)\GNU Tools ARM Embedded\4.7 2012q4\arm-none-eabi\lib\armv7e-m\libstdc++.a(eh_unex_handler.o)
                              ..\..\..\..\..\..\..\..\Program Files (x86)\GNU Tools ARM Embedded\4.7 2012q4\arm-none-eabi\lib\armv7e-m\libstdc++.a(eh_throw.o) (__cxxabiv1::__unexpected_handler)
..\..\..\..\..\..\..\..\Program Files (x86)\GNU Tools ARM Embedded\4.7 2012q4\arm-none-eabi\lib\armv7e-m\libstdc++.a(guard_error.o)
                              ..\..\..\..\..\..\..\..\Program Files (x86)\GNU Tools ARM Embedded\4.7 2012q4\arm-none-eabi\lib\armv7e-m\libstdc++.a(guard.o) (__gnu_cxx::recursive_init_error::~recursive_init_error())
..\..\..\..\..\..\..\..\Program Files (x86)\GNU Tools ARM Embedded\4.7 2012q4\arm-none-eabi\lib\armv7e-m\libstdc++.a(si_class_type_info.o)
                              ..\..\..\..\..\..\..\..\Program Files (x86)\GNU Tools ARM Embedded\4.7 2012q4\arm-none-eabi\lib\armv7e-m\libstdc++.a(eh_exception.o) (vtable for __cxxabiv1::__si_class_type_info)
..\..\..\..\..\..\..\..\Program Files (x86)\GNU Tools ARM Embedded\4.7 2012q4\arm-none-eabi\lib\armv7e-m\libstdc++.a(eh_call.o)
                              ..\..\..\..\..\..\..\..\Program Files (x86)\GNU Tools ARM Embedded\4.7 2012q4\arm-none-eabi\lib\armv7e-m\libstdc++.a(eh_personality.o) (__cxa_call_terminate)
..\..\..\..\..\..\..\..\Program Files (x86)\GNU Tools ARM Embedded\4.7 2012q4\arm-none-eabi\lib\armv7e-m\libstdc++.a(pure.o)
[...]
Memory Configuration

Name             Origin             Length             Attributes
rom              0x08000000         0x00100000         xr
ram              0x20000000         0x00020000         xrw
ram1             0x10000000         0x00010000         xrw
*default*        0x00000000         0xffffffff

Linker script and memory map

LOAD d:/program files (x86)/gnu tools arm embedded/4.7 2012q4/bin/../lib/gcc/arm-none-eabi/4.7.3/armv7e-m\libgcc.a
LOAD ..\..\..\..\..\..\..\..\Program Files (x86)\GNU Tools ARM Embedded\4.7 2012q4\arm-none-eabi\lib\armv7e-m\libc.a
LOAD ..\..\..\..\..\..\..\..\Program Files (x86)\GNU Tools ARM Embedded\4.7 2012q4\arm-none-eabi\lib\armv7e-m\libm.a
                0x20020000                _eram = 0x20020000

.text           0x08000000    0x1b0e0
 *(.isr_vector .isr_vector.*)
 .isr_vector    0x08000000      0x188 ..\obj\startup_stm32f4xx.o
                0x08000000                g_pfnVectors
 *(.text .text.* .gnu.linkonce.t.*)
 .text.USART_Init
                0x08000188      0x1ac ..\obj\stm32f4xx_usart.o
                0x08000188                USART_Init
 .text.USART_Cmd
                0x08000334       0x40 ..\obj\stm32f4xx_usart.o
                0x08000334                USART_Cmd
 .text.USART_SendData
                0x08000374       0x28 ..\obj\stm32f4xx_usart.o
                0x08000374                USART_SendData
 .text.USART_ITConfig
                0x0800039c       0xa4 ..\obj\stm32f4xx_usart.o
                0x0800039c                USART_ITConfig
 .text.USART_GetFlagStatus
                0x08000440       0x40 ..\obj\stm32f4xx_usart.o
                0x08000440                USART_GetFlagStatus
 .text.Default_Reset_Handler
                0x08000480       0x80 ..\obj\startup_stm32f4xx.o
                0x08000480                Default_Reset_Handler
                0x08000480                Reset_Handler
 .text.Default_Handler
                0x08000500        0x8 ..\obj\startup_stm32f4xx.o
                0x08000500                RTC_Alarm_IRQHandler
                0x08000500                HASH_RNG_IRQHandler
                0x08000500                EXTI2_IRQHandler
                0x08000500                TIM8_CC_IRQHandler
                0x08000500                DebugMon_Handler
                0x08000500                TIM1_CC_IRQHandler
                0x08000500                DMA2_Stream5_IRQHandler
                0x08000500                HardFault_Handler
                0x08000500                DMA1_Stream5_IRQHandler
                0x08000500                SysTick_Handler
                0x08000500                PVD_IRQHandler
                0x08000500                SDIO_IRQHandler
                0x08000500                TAMP_STAMP_IRQHandler
                0x08000500                PendSV_Handler
                0x08000500                NMI_Handler
                0x08000500                CAN2_RX1_IRQHandler
                0x08000500                EXTI3_IRQHandler
                0x08000500                TIM8_TRG_COM_TIM14_IRQHandler
                0x08000500                TIM1_UP_TIM10_IRQHandler
                0x08000500                TIM8_UP_TIM13_IRQHandler
                0x08000500                I2C3_ER_IRQHandler
                0x08000500                EXTI0_IRQHandler
                0x08000500                I2C2_EV_IRQHandler
                0x08000500                DMA1_Stream2_IRQHandler
                0x08000500                CAN1_RX0_IRQHandler
                0x08000500                FPU_IRQHandler
                0x08000500                OTG_HS_WKUP_IRQHandler
                0x08000500                UsageFault_Handler
                0x08000500                CAN2_SCE_IRQHandler
                0x08000500                DMA2_Stream2_IRQHandler
                0x08000500                SPI1_IRQHandler
                0x08000500                TIM6_DAC_IRQHandler
                0x08000500                TIM1_BRK_TIM9_IRQHandler
                0x08000500                DCMI_IRQHandler
                0x08000500                CAN2_RX0_IRQHandler
                0x08000500                DMA2_Stream3_IRQHandler
                0x08000500                USART6_IRQHandler
                0x08000500                USART3_IRQHandler
                0x08000500                CRYP_IRQHandler
                0x08000500                CAN1_RX1_IRQHandler
                0x08000500                UART5_IRQHandler
                0x08000500                DMA2_Stream0_IRQHandler
                0x08000500                I2C1_EV_IRQHandler
                0x08000500                DMA1_Stream6_IRQHandler
                0x08000500                DMA1_Stream1_IRQHandler
                0x08000500                UART4_IRQHandler
                0x08000500                TIM3_IRQHandler
                0x08000500                RCC_IRQHandler
                0x08000500                TIM8_BRK_TIM12_IRQHandler
                0x08000500                EXTI15_10_IRQHandler
                0x08000500                ADC_IRQHandler
                0x08000500                DMA1_Stream7_IRQHandler
                0x08000500                TIM7_IRQHandler
                0x08000500                CAN2_TX_IRQHandler
                0x08000500                TIM5_IRQHandler
                0x08000500                DMA2_Stream7_IRQHandler
                0x08000500                I2C3_EV_IRQHandler
                0x08000500                EXTI9_5_IRQHandler
                0x08000500                RTC_WKUP_IRQHandler
                0x08000500                ETH_WKUP_IRQHandler
                0x08000500                SPI2_IRQHandler
                0x08000500                OTG_HS_EP1_IN_IRQHandler
                0x08000500                MemManage_Handler
                0x08000500                DMA1_Stream0_IRQHandler
                0x08000500                CAN1_TX_IRQHandler
                0x08000500                SVC_Handler
                0x08000500                EXTI4_IRQHandler
                0x08000500                FSMC_IRQHandler
                0x08000500                ETH_IRQHandler
                0x08000500                OTG_HS_EP1_OUT_IRQHandler
                0x08000500                WWDG_IRQHandler
                0x08000500                TIM2_IRQHandler
                0x08000500                OTG_FS_WKUP_IRQHandler
                0x08000500                TIM1_TRG_COM_TIM11_IRQHandler
                0x08000500                OTG_HS_IRQHandler
                0x08000500                EXTI1_IRQHandler
                0x08000500                USART2_IRQHandler
                0x08000500                I2C2_ER_IRQHandler
                0x08000500                DMA2_Stream1_IRQHandler
                0x08000500                CAN1_SCE_IRQHandler
                0x08000500                FLASH_IRQHandler
                0x08000500                DMA2_Stream4_IRQHandler
                0x08000500                BusFault_Handler
                0x08000500                USART1_IRQHandler
                0x08000500                OTG_FS_IRQHandler
                0x08000500                SPI3_IRQHandler
                0x08000500                DMA1_Stream4_IRQHandler
                0x08000500                I2C1_ER_IRQHandler
                0x08000500                DMA2_Stream6_IRQHandler
                0x08000500                DMA1_Stream3_IRQHandler
 .text.main     0x08000508      0x778 ..\obj\main.o
                0x08000508                main
 .text.TIM4_IRQHandler
                0x08000c80      0x138 ..\obj\main.o
                0x08000c80                TIM4_IRQHandler
 .text._ZN8side_defC2Ev
                0x08000db8       0x18 ..\obj\main.o
                0x08000db8                side_def::side_def()
                0x08000db8                side_def::side_def()
 .text._ZN9safe_enumI8side_defNS0_4typeEEC2ES1_
                0x08000dd0       0x24 ..\obj\main.o
                0x08000dd0                safe_enum<side_def, side_def::type>::safe_enum(side_def::type)
                0x08000dd0                safe_enum<side_def, side_def::type>::safe_enum(side_def::type)
 .text._ZN4UartILh1EE4initEm
                0x08000df4      0x188 ..\obj\main.o
                0x08000df4                Uart<(unsigned char)1>::init(unsigned long)
 .text._ZN9SingletonI19MotionControlSystemE8InstanceEv
                0x08000f7c       0x70 ..\obj\main.o
                0x08000f7c                Singleton<MotionControlSystem>::Instance()
 .text._ZN4UartILh1EE9availableEv
                0x08000fec       0x34 ..\obj\main.o
                0x08000fec                Uart<(unsigned char)1>::available()
 .text._ZN4UartILh1EE4readEPct
                0x08001020       0xbc ..\obj\main.o
                0x08001020                Uart<(unsigned char)1>::read(char*, unsigned short)
 .text._ZN4UartILh1EE8printflnEPKcz
                0x080010dc       0x44 ..\obj\main.o
                0x080010dc                Uart<(unsigned char)1>::printfln(char const*, ...)
 .text._ZN4UartILh1EE4readIiEEhRT_t
                0x08001120       0x40 ..\obj\main.o
                0x08001120                unsigned char Uart<(unsigned char)1>::read<int>(int&, unsigned short)
 .text._ZN4UartILh1EE4readERft
                0x08001160       0x4c ..\obj\main.o
                0x08001160                Uart<(unsigned char)1>::read(float&, unsigned short)
 .text._ZN4UartILh1EE4readIlEEhRT_t
                0x080011ac       0x40 ..\obj\main.o
                0x080011ac                unsigned char Uart<(unsigned char)1>::read<long>(long&, unsigned short)
 .text._ZN4UartILh1EE9read_charERht
                0x080011ec       0xcc ..\obj\main.o
                0x080011ec                Uart<(unsigned char)1>::read_char(unsigned char&, unsigned short)
 .text._ZN4UartILh1EE5writeEPc
                0x080012b8       0x48 ..\obj\main.o
                0x080012b8                Uart<(unsigned char)1>::write(char*)
 .text._ZN4UartILh1EE7send_lnEv
                0x08001300       0x18 ..\obj\main.o
                0x08001300                Uart<(unsigned char)1>::send_ln()
 .text._ZN4UartILh1EE9send_charEh
                0x08001318       0x4c ..\obj\main.o
                0x08001318                Uart<(unsigned char)1>::send_char(unsigned char)
 .text.RCC_GetClocksFreq
                0x08001364      0x1cc ..\obj\stm32f4xx_rcc.o
                0x08001364                RCC_GetClocksFreq
 .text.RCC_AHB1PeriphClockCmd
                0x08001530       0x54 ..\obj\stm32f4xx_rcc.o
                0x08001530                RCC_AHB1PeriphClockCmd
 .text.RCC_APB1PeriphClockCmd
                0x08001584       0x54 ..\obj\stm32f4xx_rcc.o
                0x08001584                RCC_APB1PeriphClockCmd
 .text.RCC_APB2PeriphClockCmd
                0x080015d8       0x54 ..\obj\stm32f4xx_rcc.o
                0x080015d8                RCC_APB2PeriphClockCmd
 .text._ZN3PIDC2EPlPsS0_
                0x0800162c       0x78 ..\obj\MotionControlSystem.o
                0x0800162c                PID::PID(long*, short*, long*)
                0x0800162c                PID::PID(long*, short*, long*)
 .text._ZN3PID7computeEv
                0x080016a4       0xd8 ..\obj\MotionControlSystem.o
                0x080016a4                PID::compute()
 .text._ZN3PID10setTuningsEfff
                0x0800177c       0xc0 ..\obj\MotionControlSystem.o
                0x0800177c                PID::setTunings(float, float, float)
 .text._ZN3PID15setOutputLimitsEss
                0x0800183c       0x70 ..\obj\MotionControlSystem.o
                0x0800183c                PID::setOutputLimits(short, short)
 .text._ZN3PID22setControllerDirectionE9safe_enumI17pid_direction_defNS1_4typeEE
                0x080018ac       0x7c ..\obj\MotionControlSystem.o
                0x080018ac                PID::setControllerDirection(safe_enum<pid_direction_def, pid_direction_def::type>)
 .text._ZNK3PID8getErrorEv
                0x08001928       0x18 ..\obj\MotionControlSystem.o
                0x08001928                PID::getError() const
 .text._ZNK3PID18getDerivativeErrorEv
                0x08001940       0x18 ..\obj\MotionControlSystem.o
                0x08001940                PID::getDerivativeError() const
 .text._ZN19MotionControlSystemC2Ev
                0x08001958       0xf0 ..\obj\MotionControlSystem.o
                0x08001958                MotionControlSystem::MotionControlSystem()
                0x08001958                MotionControlSystem::MotionControlSystem()
 .text._ZN19MotionControlSystem4initEv
                0x08001a48      0x10c ..\obj\MotionControlSystem.o
                0x08001a48                MotionControlSystem::init()
 .text._ZN19MotionControlSystem17getPWMTranslationEv
                0x08001b54       0x1c ..\obj\MotionControlSystem.o
                0x08001b54                MotionControlSystem::getPWMTranslation()
 .text._ZN19MotionControlSystem14getPWMRotationEv
                0x08001b70       0x1c ..\obj\MotionControlSystem.o
                0x08001b70                MotionControlSystem::getPWMRotation()
 .text._ZN19MotionControlSystem18getTranslationGoalEv
                0x08001b8c       0x18 ..\obj\MotionControlSystem.o
                0x08001b8c                MotionControlSystem::getTranslationGoal()
 .text._ZN19MotionControlSystem15getRotationGoalEv
                0x08001ba4       0x18 ..\obj\MotionControlSystem.o
                0x08001ba4                MotionControlSystem::getRotationGoal()
 .text._ZN19MotionControlSystem14getLeftEncoderEv
                0x08001bbc       0x18 ..\obj\MotionControlSystem.o
                0x08001bbc                MotionControlSystem::getLeftEncoder()
 .text._ZN19MotionControlSystem15getRightEncoderEv
                0x08001bd4       0x18 ..\obj\MotionControlSystem.o
                0x08001bd4                MotionControlSystem::getRightEncoder()
 .text._ZN19MotionControlSystem15moveLeftEncoderEl
                0x08001bec       0x20 ..\obj\MotionControlSystem.o
                0x08001bec                MotionControlSystem::moveLeftEncoder(long)
 .text._ZN19MotionControlSystem16moveRightEncoderEl
                0x08001c0c       0x20 ..\obj\MotionControlSystem.o
                0x08001c0c                MotionControlSystem::moveRightEncoder(long)
 .text._ZN19MotionControlSystem6enableEb
                0x08001c2c       0x44 ..\obj\MotionControlSystem.o
                0x08001c2c                MotionControlSystem::enable(bool)
 .text._ZN19MotionControlSystem24enableTranslationControlEb
                0x08001c70       0x1c ..\obj\MotionControlSystem.o
                0x08001c70                MotionControlSystem::enableTranslationControl(bool)
 .text._ZN19MotionControlSystem21enableRotationControlEb
                0x08001c8c       0x1c ..\obj\MotionControlSystem.o
                0x08001c8c                MotionControlSystem::enableRotationControl(bool)
 .text._ZN19MotionControlSystem7controlEv
                0x08001ca8       0x8c ..\obj\MotionControlSystem.o
                0x08001ca8                MotionControlSystem::control()
 .text._ZN19MotionControlSystem19isPhysicallyStoppedEv
                0x08001d34       0x40 ..\obj\MotionControlSystem.o
                0x08001d34                MotionControlSystem::isPhysicallyStopped()
 .text._ZN19MotionControlSystem10manageStopEv
                0x08001d74      0x19c ..\obj\MotionControlSystem.o
                0x08001d74                MotionControlSystem::manageStop()
 .text._ZN19MotionControlSystem14updatePositionEv
                0x08001f10      0x138 ..\obj\MotionControlSystem.o
                0x08001f10                MotionControlSystem::updatePosition()
 .text._ZN19MotionControlSystem12optimumAngleEll
                0x08002048      0x108 ..\obj\MotionControlSystem.o
                0x08002048                MotionControlSystem::optimumAngle(long, long)
 .text._ZN19MotionControlSystem12applyControlEv
                0x08002150       0x64 ..\obj\MotionControlSystem.o
                0x08002150                MotionControlSystem::applyControl()
 *fill*         0x080021b4        0x4 00
 .text._ZN19MotionControlSystem16orderTranslationEl
                0x080021b8       0x68 ..\obj\MotionControlSystem.o
                0x080021b8                MotionControlSystem::orderTranslation(long)
 .text._ZN19MotionControlSystem13orderRotationEf
                0x08002220       0x78 ..\obj\MotionControlSystem.o
                0x08002220                MotionControlSystem::orderRotation(float)
 .text._ZN19MotionControlSystem11orderRawPwmE9safe_enumI8side_defNS1_4typeEEs
                0x08002298       0x5c ..\obj\MotionControlSystem.o
                0x08002298                MotionControlSystem::orderRawPwm(safe_enum<side_def, side_def::type>, short)
 .text._ZN19MotionControlSystem4stopEv
                0x080022f4       0x68 ..\obj\MotionControlSystem.o
                0x080022f4                MotionControlSystem::stop()
 .text._ZN19MotionControlSystem21setTranslationTuningsEfff
                0x0800235c       0x34 ..\obj\MotionControlSystem.o
                0x0800235c                MotionControlSystem::setTranslationTunings(float, float, float)
 .text._ZN19MotionControlSystem18setRotationTuningsEfff
                0x08002390       0x34 ..\obj\MotionControlSystem.o
                0x08002390                MotionControlSystem::setRotationTunings(float, float, float)
 *fill*         0x080023c4        0x4 00
 .text._ZNK19MotionControlSystem14getAngleRadianEv
                0x080023c8       0x70 ..\obj\MotionControlSystem.o
                0x080023c8                MotionControlSystem::getAngleRadian() const
 .text._ZN19MotionControlSystem4getXEv
                0x08002438       0x20 ..\obj\MotionControlSystem.o
                0x08002438                MotionControlSystem::getX()
 .text._ZN19MotionControlSystem4getYEv
                0x08002458       0x20 ..\obj\MotionControlSystem.o
                0x08002458                MotionControlSystem::getY()
 .text._ZN17pid_direction_defC2Ev
                0x08002478       0x18 ..\obj\MotionControlSystem.o
                0x08002478                pid_direction_def::pid_direction_def()
                0x08002478                pid_direction_def::pid_direction_def()
 .text._ZN9safe_enumI17pid_direction_defNS0_4typeEEC2ES1_
                0x08002490       0x24 ..\obj\MotionControlSystem.o
                0x08002490                safe_enum<pid_direction_def, pid_direction_def::type>::safe_enum(pid_direction_def::type)
                0x08002490                safe_enum<pid_direction_def, pid_direction_def::type>::safe_enum(pid_direction_def::type)
 .text._ZNK9safe_enumI17pid_direction_defNS0_4typeEEeqERKS2_
                0x080024b4       0x28 ..\obj\MotionControlSystem.o
                0x080024b4                safe_enum<pid_direction_def, pid_direction_def::type>::operator==(safe_enum<pid_direction_def, pid_direction_def::type> const&) const
 .text._ZN9SingletonI19MotionControlSystemEC2Ev
                0x080024dc       0x18 ..\obj\MotionControlSystem.o
                0x080024dc                Singleton<MotionControlSystem>::Singleton()
                0x080024dc                Singleton<MotionControlSystem>::Singleton()
 .text._ZNK9safe_enumI8side_defNS0_4typeEEeqERKS2_
                0x080024f4       0x28 ..\obj\MotionControlSystem.o
                0x080024f4                safe_enum<side_def, side_def::type>::operator==(safe_enum<side_def, side_def::type> const&) const
 .text.GPIO_Init
                0x0800251c      0x144 ..\obj\stm32f4xx_gpio.o
                0x0800251c                GPIO_Init
 .text.GPIO_StructInit
                0x08002660       0x3c ..\obj\stm32f4xx_gpio.o
                0x08002660                GPIO_StructInit
 .text.GPIO_SetBits
                0x0800269c       0x1c ..\obj\stm32f4xx_gpio.o
                0x0800269c                GPIO_SetBits
 .text.GPIO_ResetBits
                0x080026b8       0x1c ..\obj\stm32f4xx_gpio.o
                0x080026b8                GPIO_ResetBits
 .text.GPIO_PinAFConfig
                0x080026d4       0xa8 ..\obj\stm32f4xx_gpio.o
                0x080026d4                GPIO_PinAFConfig
 .text.SystemInit
                0x0800277c       0xb0 ..\obj\system_stm32f4xx.o
                0x0800277c                SystemInit
 .text.SetSysClock
                0x0800282c      0x1e0 ..\obj\system_stm32f4xx.o
 .text._sbrk    0x08002a0c       0x5c ..\obj\syscalls.o
                0x08002a0c                _sbrk
 .text._close   0x08002a68       0x18 ..\obj\syscalls.o
                0x08002a68                _close
 .text._fstat   0x08002a80       0x24 ..\obj\syscalls.o
                0x08002a80                _fstat
 .text._isatty  0x08002aa4       0x18 ..\obj\syscalls.o
                0x08002aa4                _isatty
 .text._lseek   0x08002abc       0x1c ..\obj\syscalls.o
                0x08002abc                _lseek
 .text._read    0x08002ad8       0x1c ..\obj\syscalls.o
                0x08002ad8                _read
 .text._write   0x08002af4       0x1c ..\obj\syscalls.o
                0x08002af4                _write
 .text.abort    0x08002b10        0x8 ..\obj\syscalls.o
                0x08002b10                abort
 .text.NVIC_Init
                0x08002b18       0xe4 ..\obj\misc.o
                0x08002b18                NVIC_Init
 .text._ZN5MotorC2E9safe_enumI8side_defNS1_4typeEE
                0x08002bfc       0xc4 ..\obj\Motor.o
                0x08002bfc                Motor::Motor(safe_enum<side_def, side_def::type>)
                0x08002bfc                Motor::Motor(safe_enum<side_def, side_def::type>)
 .text._ZN5Motor7initPWMEv
                0x08002cc0      0x14c ..\obj\Motor.o
                0x08002cc0                Motor::initPWM()
 .text._ZN5Motor3runEs
                0x08002e0c      0x10c ..\obj\Motor.o
                0x08002e0c                Motor::run(short)
 .text._ZN5Motor12setDirectionE9safe_enumI13direction_defNS1_4typeEE
                0x08002f18       0xc0 ..\obj\Motor.o
                0x08002f18                Motor::setDirection(safe_enum<direction_def, direction_def::type>)
 .text._ZN13direction_defC2Ev
                0x08002fd8       0x18 ..\obj\Motor.o
                0x08002fd8                direction_def::direction_def()
                0x08002fd8                direction_def::direction_def()
 .text._ZN9safe_enumI13direction_defNS0_4typeEEC2ES1_
                0x08002ff0       0x24 ..\obj\Motor.o
                0x08002ff0                safe_enum<direction_def, direction_def::type>::safe_enum(direction_def::type)
                0x08002ff0                safe_enum<direction_def, direction_def::type>::safe_enum(direction_def::type)
 .text._ZNK9safe_enumI13direction_defNS0_4typeEEeqERKS2_
                0x08003014       0x28 ..\obj\Motor.o
                0x08003014                safe_enum<direction_def, direction_def::type>::operator==(safe_enum<direction_def, direction_def::type> const&) const
 .text._ZN7CounterC2Ev
                0x0800303c      0x1fc ..\obj\Counter.o
                0x0800303c                Counter::Counter()
                0x0800303c                Counter::Counter()
 .text._ZN7Counter12getLeftValueEv
                0x08003238       0x20 ..\obj\Counter.o
                0x08003238                Counter::getLeftValue()
 .text._ZN7Counter13getRightValueEv
                0x08003258       0x1c ..\obj\Counter.o
                0x08003258                Counter::getRightValue()
 .text.TIM_TimeBaseInit
                0x08003274       0xf4 ..\obj\stm32f4xx_tim.o
                0x08003274                TIM_TimeBaseInit
 .text.TIM_TimeBaseStructInit
                0x08003368       0x3c ..\obj\stm32f4xx_tim.o
                0x08003368                TIM_TimeBaseStructInit
 .text.TIM_SetCounter
                0x080033a4       0x1c ..\obj\stm32f4xx_tim.o
                0x080033a4                TIM_SetCounter
 .text.TIM_GetCounter
                0x080033c0       0x18 ..\obj\stm32f4xx_tim.o
                0x080033c0                TIM_GetCounter
 .text.TIM_ARRPreloadConfig
                0x080033d8       0x40 ..\obj\stm32f4xx_tim.o
                0x080033d8                TIM_ARRPreloadConfig
 .text.TIM_Cmd  0x08003418       0x40 ..\obj\stm32f4xx_tim.o
                0x08003418                TIM_Cmd
 .text.TIM_OC1Init
                0x08003458       0xfc ..\obj\stm32f4xx_tim.o
                0x08003458                TIM_OC1Init
 .text.TIM_OC2Init
                0x08003554      0x128 ..\obj\stm32f4xx_tim.o
                0x08003554                TIM_OC2Init
 .text.TIM_OC1PreloadConfig
                0x0800367c       0x38 ..\obj\stm32f4xx_tim.o
                0x0800367c                TIM_OC1PreloadConfig
 .text.TIM_OC2PreloadConfig
                0x080036b4       0x40 ..\obj\stm32f4xx_tim.o
                0x080036b4                TIM_OC2PreloadConfig
 .text.TIM_ITConfig
                0x080036f4       0x48 ..\obj\stm32f4xx_tim.o
                0x080036f4                TIM_ITConfig
 .text.TIM_GetITStatus
                0x0800373c       0x60 ..\obj\stm32f4xx_tim.o
                0x0800373c                TIM_GetITStatus
 .text.TIM_ClearITPendingBit
                0x0800379c       0x24 ..\obj\stm32f4xx_tim.o
                0x0800379c                TIM_ClearITPendingBit
 .text.TIM_EncoderInterfaceConfig
                0x080037c0       0x94 ..\obj\stm32f4xx_tim.o
                0x080037c0                TIM_EncoderInterfaceConfig
 .text.__cxa_end_cleanup
                0x08003854        0xc ..\..\..\..\..\..\..\..\Program Files (x86)\GNU Tools ARM Embedded\4.7 2012q4\arm-none-eabi\lib\armv7e-m\libstdc++.a(eh_arm.o)
                0x08003854                __cxa_end_cleanup
 .text.__cxa_type_match
                0x08003860       0xb0 ..\..\..\..\..\..\..\..\Program Files (x86)\GNU Tools ARM Embedded\4.7 2012q4\arm-none-eabi\lib\armv7e-m\libstdc++.a(eh_arm.o)
                0x08003860                __cxa_type_match
 .text.__cxa_begin_cleanup
                0x08003910       0x64 ..\..\..\..\..\..\..\..\Program Files (x86)\GNU Tools ARM Embedded\4.7 2012q4\arm-none-eabi\lib\armv7e-m\libstdc++.a(eh_arm.o)
                0x08003910                __cxa_begin_cleanup
 .text.__gnu_end_cleanup
                0x08003974       0x74 ..\..\..\..\..\..\..\..\Program Files (x86)\GNU Tools ARM Embedded\4.7 2012q4\arm-none-eabi\lib\armv7e-m\libstdc++.a(eh_arm.o)
                0x08003974                __gnu_end_cleanup
 .text.__cxa_get_globals_fast
                0x080039e8        0xc ..\..\..\..\..\..\..\..\Program Files (x86)\GNU Tools ARM Embedded\4.7 2012q4\arm-none-eabi\lib\armv7e-m\libstdc++.a(eh_globals.o)
                0x080039e8                __cxa_get_globals_fast
 .text.__cxa_get_globals
                0x080039f4        0xc ..\..\..\..\..\..\..\..\Program Files (x86)\GNU Tools ARM Embedded\4.7 2012q4\arm-none-eabi\lib\armv7e-m\libstdc++.a(eh_globals.o)
                0x080039f4                __cxa_get_globals
 .text.__cxa_guard_acquire
                0x08003a00       0x38 ..\..\..\..\..\..\..\..\Program Files (x86)\GNU Tools ARM Embedded\4.7 2012q4\arm-none-eabi\lib\armv7e-m\libstdc++.a(guard.o)
                0x08003a00                __cxa_guard_acquire
 .text.__cxa_guard_abort
                0x08003a38        0x8 ..\..\..\..\..\..\..\..\Program Files (x86)\GNU Tools ARM Embedded\4.7 2012q4\arm-none-eabi\lib\armv7e-m\libstdc++.a(guard.o)
                0x08003a38                __cxa_guard_abort
 .text.__cxa_guard_release
                0x08003a40        0x8 ..\..\..\..\..\..\..\..\Program Files (x86)\GNU Tools ARM Embedded\4.7 2012q4\arm-none-eabi\lib\armv7e-m\libstdc++.a(guard.o)
                0x08003a40                __cxa_guard_release
 .text._ZNSt9exceptionD2Ev
                0x08003a48        0xc ..\..\..\..\..\..\..\..\Program Files (x86)\GNU Tools ARM Embedded\4.7 2012q4\arm-none-eabi\lib\armv7e-m\libstdc++.a(eh_exception.o)
                0x08003a48                std::exception::~exception()
                0x08003a48                std::exception::~exception()
 .text._ZNSt13bad_exceptionD2Ev
                0x08003a54        0xc ..\..\..\..\..\..\..\..\Program Files (x86)\GNU Tools ARM Embedded\4.7 2012q4\arm-none-eabi\lib\armv7e-m\libstdc++.a(eh_exception.o)
                0x08003a54                std::bad_exception::~bad_exception()
                0x08003a54                std::bad_exception::~bad_exception()
 .text._ZNKSt9exception4whatEv
                0x08003a60        0xc ..\..\..\..\..\..\..\..\Program Files (x86)\GNU Tools ARM Embedded\4.7 2012q4\arm-none-eabi\lib\armv7e-m\libstdc++.a(eh_exception.o)
                0x08003a60                std::exception::what() const
 .text._ZNKSt13bad_exception4whatEv
                0x08003a6c        0xc ..\..\..\..\..\..\..\..\Program Files (x86)\GNU Tools ARM Embedded\4.7 2012q4\arm-none-eabi\lib\armv7e-m\libstdc++.a(eh_exception.o)
                0x08003a6c                std::bad_exception::what() const
 .text._ZNSt9exceptionD0Ev
                0x08003a78       0x14 ..\..\..\..\..\..\..\..\Program Files (x86)\GNU Tools ARM Embedded\4.7 2012q4\arm-none-eabi\lib\armv7e-m\libstdc++.a(eh_exception.o)
                0x08003a78                std::exception::~exception()
 .text._ZNSt13bad_exceptionD0Ev
                0x08003a8c       0x14 ..\..\..\..\..\..\..\..\Program Files (x86)\GNU Tools ARM Embedded\4.7 2012q4\arm-none-eabi\lib\armv7e-m\libstdc++.a(eh_exception.o)
                0x08003a8c                std::bad_exception::~bad_exception()
 .text._ZdlPv   0x08003aa0        0x8 ..\..\..\..\..\..\..\..\Program Files (x86)\GNU Tools ARM Embedded\4.7 2012q4\arm-none-eabi\lib\armv7e-m\libstdc++.a(del_op.o)
                0x08003aa0                operator delete(void*)
 .text._ZNK10__cxxabiv117__class_type_info11__do_upcastEPKS0_PPv
                0x08003aa8       0x38 ..\..\..\..\..\..\..\..\Program Files (x86)\GNU Tools ARM Embedded\4.7 2012q4\arm-none-eabi\lib\armv7e-m\libstdc++.a(class_type_info.o)
                0x08003aa8                __cxxabiv1::__class_type_info::__do_upcast(__cxxabiv1::__class_type_info const*, void**) const
 .text._ZNK10__cxxabiv117__class_type_info20__do_find_public_srcEiPKvPKS0_S2_
                0x08003ae0        0xc ..\..\..\..\..\..\..\..\Program Files (x86)\GNU Tools ARM Embedded\4.7 2012q4\arm-none-eabi\lib\armv7e-m\libstdc++.a(class_type_info.o)
                0x08003ae0                __cxxabiv1::__class_type_info::__do_find_public_src(int, void const*, __cxxabiv1::__class_type_info const*, void const*) const
 .text._ZNK10__cxxabiv117__class_type_info11__do_upcastEPKS0_PKvRNS0_15__upcast_resultE
                0x08003aec       0x1c ..\..\..\..\..\..\..\..\Program Files (x86)\GNU Tools ARM Embedded\4.7 2012q4\arm-none-eabi\lib\armv7e-m\libstdc++.a(class_type_info.o)
                0x08003aec                __cxxabiv1::__class_type_info::__do_upcast(__cxxabiv1::__class_type_info const*, void const*, __cxxabiv1::__class_type_info::__upcast_result&) const
 .text._ZN10__cxxabiv117__class_type_infoD2Ev
                0x08003b08       0x14 ..\..\..\..\..\..\..\..\Program Files (x86)\GNU Tools ARM Embedded\4.7 2012q4\arm-none-eabi\lib\armv7e-m\libstdc++.a(class_type_info.o)
                0x08003b08                __cxxabiv1::__class_type_info::~__class_type_info()
                0x08003b08                __cxxabiv1::__class_type_info::~__class_type_info()
 .text._ZN10__cxxabiv117__class_type_infoD0Ev
                0x08003b1c       0x14 ..\..\..\..\..\..\..\..\Program Files (x86)\GNU Tools ARM Embedded\4.7 2012q4\arm-none-eabi\lib\armv7e-m\libstdc++.a(class_type_info.o)
                0x08003b1c                __cxxabiv1::__class_type_info::~__class_type_info()
 .text._ZNK10__cxxabiv117__class_type_info12__do_dyncastEiNS0_10__sub_kindEPKS0_PKvS3_S5_RNS0_16__dyncast_resultE
                0x08003b30       0x40 ..\..\..\..\..\..\..\..\Program Files (x86)\GNU Tools ARM Embedded\4.7 2012q4\arm-none-eabi\lib\armv7e-m\libstdc++.a(class_type_info.o)
                0x08003b30                __cxxabiv1::__class_type_info::__do_dyncast(int, __cxxabiv1::__class_type_info::__sub_kind, __cxxabiv1::__class_type_info const*, void const*, __cxxabiv1::__class_type_info const*, void const*, __cxxabiv1::__class_type_info::__dyncast_result&) const
 .text._ZNK10__cxxabiv117__class_type_info10__do_catchEPKSt9type_infoPPvj
                0x08003b70       0x28 ..\..\..\..\..\..\..\..\Program Files (x86)\GNU Tools ARM Embedded\4.7 2012q4\arm-none-eabi\lib\armv7e-m\libstdc++.a(class_type_info.o)
                0x08003b70                __cxxabiv1::__class_type_info::__do_catch(std::type_info const*, void**, unsigned int) const
 .text._ZL23__gxx_exception_cleanup19_Unwind_Reason_CodeP21_Unwind_Control_Block
                0x08003b98       0x44 ..\..\..\..\..\..\..\..\Program Files (x86)\GNU Tools ARM Embedded\4.7 2012q4\arm-none-eabi\lib\armv7e-m\libstdc++.a(eh_throw.o)
 .text.__cxa_throw
                0x08003bdc       0x7c ..\..\..\..\..\..\..\..\Program Files (x86)\GNU Tools ARM Embedded\4.7 2012q4\arm-none-eabi\lib\armv7e-m\libstdc++.a(eh_throw.o)
                0x08003bdc                __cxa_throw
 .text.__cxa_rethrow
                0x08003c58       0x70 ..\..\..\..\..\..\..\..\Program Files (x86)\GNU Tools ARM Embedded\4.7 2012q4\arm-none-eabi\lib\armv7e-m\libstdc++.a(eh_throw.o)
                0x08003c58                __cxa_rethrow
 .text._ZL12read_sleb128PKhPl
                0x08003cc8       0x3c ..\..\..\..\..\..\..\..\Program Files (x86)\GNU Tools ARM Embedded\4.7 2012q4\arm-none-eabi\lib\armv7e-m\libstdc++.a(eh_personality.o)
 .text._ZL28read_encoded_value_with_basehjPKhPj
                0x08003d04       0xb0 ..\..\..\..\..\..\..\..\Program Files (x86)\GNU Tools ARM Embedded\4.7 2012q4\arm-none-eabi\lib\armv7e-m\libstdc++.a(eh_personality.o)
 .text._ZL21base_of_encoded_valuehP15_Unwind_Context
                0x08003db4       0x4c ..\..\..\..\..\..\..\..\Program Files (x86)\GNU Tools ARM Embedded\4.7 2012q4\arm-none-eabi\lib\armv7e-m\libstdc++.a(eh_personality.o)
 .text._ZL17parse_lsda_headerP15_Unwind_ContextPKhP16lsda_header_info
                0x08003e00       0x94 ..\..\..\..\..\..\..\..\Program Files (x86)\GNU Tools ARM Embedded\4.7 2012q4\arm-none-eabi\lib\armv7e-m\libstdc++.a(eh_personality.o)
 .text.__gxx_personality_v0
                0x08003e94      0x3f8 ..\..\..\..\..\..\..\..\Program Files (x86)\GNU Tools ARM Embedded\4.7 2012q4\arm-none-eabi\lib\armv7e-m\libstdc++.a(eh_personality.o)
                0x08003e94                __gxx_personality_v0
 .text.__cxa_allocate_exception
                0x0800428c       0x70 ..\..\..\..\..\..\..\..\Program Files (x86)\GNU Tools ARM Embedded\4.7 2012q4\arm-none-eabi\lib\armv7e-m\libstdc++.a(eh_alloc.o)
                0x0800428c                __cxa_allocate_exception
 .text.__cxa_free_exception
                0x080042fc       0x34 ..\..\..\..\..\..\..\..\Program Files (x86)\GNU Tools ARM Embedded\4.7 2012q4\arm-none-eabi\lib\armv7e-m\libstdc++.a(eh_alloc.o)
                0x080042fc                __cxa_free_exception
 .text._ZN10__cxxabiv111__terminateEPFvvE
                0x08004330       0x28 ..\..\..\..\..\..\..\..\Program Files (x86)\GNU Tools ARM Embedded\4.7 2012q4\arm-none-eabi\lib\armv7e-m\libstdc++.a(eh_terminate.o)
                0x08004330                __cxxabiv1::__terminate(void (*)())
 .text._ZSt9terminatev
                0x08004358       0x10 ..\..\..\..\..\..\..\..\Program Files (x86)\GNU Tools ARM Embedded\4.7 2012q4\arm-none-eabi\lib\armv7e-m\libstdc++.a(eh_terminate.o)
                0x08004358                std::terminate()
 .text._ZN10__cxxabiv112__unexpectedEPFvvE
                0x08004368        0x8 ..\..\..\..\..\..\..\..\Program Files (x86)\GNU Tools ARM Embedded\4.7 2012q4\arm-none-eabi\lib\armv7e-m\libstdc++.a(eh_terminate.o)
                0x08004368                __cxxabiv1::__unexpected(void (*)())
 .text._ZSt10unexpectedv
                0x08004370       0x10 ..\..\..\..\..\..\..\..\Program Files (x86)\GNU Tools ARM Embedded\4.7 2012q4\arm-none-eabi\lib\armv7e-m\libstdc++.a(eh_terminate.o)
                0x08004370                std::unexpected()
 .text._ZNSt9type_infoD2Ev
                0x08004380        0xc ..\..\..\..\..\..\..\..\Program Files (x86)\GNU Tools ARM Embedded\4.7 2012q4\arm-none-eabi\lib\armv7e-m\libstdc++.a(tinfo.o)
                0x08004380                std::type_info::~type_info()
                0x08004380                std::type_info::~type_info()
 .text._ZNKSt9type_info14__is_pointer_pEv
                0x0800438c        0x4 ..\..\..\..\..\..\..\..\Program Files (x86)\GNU Tools ARM Embedded\4.7 2012q4\arm-none-eabi\lib\armv7e-m\libstdc++.a(tinfo.o)
                0x0800438c                std::type_info::__is_pointer_p() const
 .text._ZNKSt9type_info15__is_function_pEv
                0x08004390        0x4 ..\..\..\..\..\..\..\..\Program Files (x86)\GNU Tools ARM Embedded\4.7 2012q4\arm-none-eabi\lib\armv7e-m\libstdc++.a(tinfo.o)
                0x08004390                std::type_info::__is_function_p() const
 .text._ZNKSt9type_info11__do_upcastEPKN10__cxxabiv117__class_type_infoEPPv
                0x08004394        0x4 ..\..\..\..\..\..\..\..\Program Files (x86)\GNU Tools ARM Embedded\4.7 2012q4\arm-none-eabi\lib\armv7e-m\libstdc++.a(tinfo.o)
                0x08004394                std::type_info::__do_upcast(__cxxabiv1::__class_type_info const*, void**) const
 .text._ZNSt9type_infoD0Ev
                0x08004398       0x14 ..\..\..\..\..\..\..\..\Program Files (x86)\GNU Tools ARM Embedded\4.7 2012q4\arm-none-eabi\lib\armv7e-m\libstdc++.a(tinfo.o)
                0x08004398                std::type_info::~type_info()
 .text._ZNKSt9type_infoeqERKS_
                0x080043ac       0x28 ..\..\..\..\..\..\..\..\Program Files (x86)\GNU Tools ARM Embedded\4.7 2012q4\arm-none-eabi\lib\armv7e-m\libstdc++.a(tinfo.o)
                0x080043ac                std::type_info::operator==(std::type_info const&) const
 .text._ZNKSt9type_info10__do_catchEPKS_PPvj
                0x080043d4        0x4 ..\..\..\..\..\..\..\..\Program Files (x86)\GNU Tools ARM Embedded\4.7 2012q4\arm-none-eabi\lib\armv7e-m\libstdc++.a(tinfo.o)
                0x080043d4                std::type_info::__do_catch(std::type_info const*, void**, unsigned int) const
 .text._ZN9__gnu_cxx20recursive_init_errorD2Ev
                0x080043d8       0x14 ..\..\..\..\..\..\..\..\Program Files (x86)\GNU Tools ARM Embedded\4.7 2012q4\arm-none-eabi\lib\armv7e-m\libstdc++.a(guard_error.o)
                0x080043d8                __gnu_cxx::recursive_init_error::~recursive_init_error()
                0x080043d8                __gnu_cxx::recursive_init_error::~recursive_init_error()
 .text._ZN9__gnu_cxx20recursive_init_errorD0Ev
                0x080043ec       0x14 ..\..\..\..\..\..\..\..\Program Files (x86)\GNU Tools ARM Embedded\4.7 2012q4\arm-none-eabi\lib\armv7e-m\libstdc++.a(guard_error.o)
                0x080043ec                __gnu_cxx::recursive_init_error::~recursive_init_error()
 .text._ZNK10__cxxabiv120__si_class_type_info12__do_dyncastEiNS_17__class_type_info10__sub_kindEPKS1_PKvS4_S6_RNS1_16__dyncast_resultE
                0x08004400       0x90 ..\..\..\..\..\..\..\..\Program Files (x86)\GNU Tools ARM Embedded\4.7 2012q4\arm-none-eabi\lib\armv7e-m\libstdc++.a(si_class_type_info.o)
                0x08004400                __cxxabiv1::__si_class_type_info::__do_dyncast(int, __cxxabiv1::__class_type_info::__sub_kind, __cxxabiv1::__class_type_info const*, void const*, __cxxabiv1::__class_type_info const*, void const*, __cxxabiv1::__class_type_info::__dyncast_result&) const
 .text._ZN10__cxxabiv120__si_class_type_infoD2Ev
                0x08004490       0x14 ..\..\..\..\..\..\..\..\Program Files (x86)\GNU Tools ARM Embedded\4.7 2012q4\arm-none-eabi\lib\armv7e-m\libstdc++.a(si_class_type_info.o)
                0x08004490                __cxxabiv1::__si_class_type_info::~__si_class_type_info()
                0x08004490                __cxxabiv1::__si_class_type_info::~__si_class_type_info()
 .text._ZN10__cxxabiv120__si_class_type_infoD0Ev
                0x080044a4       0x14 ..\..\..\..\..\..\..\..\Program Files (x86)\GNU Tools ARM Embedded\4.7 2012q4\arm-none-eabi\lib\armv7e-m\libstdc++.a(si_class_type_info.o)
                0x080044a4                __cxxabiv1::__si_class_type_info::~__si_class_type_info()
 .text._ZNK10__cxxabiv120__si_class_type_info11__do_upcastEPKNS_17__class_type_infoEPKvRNS1_15__upcast_resultE
                0x080044b8       0x24 ..\..\..\..\..\..\..\..\Program Files (x86)\GNU Tools ARM Embedded\4.7 2012q4\arm-none-eabi\lib\armv7e-m\libstdc++.a(si_class_type_info.o)
                0x080044b8                __cxxabiv1::__si_class_type_info::__do_upcast(__cxxabiv1::__class_type_info const*, void const*, __cxxabiv1::__class_type_info::__upcast_result&) const
 .text._ZNK10__cxxabiv120__si_class_type_info20__do_find_public_srcEiPKvPKNS_17__class_type_infoES2_
                0x080044dc       0x34 ..\..\..\..\..\..\..\..\Program Files (x86)\GNU Tools ARM Embedded\4.7 2012q4\arm-none-eabi\lib\armv7e-m\libstdc++.a(si_class_type_info.o)
                0x080044dc                __cxxabiv1::__si_class_type_info::__do_find_public_src(int, void const*, __cxxabiv1::__class_type_info const*, void const*) const
 .text._ZN10__cxxabiv1L24__is_gxx_exception_classEPc
                0x08004510       0x3c ..\..\..\..\..\..\..\..\Program Files (x86)\GNU Tools ARM Embedded\4.7 2012q4\arm-none-eabi\lib\armv7e-m\libstdc++.a(eh_call.o)
 .text.__cxa_call_terminate
                0x0800454c       0x20 ..\..\..\..\..\..\..\..\Program Files (x86)\GNU Tools ARM Embedded\4.7 2012q4\arm-none-eabi\lib\armv7e-m\libstdc++.a(eh_call.o)
                0x0800454c                __cxa_call_terminate
 .text.__cxa_call_unexpected
                0x0800456c       0xe4 ..\..\..\..\..\..\..\..\Program Files (x86)\GNU Tools ARM Embedded\4.7 2012q4\arm-none-eabi\lib\armv7e-m\libstdc++.a(eh_call.o)
                0x0800456c                __cxa_call_unexpected
 .text.__cxa_begin_catch
                0x08004650       0x8c ..\..\..\..\..\..\..\..\Program Files (x86)\GNU Tools ARM Embedded\4.7 2012q4\arm-none-eabi\lib\armv7e-m\libstdc++.a(eh_catch.o)
                0x08004650                __cxa_begin_catch
 .text.__cxa_end_catch
                0x080046dc       0x8c ..\..\..\..\..\..\..\..\Program Files (x86)\GNU Tools ARM Embedded\4.7 2012q4\arm-none-eabi\lib\armv7e-m\libstdc++.a(eh_catch.o)
                0x080046dc                __cxa_end_catch
 .text._ZN9__gnu_cxx27__verbose_terminate_handlerEv
                0x08004768      0x110 ..\..\..\..\..\..\..\..\Program Files (x86)\GNU Tools ARM Embedded\4.7 2012q4\arm-none-eabi\lib\armv7e-m\libstdc++.a(vterminate.o)
                0x08004768                __gnu_cxx::__verbose_terminate_handler()
 .text.__cxa_current_exception_type
                0x08004878       0x1c ..\..\..\..\..\..\..\..\Program Files (x86)\GNU Tools ARM Embedded\4.7 2012q4\arm-none-eabi\lib\armv7e-m\libstdc++.a(eh_type.o)
                0x08004878                __cxa_current_exception_type
 .text          0x08004894     0x9ad0 ..\..\..\..\..\..\..\..\Program Files (x86)\GNU Tools ARM Embedded\4.7 2012q4\arm-none-eabi\lib\armv7e-m\libstdc++.a(cp-demangle.o)
                0x0800e280                __cxa_demangle
                0x0800e348                __gcclibcxx_demangle_callback
 .text.cos      0x0800e364       0x90 ..\..\..\..\..\..\..\..\Program Files (x86)\GNU Tools ARM Embedded\4.7 2012q4\arm-none-eabi\lib\armv7e-m\libm.a(lib_a-s_cos.o)
                0x0800e364                cos
 .text.sin      0x0800e3f4       0x98 ..\..\..\..\..\..\..\..\Program Files (x86)\GNU Tools ARM Embedded\4.7 2012q4\arm-none-eabi\lib\armv7e-m\libm.a(lib_a-s_sin.o)
                0x0800e3f4                sin
 *fill*         0x0800e48c        0x4 00
 .text.__ieee754_rem_pio2
                0x0800e490      0x468 ..\..\..\..\..\..\..\..\Program Files (x86)\GNU Tools ARM Embedded\4.7 2012q4\arm-none-eabi\lib\armv7e-m\libm.a(lib_a-e_rem_pio2.o)
                0x0800e490                __ieee754_rem_pio2
 .text.__kernel_cos
                0x0800e8f8      0x258 ..\..\..\..\..\..\..\..\Program Files (x86)\GNU Tools ARM Embedded\4.7 2012q4\arm-none-eabi\lib\armv7e-m\libm.a(lib_a-k_cos.o)
                0x0800e8f8                __kernel_cos
 .text.__kernel_rem_pio2
                0x0800eb50      0xdec ..\..\..\..\..\..\..\..\Program Files (x86)\GNU Tools ARM Embedded\4.7 2012q4\arm-none-eabi\lib\armv7e-m\libm.a(lib_a-k_rem_pio2.o)
                0x0800eb50                __kernel_rem_pio2
 *fill*         0x0800f93c        0x4 00
 .text.__kernel_sin
                0x0800f940      0x170 ..\..\..\..\..\..\..\..\Program Files (x86)\GNU Tools ARM Embedded\4.7 2012q4\arm-none-eabi\lib\armv7e-m\libm.a(lib_a-k_sin.o)
                0x0800f940                __kernel_sin
 .text.fabs     0x0800fab0        0x8 ..\..\..\..\..\..\..\..\Program Files (x86)\GNU Tools ARM Embedded\4.7 2012q4\arm-none-eabi\lib\armv7e-m\libm.a(lib_a-s_fabs.o)
                0x0800fab0                fabs
 .text.floor    0x0800fab8      0x110 ..\..\..\..\..\..\..\..\Program Files (x86)\GNU Tools ARM Embedded\4.7 2012q4\arm-none-eabi\lib\armv7e-m\libm.a(lib_a-s_floor.o)
                0x0800fab8                floor
 .text.scalbn   0x0800fbc8      0x108 ..\..\..\..\..\..\..\..\Program Files (x86)\GNU Tools ARM Embedded\4.7 2012q4\arm-none-eabi\lib\armv7e-m\libm.a(lib_a-s_scalbn.o)
                0x0800fbc8                scalbn
 .text.copysign
                0x0800fcd0       0x18 ..\..\..\..\..\..\..\..\Program Files (x86)\GNU Tools ARM Embedded\4.7 2012q4\arm-none-eabi\lib\armv7e-m\libm.a(lib_a-s_copysign.o)
                0x0800fcd0                copysign
 .text          0x0800fce8      0x370 d:/program files (x86)/gnu tools arm embedded/4.7 2012q4/bin/../lib/gcc/arm-none-eabi/4.7.3/armv7e-m\libgcc.a(_arm_addsubdf3.o)
                0x0800fce8                __aeabi_drsub
                0x0800fcf0                __aeabi_dsub
                0x0800fcf0                __subdf3
                0x0800fcf4                __aeabi_dadd
                0x0800fcf4                __adddf3
                0x0800ff6c                __floatunsidf
                0x0800ff6c                __aeabi_ui2d
                0x0800ff8c                __floatsidf
                0x0800ff8c                __aeabi_i2d
                0x0800ffb0                __aeabi_f2d
                0x0800ffb0                __extendsfdf2
                0x0800ffec                __floatundidf
                0x0800ffec                __aeabi_ul2d
                0x0800fffc                __floatdidf
                0x0800fffc                __aeabi_l2d
 .text          0x08010058      0x424 d:/program files (x86)/gnu tools arm embedded/4.7 2012q4/bin/../lib/gcc/arm-none-eabi/4.7.3/armv7e-m\libgcc.a(_arm_muldivdf3.o)
                0x08010058                __aeabi_dmul
                0x08010058                __muldf3
                0x080102ac                __divdf3
                0x080102ac                __aeabi_ddiv
 .text          0x0801047c      0x110 d:/program files (x86)/gnu tools arm embedded/4.7 2012q4/bin/../lib/gcc/arm-none-eabi/4.7.3/armv7e-m\libgcc.a(_arm_cmpdf2.o)
                0x0801047c                __gtdf2
                0x0801047c                __gedf2
                0x08010484                __ltdf2
                0x08010484                __ledf2
                0x0801048c                __nedf2
                0x0801048c                __eqdf2
                0x0801048c                __cmpdf2
                0x08010508                __aeabi_cdrcmple
                0x08010518                __aeabi_cdcmpeq
                0x08010518                __aeabi_cdcmple
                0x08010528                __aeabi_dcmpeq
                0x0801053c                __aeabi_dcmplt
                0x08010550                __aeabi_dcmple
                0x08010564                __aeabi_dcmpge
                0x08010578                __aeabi_dcmpgt
 .text          0x0801058c       0x50 d:/program files (x86)/gnu tools arm embedded/4.7 2012q4/bin/../lib/gcc/arm-none-eabi/4.7.3/armv7e-m\libgcc.a(_arm_fixdfsi.o)
                0x0801058c                __aeabi_d2iz
                0x0801058c                __fixdfsi
 .text          0x080105dc       0xa0 d:/program files (x86)/gnu tools arm embedded/4.7 2012q4/bin/../lib/gcc/arm-none-eabi/4.7.3/armv7e-m\libgcc.a(_arm_truncdfsf2.o)
                0x080105dc                __truncdfsf2
                0x080105dc                __aeabi_d2f
 .text          0x0801067c      0xba4 d:/program files (x86)/gnu tools arm embedded/4.7 2012q4/bin/../lib/gcc/arm-none-eabi/4.7.3/armv7e-m\libgcc.a(unwind-arm.o)
                0x08010940                _Unwind_GetCFA
                0x08010944                __gnu_Unwind_RaiseException
                0x080109a4                __gnu_Unwind_ForcedUnwind
                0x080109bc                __gnu_Unwind_Resume
                0x08010a00                __gnu_Unwind_Resume_or_Rethrow
                0x08010a18                _Unwind_Complete
                0x08010a1c                _Unwind_DeleteException
                0x08010a2c                _Unwind_VRS_Get
                0x08010a68                _Unwind_VRS_Set
                0x08010e04                __aeabi_unwind_cpp_pr2
                0x08010e0c                __aeabi_unwind_cpp_pr1
                0x08010e14                __aeabi_unwind_cpp_pr0
                0x08010e1c                __gnu_Unwind_Backtrace
                0x08010e88                _Unwind_VRS_Pop
 .text          0x08011220      0x1ac d:/program files (x86)/gnu tools arm embedded/4.7 2012q4/bin/../lib/gcc/arm-none-eabi/4.7.3/armv7e-m\libgcc.a(libunwind.o)
                0x08011220                __restore_core_regs
                0x08011220                restore_core_regs
                0x08011238                __gnu_Unwind_Restore_VFP
                0x08011240                __gnu_Unwind_Save_VFP
                0x08011248                __gnu_Unwind_Restore_VFP_D
                0x08011250                __gnu_Unwind_Save_VFP_D
                0x08011258                __gnu_Unwind_Restore_VFP_D_16_to_31
                0x08011260                __gnu_Unwind_Save_VFP_D_16_to_31
                0x08011268                __gnu_Unwind_Restore_WMMXD
                0x080112ac                __gnu_Unwind_Save_WMMXD
                0x080112f0                __gnu_Unwind_Restore_WMMXC
                0x08011304                __gnu_Unwind_Save_WMMXC
                0x08011318                ___Unwind_RaiseException
                0x08011318                _Unwind_RaiseException
                0x0801133c                _Unwind_Resume
                0x0801133c                ___Unwind_Resume
                0x08011360                _Unwind_Resume_or_Rethrow
                0x08011360                ___Unwind_Resume_or_Rethrow
                0x08011384                _Unwind_ForcedUnwind
                0x08011384                ___Unwind_ForcedUnwind
                0x080113a8                ___Unwind_Backtrace
                0x080113a8                _Unwind_Backtrace
 .text          0x080113cc      0x3a0 d:/program files (x86)/gnu tools arm embedded/4.7 2012q4/bin/../lib/gcc/arm-none-eabi/4.7.3/armv7e-m\libgcc.a(pr-support.o)
                0x08011418                __gnu_unwind_execute
                0x08011714                __gnu_unwind_frame
                0x0801173c                _Unwind_GetRegionStart
                0x08011748                _Unwind_GetLanguageSpecificData
                0x0801175c                _Unwind_GetDataRelBase
                0x08011764                _Unwind_GetTextRelBase
 .text.atof     0x0801176c        0x8 ..\..\..\..\..\..\..\..\Program Files (x86)\GNU Tools ARM Embedded\4.7 2012q4\arm-none-eabi\lib\armv7e-m\libg.a(lib_a-atof.o)
                0x0801176c                atof
 .text.atol     0x08011774        0x8 ..\..\..\..\..\..\..\..\Program Files (x86)\GNU Tools ARM Embedded\4.7 2012q4\arm-none-eabi\lib\armv7e-m\libg.a(lib_a-atol.o)
                0x08011774                atol
 .text.fputc    0x0801177c       0x2c ..\..\..\..\..\..\..\..\Program Files (x86)\GNU Tools ARM Embedded\4.7 2012q4\arm-none-eabi\lib\armv7e-m\libg.a(lib_a-fputc.o)
                0x0801177c                fputc
 .text._fputs_r
                0x080117a8       0x50 ..\..\..\..\..\..\..\..\Program Files (x86)\GNU Tools ARM Embedded\4.7 2012q4\arm-none-eabi\lib\armv7e-m\libg.a(lib_a-fputs.o)
                0x080117a8                _fputs_r
 .text.fputs    0x080117f8       0x18 ..\..\..\..\..\..\..\..\Program Files (x86)\GNU Tools ARM Embedded\4.7 2012q4\arm-none-eabi\lib\armv7e-m\libg.a(lib_a-fputs.o)
                0x080117f8                fputs
 .text.__sfvwrite_r
                0x08011810      0x314 ..\..\..\..\..\..\..\..\Program Files (x86)\GNU Tools ARM Embedded\4.7 2012q4\arm-none-eabi\lib\armv7e-m\libg.a(lib_a-fvwrite.o)
                0x08011810                __sfvwrite_r
 .text._fwrite_r
                0x08011b24       0x60 ..\..\..\..\..\..\..\..\Program Files (x86)\GNU Tools ARM Embedded\4.7 2012q4\arm-none-eabi\lib\armv7e-m\libg.a(lib_a-fwrite.o)
                0x08011b24                _fwrite_r
 .text.fwrite   0x08011b84       0x24 ..\..\..\..\..\..\..\..\Program Files (x86)\GNU Tools ARM Embedded\4.7 2012q4\arm-none-eabi\lib\armv7e-m\libg.a(lib_a-fwrite.o)
                0x08011b84                fwrite
 .text.malloc   0x08011ba8       0x10 ..\..\..\..\..\..\..\..\Program Files (x86)\GNU Tools ARM Embedded\4.7 2012q4\arm-none-eabi\lib\armv7e-m\libg.a(lib_a-malloc.o)
                0x08011ba8                malloc
 .text.free     0x08011bb8       0x10 ..\..\..\..\..\..\..\..\Program Files (x86)\GNU Tools ARM Embedded\4.7 2012q4\arm-none-eabi\lib\armv7e-m\libg.a(lib_a-malloc.o)
                0x08011bb8                free
 .text._malloc_r
                0x08011bc8      0x55c ..\..\..\..\..\..\..\..\Program Files (x86)\GNU Tools ARM Embedded\4.7 2012q4\arm-none-eabi\lib\armv7e-m\libg.a(lib_a-mallocr.o)
                0x08011bc8                _malloc_r
 .text.memchr   0x08012124      0x140 ..\..\..\..\..\..\..\..\Program Files (x86)\GNU Tools ARM Embedded\4.7 2012q4\arm-none-eabi\lib\armv7e-m\libg.a(lib_a-memchr.o)
                0x08012124                memchr
 .text.memcmp   0x08012264       0xb8 ..\..\..\..\..\..\..\..\Program Files (x86)\GNU Tools ARM Embedded\4.7 2012q4\arm-none-eabi\lib\armv7e-m\libg.a(lib_a-memcmp.o)
                0x08012264                memcmp
 .text.memcpy   0x0801231c      0x144 ..\..\..\..\..\..\..\..\Program Files (x86)\GNU Tools ARM Embedded\4.7 2012q4\arm-none-eabi\lib\armv7e-m\libg.a(lib_a-memcpy.o)
                0x0801231c                memcpy
 .text.memmove  0x08012460      0x198 ..\..\..\..\..\..\..\..\Program Files (x86)\GNU Tools ARM Embedded\4.7 2012q4\arm-none-eabi\lib\armv7e-m\libg.a(lib_a-memmove.o)
                0x08012460                memmove
 .text.memset   0x080125f8      0x12c ..\..\..\..\..\..\..\..\Program Files (x86)\GNU Tools ARM Embedded\4.7 2012q4\arm-none-eabi\lib\armv7e-m\libg.a(lib_a-memset.o)
                0x080125f8                memset
 .text.__malloc_lock
                0x08012724        0x4 ..\..\..\..\..\..\..\..\Program Files (x86)\GNU Tools ARM Embedded\4.7 2012q4\arm-none-eabi\lib\armv7e-m\libg.a(lib_a-mlock.o)
                0x08012724                __malloc_lock
 .text.__malloc_unlock
                0x08012728        0x4 ..\..\..\..\..\..\..\..\Program Files (x86)\GNU Tools ARM Embedded\4.7 2012q4\arm-none-eabi\lib\armv7e-m\libg.a(lib_a-mlock.o)
                0x08012728                __malloc_unlock
 .text._putc_r  0x0801272c       0x60 ..\..\..\..\..\..\..\..\Program Files (x86)\GNU Tools ARM Embedded\4.7 2012q4\arm-none-eabi\lib\armv7e-m\libg.a(lib_a-putc.o)
                0x0801272c                _putc_r
 .text.realloc  0x0801278c       0x18 ..\..\..\..\..\..\..\..\Program Files (x86)\GNU Tools ARM Embedded\4.7 2012q4\arm-none-eabi\lib\armv7e-m\libg.a(lib_a-realloc.o)
                0x0801278c                realloc
 .text._realloc_r
                0x080127a4      0x3dc ..\..\..\..\..\..\..\..\Program Files (x86)\GNU Tools ARM Embedded\4.7 2012q4\arm-none-eabi\lib\armv7e-m\libg.a(lib_a-reallocr.o)
                0x080127a4                _realloc_r
 .text._sbrk_r  0x08012b80       0x24 ..\..\..\..\..\..\..\..\Program Files (x86)\GNU Tools ARM Embedded\4.7 2012q4\arm-none-eabi\lib\armv7e-m\libg.a(lib_a-sbrkr.o)
                0x08012b80                _sbrk_r
 .text.sprintf  0x08012ba4       0x50 ..\..\..\..\..\..\..\..\Program Files (x86)\GNU Tools ARM Embedded\4.7 2012q4\arm-none-eabi\lib\armv7e-m\libg.a(lib_a-sprintf.o)
                0x08012ba4                sprintf
 .text.strcmp   0x08012bf4       0x80 ..\..\..\..\..\..\..\..\Program Files (x86)\GNU Tools ARM Embedded\4.7 2012q4\arm-none-eabi\lib\armv7e-m\libg.a(lib_a-strcmp.o)
                0x08012bf4                strcmp
 .text.strcmp_unaligned
                0x08012c74      0x15c ..\..\..\..\..\..\..\..\Program Files (x86)\GNU Tools ARM Embedded\4.7 2012q4\arm-none-eabi\lib\armv7e-m\libg.a(lib_a-strcmp.o)
 .text.strlen   0x08012dd0       0x60 ..\..\..\..\..\..\..\..\Program Files (x86)\GNU Tools ARM Embedded\4.7 2012q4\arm-none-eabi\lib\armv7e-m\libg.a(lib_a-strlen.o)
                0x08012dd0                strlen
 .text.strncmp  0x08012e30      0x120 ..\..\..\..\..\..\..\..\Program Files (x86)\GNU Tools ARM Embedded\4.7 2012q4\arm-none-eabi\lib\armv7e-m\libg.a(lib_a-strncmp.o)
                0x08012e30                strncmp
 .text._strtod_r
                0x08012f50      0xea0 ..\..\..\..\..\..\..\..\Program Files (x86)\GNU Tools ARM Embedded\4.7 2012q4\arm-none-eabi\lib\armv7e-m\libg.a(lib_a-strtod.o)
                0x08012f50                _strtod_r
 .text.strtod   0x08013df0       0x18 ..\..\..\..\..\..\..\..\Program Files (x86)\GNU Tools ARM Embedded\4.7 2012q4\arm-none-eabi\lib\armv7e-m\libg.a(lib_a-strtod.o)
                0x08013df0                strtod
 .text._strtol_r
                0x08013e08      0x134 ..\..\..\..\..\..\..\..\Program Files (x86)\GNU Tools ARM Embedded\4.7 2012q4\arm-none-eabi\lib\armv7e-m\libg.a(lib_a-strtol.o)
                0x08013e08                _strtol_r
 .text.strtol   0x08013f3c       0x1c ..\..\..\..\..\..\..\..\Program Files (x86)\GNU Tools ARM Embedded\4.7 2012q4\arm-none-eabi\lib\armv7e-m\libg.a(lib_a-strtol.o)
                0x08013f3c                strtol
 .text._svfprintf_r
                0x08013f58     0x1adc ..\..\..\..\..\..\..\..\Program Files (x86)\GNU Tools ARM Embedded\4.7 2012q4\arm-none-eabi\lib\armv7e-m\libg.a(lib_a-svfprintf.o)
                0x08013f58                _svfprintf_r
 .text._vsnprintf_r
                0x08015a34       0x58 ..\..\..\..\..\..\..\..\Program Files (x86)\GNU Tools ARM Embedded\4.7 2012q4\arm-none-eabi\lib\armv7e-m\libg.a(lib_a-vsnprintf.o)
                0x08015a34                _vsnprintf_r
 .text.vsnprintf
                0x08015a8c       0x24 ..\..\..\..\..\..\..\..\Program Files (x86)\GNU Tools ARM Embedded\4.7 2012q4\arm-none-eabi\lib\armv7e-m\libg.a(lib_a-vsnprintf.o)
                0x08015a8c                vsnprintf
 .text.__swbuf_r
                0x08015ab0       0xbc ..\..\..\..\..\..\..\..\Program Files (x86)\GNU Tools ARM Embedded\4.7 2012q4\arm-none-eabi\lib\armv7e-m\libg.a(lib_a-wbuf.o)
                0x08015ab0                __swbuf_r
 .text._write_r
                0x08015b6c       0x28 ..\..\..\..\..\..\..\..\Program Files (x86)\GNU Tools ARM Embedded\4.7 2012q4\arm-none-eabi\lib\armv7e-m\libg.a(lib_a-writer.o)
                0x08015b6c                _write_r
 .text.__swsetup_r
                0x08015b94       0xc4 ..\..\..\..\..\..\..\..\Program Files (x86)\GNU Tools ARM Embedded\4.7 2012q4\arm-none-eabi\lib\armv7e-m\libg.a(lib_a-wsetup.o)
                0x08015b94                __swsetup_r
 .text.quorem   0x08015c58      0x2ec ..\..\..\..\..\..\..\..\Program Files (x86)\GNU Tools ARM Embedded\4.7 2012q4\arm-none-eabi\lib\armv7e-m\libg.a(lib_a-dtoa.o)
 *fill*         0x08015f44        0x4 00
 .text._dtoa_r  0x08015f48     0x1258 ..\..\..\..\..\..\..\..\Program Files (x86)\GNU Tools ARM Embedded\4.7 2012q4\arm-none-eabi\lib\armv7e-m\libg.a(lib_a-dtoa.o)
                0x08015f48                _dtoa_r
 .text._fflush_r
                0x080171a0      0x168 ..\..\..\..\..\..\..\..\Program Files (x86)\GNU Tools ARM Embedded\4.7 2012q4\arm-none-eabi\lib\armv7e-m\libg.a(lib_a-fflush.o)
                0x080171a0                _fflush_r
 .text._cleanup_r
                0x08017308        0xc ..\..\..\..\..\..\..\..\Program Files (x86)\GNU Tools ARM Embedded\4.7 2012q4\arm-none-eabi\lib\armv7e-m\libg.a(lib_a-findfp.o)
                0x08017308                _cleanup_r
 .text.std.isra.0
                0x08017314       0x50 ..\..\..\..\..\..\..\..\Program Files (x86)\GNU Tools ARM Embedded\4.7 2012q4\arm-none-eabi\lib\armv7e-m\libg.a(lib_a-findfp.o)
 .text.__sinit  0x08017364       0x4c ..\..\..\..\..\..\..\..\Program Files (x86)\GNU Tools ARM Embedded\4.7 2012q4\arm-none-eabi\lib\armv7e-m\libg.a(lib_a-findfp.o)
                0x08017364                __sinit
 .text.__sfp_lock_acquire
                0x080173b0        0x4 ..\..\..\..\..\..\..\..\Program Files (x86)\GNU Tools ARM Embedded\4.7 2012q4\arm-none-eabi\lib\armv7e-m\libg.a(lib_a-findfp.o)
                0x080173b0                __sfp_lock_acquire
 .text.__sfp_lock_release
                0x080173b4        0x4 ..\..\..\..\..\..\..\..\Program Files (x86)\GNU Tools ARM Embedded\4.7 2012q4\arm-none-eabi\lib\armv7e-m\libg.a(lib_a-findfp.o)
                0x080173b4                __sfp_lock_release
 .text._malloc_trim_r
                0x080173b8       0x98 ..\..\..\..\..\..\..\..\Program Files (x86)\GNU Tools ARM Embedded\4.7 2012q4\arm-none-eabi\lib\armv7e-m\libg.a(lib_a-freer.o)
                0x080173b8                _malloc_trim_r
 .text._free_r  0x08017450      0x194 ..\..\..\..\..\..\..\..\Program Files (x86)\GNU Tools ARM Embedded\4.7 2012q4\arm-none-eabi\lib\armv7e-m\libg.a(lib_a-freer.o)
                0x08017450                _free_r
 .text._fwalk   0x080175e4       0xb8 ..\..\..\..\..\..\..\..\Program Files (x86)\GNU Tools ARM Embedded\4.7 2012q4\arm-none-eabi\lib\armv7e-m\libg.a(lib_a-fwalk.o)
                0x080175e4                _fwalk
 .text.rshift   0x0801769c      0x13c ..\..\..\..\..\..\..\..\Program Files (x86)\GNU Tools ARM Embedded\4.7 2012q4\arm-none-eabi\lib\armv7e-m\libg.a(lib_a-gdtoa-gethex.o)
 .text.__hexdig_init
                0x080177d8       0x50 ..\..\..\..\..\..\..\..\Program Files (x86)\GNU Tools ARM Embedded\4.7 2012q4\arm-none-eabi\lib\armv7e-m\libg.a(lib_a-gdtoa-gethex.o)
                0x080177d8                __hexdig_init
 .text.__gethex
                0x08017828      0x58c ..\..\..\..\..\..\..\..\Program Files (x86)\GNU Tools ARM Embedded\4.7 2012q4\arm-none-eabi\lib\armv7e-m\libg.a(lib_a-gdtoa-gethex.o)
                0x08017828                __gethex
 .text.__hexnan
                0x08017db4      0x2f0 ..\..\..\..\..\..\..\..\Program Files (x86)\GNU Tools ARM Embedded\4.7 2012q4\arm-none-eabi\lib\armv7e-m\libg.a(lib_a-gdtoa-hexnan.o)
                0x08017db4                __hexnan
 .text._localeconv_r
                0x080180a4        0xc ..\..\..\..\..\..\..\..\Program Files (x86)\GNU Tools ARM Embedded\4.7 2012q4\arm-none-eabi\lib\armv7e-m\libg.a(lib_a-locale.o)
                0x080180a4                _localeconv_r
 .text.__smakebuf_r
                0x080180b0       0xe8 ..\..\..\..\..\..\..\..\Program Files (x86)\GNU Tools ARM Embedded\4.7 2012q4\arm-none-eabi\lib\armv7e-m\libg.a(lib_a-makebuf.o)
                0x080180b0                __smakebuf_r
 .text._Balloc  0x08018198       0x4c ..\..\..\..\..\..\..\..\Program Files (x86)\GNU Tools ARM Embedded\4.7 2012q4\arm-none-eabi\lib\armv7e-m\libg.a(lib_a-mprec.o)
                0x08018198                _Balloc
 .text._Bfree   0x080181e4       0x14 ..\..\..\..\..\..\..\..\Program Files (x86)\GNU Tools ARM Embedded\4.7 2012q4\arm-none-eabi\lib\armv7e-m\libg.a(lib_a-mprec.o)
                0x080181e4                _Bfree
 .text.__multadd
                0x080181f8       0xf8 ..\..\..\..\..\..\..\..\Program Files (x86)\GNU Tools ARM Embedded\4.7 2012q4\arm-none-eabi\lib\armv7e-m\libg.a(lib_a-mprec.o)
                0x080181f8                __multadd
 .text.__s2b    0x080182f0      0x140 ..\..\..\..\..\..\..\..\Program Files (x86)\GNU Tools ARM Embedded\4.7 2012q4\arm-none-eabi\lib\armv7e-m\libg.a(lib_a-mprec.o)
                0x080182f0                __s2b
 .text.__hi0bits
                0x08018430       0x3c ..\..\..\..\..\..\..\..\Program Files (x86)\GNU Tools ARM Embedded\4.7 2012q4\arm-none-eabi\lib\armv7e-m\libg.a(lib_a-mprec.o)
                0x08018430                __hi0bits
 .text.__lo0bits
                0x0801846c       0x5c ..\..\..\..\..\..\..\..\Program Files (x86)\GNU Tools ARM Embedded\4.7 2012q4\arm-none-eabi\lib\armv7e-m\libg.a(lib_a-mprec.o)
                0x0801846c                __lo0bits
 .text.__i2b    0x080184c8       0x14 ..\..\..\..\..\..\..\..\Program Files (x86)\GNU Tools ARM Embedded\4.7 2012q4\arm-none-eabi\lib\armv7e-m\libg.a(lib_a-mprec.o)
                0x080184c8                __i2b
 .text.__multiply
                0x080184dc      0x2d0 ..\..\..\..\..\..\..\..\Program Files (x86)\GNU Tools ARM Embedded\4.7 2012q4\arm-none-eabi\lib\armv7e-m\libg.a(lib_a-mprec.o)
                0x080184dc                __multiply
 .text.__pow5mult
                0x080187ac       0x94 ..\..\..\..\..\..\..\..\Program Files (x86)\GNU Tools ARM Embedded\4.7 2012q4\arm-none-eabi\lib\armv7e-m\libg.a(lib_a-mprec.o)
                0x080187ac                __pow5mult
 .text.__lshift
                0x08018840      0x188 ..\..\..\..\..\..\..\..\Program Files (x86)\GNU Tools ARM Embedded\4.7 2012q4\arm-none-eabi\lib\armv7e-m\libg.a(lib_a-mprec.o)
                0x08018840                __lshift
 .text.__mcmp   0x080189c8       0x5c ..\..\..\..\..\..\..\..\Program Files (x86)\GNU Tools ARM Embedded\4.7 2012q4\arm-none-eabi\lib\armv7e-m\libg.a(lib_a-mprec.o)
                0x080189c8                __mcmp
 .text.__mdiff  0x08018a24      0x20c ..\..\..\..\..\..\..\..\Program Files (x86)\GNU Tools ARM Embedded\4.7 2012q4\arm-none-eabi\lib\armv7e-m\libg.a(lib_a-mprec.o)
                0x08018a24                __mdiff
 .text.__ulp    0x08018c30       0x44 ..\..\..\..\..\..\..\..\Program Files (x86)\GNU Tools ARM Embedded\4.7 2012q4\arm-none-eabi\lib\armv7e-m\libg.a(lib_a-mprec.o)
                0x08018c30                __ulp
 .text.__b2d    0x08018c74       0xbc ..\..\..\..\..\..\..\..\Program Files (x86)\GNU Tools ARM Embedded\4.7 2012q4\arm-none-eabi\lib\armv7e-m\libg.a(lib_a-mprec.o)
                0x08018c74                __b2d
 .text.__d2b    0x08018d30       0xc0 ..\..\..\..\..\..\..\..\Program Files (x86)\GNU Tools ARM Embedded\4.7 2012q4\arm-none-eabi\lib\armv7e-m\libg.a(lib_a-mprec.o)
                0x08018d30                __d2b
 .text.__ratio  0x08018df0       0x54 ..\..\..\..\..\..\..\..\Program Files (x86)\GNU Tools ARM Embedded\4.7 2012q4\arm-none-eabi\lib\armv7e-m\libg.a(lib_a-mprec.o)
                0x08018df0                __ratio
 .text.__copybits
                0x08018e44       0xa4 ..\..\..\..\..\..\..\..\Program Files (x86)\GNU Tools ARM Embedded\4.7 2012q4\arm-none-eabi\lib\armv7e-m\libg.a(lib_a-mprec.o)
                0x08018e44                __copybits
 .text.__any_on
                0x08018ee8       0x74 ..\..\..\..\..\..\..\..\Program Files (x86)\GNU Tools ARM Embedded\4.7 2012q4\arm-none-eabi\lib\armv7e-m\libg.a(lib_a-mprec.o)
                0x08018ee8                __any_on
 .text.__fpclassifyd
                0x08018f5c       0x68 ..\..\..\..\..\..\..\..\Program Files (x86)\GNU Tools ARM Embedded\4.7 2012q4\arm-none-eabi\lib\armv7e-m\libg.a(lib_a-s_fpclassify.o)
                0x08018f5c                __fpclassifyd
 .text.__sread  0x08018fc4       0x24 ..\..\..\..\..\..\..\..\Program Files (x86)\GNU Tools ARM Embedded\4.7 2012q4\arm-none-eabi\lib\armv7e-m\libg.a(lib_a-stdio.o)
                0x08018fc4                __sread
 .text.__swrite
                0x08018fe8       0x44 ..\..\..\..\..\..\..\..\Program Files (x86)\GNU Tools ARM Embedded\4.7 2012q4\arm-none-eabi\lib\armv7e-m\libg.a(lib_a-stdio.o)
                0x08018fe8                __swrite
 .text.__sseek  0x0801902c       0x24 ..\..\..\..\..\..\..\..\Program Files (x86)\GNU Tools ARM Embedded\4.7 2012q4\arm-none-eabi\lib\armv7e-m\libg.a(lib_a-stdio.o)
                0x0801902c                __sseek
 .text.__sclose
                0x08019050        0x8 ..\..\..\..\..\..\..\..\Program Files (x86)\GNU Tools ARM Embedded\4.7 2012q4\arm-none-eabi\lib\armv7e-m\libg.a(lib_a-stdio.o)
                0x08019050                __sclose
 .text.__ssprint_r
                0x08019058      0x100 ..\..\..\..\..\..\..\..\Program Files (x86)\GNU Tools ARM Embedded\4.7 2012q4\arm-none-eabi\lib\armv7e-m\libg.a(lib_a-svfiprintf.o)
                0x08019058                __ssprint_r
 .text._calloc_r
                0x08019158       0x60 ..\..\..\..\..\..\..\..\Program Files (x86)\GNU Tools ARM Embedded\4.7 2012q4\arm-none-eabi\lib\armv7e-m\libg.a(lib_a-callocr.o)
                0x08019158                _calloc_r
 .text._close_r
                0x080191b8       0x24 ..\..\..\..\..\..\..\..\Program Files (x86)\GNU Tools ARM Embedded\4.7 2012q4\arm-none-eabi\lib\armv7e-m\libg.a(lib_a-closer.o)
                0x080191b8                _close_r
 .text._fclose_r
                0x080191dc       0x94 ..\..\..\..\..\..\..\..\Program Files (x86)\GNU Tools ARM Embedded\4.7 2012q4\arm-none-eabi\lib\armv7e-m\libg.a(lib_a-fclose.o)
                0x080191dc                _fclose_r
 .text.fclose   0x08019270       0x10 ..\..\..\..\..\..\..\..\Program Files (x86)\GNU Tools ARM Embedded\4.7 2012q4\arm-none-eabi\lib\armv7e-m\libg.a(lib_a-fclose.o)
                0x08019270                fclose
 .text._fstat_r
                0x08019280       0x28 ..\..\..\..\..\..\..\..\Program Files (x86)\GNU Tools ARM Embedded\4.7 2012q4\arm-none-eabi\lib\armv7e-m\libg.a(lib_a-fstatr.o)
                0x08019280                _fstat_r
 .text._isatty_r
                0x080192a8       0x24 ..\..\..\..\..\..\..\..\Program Files (x86)\GNU Tools ARM Embedded\4.7 2012q4\arm-none-eabi\lib\armv7e-m\libg.a(lib_a-isattyr.o)
                0x080192a8                _isatty_r
 .text._lseek_r
                0x080192cc       0x28 ..\..\..\..\..\..\..\..\Program Files (x86)\GNU Tools ARM Embedded\4.7 2012q4\arm-none-eabi\lib\armv7e-m\libg.a(lib_a-lseekr.o)
                0x080192cc                _lseek_r
 .text._read_r  0x080192f4       0x28 ..\..\..\..\..\..\..\..\Program Files (x86)\GNU Tools ARM Embedded\4.7 2012q4\arm-none-eabi\lib\armv7e-m\libg.a(lib_a-readr.o)
                0x080192f4                _read_r
 .text          0x0801931c       0x40 d:/program files (x86)/gnu tools arm embedded/4.7 2012q4/bin/../lib/gcc/arm-none-eabi/4.7.3/armv7e-m\libgcc.a(_arm_fixunsdfsi.o)
                0x0801931c                __aeabi_d2uiz
                0x0801931c                __fixunsdfsi
 .text          0x0801935c       0x2c d:/program files (x86)/gnu tools arm embedded/4.7 2012q4/bin/../lib/gcc/arm-none-eabi/4.7.3/armv7e-m\libgcc.a(_aeabi_uldivmod.o)
                0x0801935c                __aeabi_uldivmod
 .text          0x08019388       0x58 d:/program files (x86)/gnu tools arm embedded/4.7 2012q4/bin/../lib/gcc/arm-none-eabi/4.7.3/armv7e-m\libgcc.a(bpabi.o)
                0x08019388                __gnu_ldivmod_helper
                0x080193b4                __gnu_uldivmod_helper
 .text          0x080193e0        0x4 d:/program files (x86)/gnu tools arm embedded/4.7 2012q4/bin/../lib/gcc/arm-none-eabi/4.7.3/armv7e-m\libgcc.a(_dvmd_tls.o)
                0x080193e0                __aeabi_idiv0
                0x080193e0                __aeabi_ldiv0
 .text          0x080193e4      0x2bc d:/program files (x86)/gnu tools arm embedded/4.7 2012q4/bin/../lib/gcc/arm-none-eabi/4.7.3/armv7e-m\libgcc.a(_divdi3.o)
                0x080193e4                __divdi3
 .text          0x080196a0      0x288 d:/program files (x86)/gnu tools arm embedded/4.7 2012q4/bin/../lib/gcc/arm-none-eabi/4.7.3/armv7e-m\libgcc.a(_udivdi3.o)
                0x080196a0                __udivdi3
 *(.glue_7t)
 .glue_7t       0x00000000        0x0 linker stubs
 *(.glue_7)
 .glue_7        0x00000000        0x0 linker stubs
 *(.rodata .rodata* .gnu.linkonce.r.*)
 .rodata        0x08019928      0x338 ..\obj\main.o
 .rodata._ZTVSt9exception
                0x08019c60       0x18 ..\..\..\..\..\..\..\..\Program Files (x86)\GNU Tools ARM Embedded\4.7 2012q4\arm-none-eabi\lib\armv7e-m\libstdc++.a(eh_exception.o)
                0x08019c60                vtable for std::exception
 .rodata._ZTIN10__cxxabiv115__forced_unwindE
                0x08019c78        0x8 ..\..\..\..\..\..\..\..\Program Files (x86)\GNU Tools ARM Embedded\4.7 2012q4\arm-none-eabi\lib\armv7e-m\libstdc++.a(eh_exception.o)
                0x08019c78                typeinfo for __cxxabiv1::__forced_unwind
 .rodata._ZTISt9exception
                0x08019c80        0x8 ..\..\..\..\..\..\..\..\Program Files (x86)\GNU Tools ARM Embedded\4.7 2012q4\arm-none-eabi\lib\armv7e-m\libstdc++.a(eh_exception.o)
                0x08019c80                typeinfo for std::exception
 .rodata._ZTSSt13bad_exception
                0x08019c88       0x14 ..\..\..\..\..\..\..\..\Program Files (x86)\GNU Tools ARM Embedded\4.7 2012q4\arm-none-eabi\lib\armv7e-m\libstdc++.a(eh_exception.o)
                0x08019c88                typeinfo name for std::bad_exception
 .rodata.str1.4
                0x08019c9c       0x23 ..\..\..\..\..\..\..\..\Program Files (x86)\GNU Tools ARM Embedded\4.7 2012q4\arm-none-eabi\lib\armv7e-m\libstdc++.a(eh_exception.o)
                                 0x24 (size before relaxing)
 *fill*         0x08019cbf        0x1 00
 .rodata._ZTSN10__cxxabiv119__foreign_exceptionE
                0x08019cc0       0x24 ..\..\..\..\..\..\..\..\Program Files (x86)\GNU Tools ARM Embedded\4.7 2012q4\arm-none-eabi\lib\armv7e-m\libstdc++.a(eh_exception.o)
                0x08019cc0                typeinfo name for __cxxabiv1::__foreign_exception
 .rodata._ZTIN10__cxxabiv119__foreign_exceptionE
                0x08019ce4        0x8 ..\..\..\..\..\..\..\..\Program Files (x86)\GNU Tools ARM Embedded\4.7 2012q4\arm-none-eabi\lib\armv7e-m\libstdc++.a(eh_exception.o)
                0x08019ce4                typeinfo for __cxxabiv1::__foreign_exception
 *fill*         0x08019cec        0x4 00
 .rodata._ZTVSt13bad_exception
                0x08019cf0       0x18 ..\..\..\..\..\..\..\..\Program Files (x86)\GNU Tools ARM Embedded\4.7 2012q4\arm-none-eabi\lib\armv7e-m\libstdc++.a(eh_exception.o)
                0x08019cf0                vtable for std::bad_exception
 .rodata._ZTSSt9exception
                0x08019d08       0x10 ..\..\..\..\..\..\..\..\Program Files (x86)\GNU Tools ARM Embedded\4.7 2012q4\arm-none-eabi\lib\armv7e-m\libstdc++.a(eh_exception.o)
                0x08019d08                typeinfo name for std::exception
 .rodata._ZTSN10__cxxabiv115__forced_unwindE
                0x08019d18       0x20 ..\..\..\..\..\..\..\..\Program Files (x86)\GNU Tools ARM Embedded\4.7 2012q4\arm-none-eabi\lib\armv7e-m\libstdc++.a(eh_exception.o)
                0x08019d18                typeinfo name for __cxxabiv1::__forced_unwind
 .rodata._ZTISt13bad_exception
                0x08019d38        0xc ..\..\..\..\..\..\..\..\Program Files (x86)\GNU Tools ARM Embedded\4.7 2012q4\arm-none-eabi\lib\armv7e-m\libstdc++.a(eh_exception.o)
                0x08019d38                typeinfo for std::bad_exception
 *fill*         0x08019d44        0x4 00
 .rodata._ZTVN10__cxxabiv117__class_type_infoE
                0x08019d48       0x30 ..\..\..\..\..\..\..\..\Program Files (x86)\GNU Tools ARM Embedded\4.7 2012q4\arm-none-eabi\lib\armv7e-m\libstdc++.a(class_type_info.o)
                0x08019d48                vtable for __cxxabiv1::__class_type_info
 .rodata._ZTIN10__cxxabiv117__class_type_infoE
                0x08019d78        0xc ..\..\..\..\..\..\..\..\Program Files (x86)\GNU Tools ARM Embedded\4.7 2012q4\arm-none-eabi\lib\armv7e-m\libstdc++.a(class_type_info.o)
                0x08019d78                typeinfo for __cxxabiv1::__class_type_info
 .rodata._ZTSN10__cxxabiv117__class_type_infoE
                0x08019d84       0x24 ..\..\..\..\..\..\..\..\Program Files (x86)\GNU Tools ARM Embedded\4.7 2012q4\arm-none-eabi\lib\armv7e-m\libstdc++.a(class_type_info.o)
                0x08019d84                typeinfo name for __cxxabiv1::__class_type_info
 .rodata._ZTISt9type_info
                0x08019da8        0x8 ..\..\..\..\..\..\..\..\Program Files (x86)\GNU Tools ARM Embedded\4.7 2012q4\arm-none-eabi\lib\armv7e-m\libstdc++.a(tinfo.o)
                0x08019da8                typeinfo for std::type_info
 .rodata._ZTSSt9type_info
                0x08019db0       0x10 ..\..\..\..\..\..\..\..\Program Files (x86)\GNU Tools ARM Embedded\4.7 2012q4\arm-none-eabi\lib\armv7e-m\libstdc++.a(tinfo.o)
                0x08019db0                typeinfo name for std::type_info
 .rodata._ZTVSt9type_info
                0x08019dc0       0x20 ..\..\..\..\..\..\..\..\Program Files (x86)\GNU Tools ARM Embedded\4.7 2012q4\arm-none-eabi\lib\armv7e-m\libstdc++.a(tinfo.o)
                0x08019dc0                vtable for std::type_info
 .rodata._ZTIN9__gnu_cxx20recursive_init_errorE
                0x08019de0        0xc ..\..\..\..\..\..\..\..\Program Files (x86)\GNU Tools ARM Embedded\4.7 2012q4\arm-none-eabi\lib\armv7e-m\libstdc++.a(guard_error.o)
                0x08019de0                typeinfo for __gnu_cxx::recursive_init_error
 .rodata._ZTSN9__gnu_cxx20recursive_init_errorE
                0x08019dec       0x24 ..\..\..\..\..\..\..\..\Program Files (x86)\GNU Tools ARM Embedded\4.7 2012q4\arm-none-eabi\lib\armv7e-m\libstdc++.a(guard_error.o)
                0x08019dec                typeinfo name for __gnu_cxx::recursive_init_error
 .rodata._ZTVN9__gnu_cxx20recursive_init_errorE
                0x08019e10       0x18 ..\..\..\..\..\..\..\..\Program Files (x86)\GNU Tools ARM Embedded\4.7 2012q4\arm-none-eabi\lib\armv7e-m\libstdc++.a(guard_error.o)
                0x08019e10                vtable for __gnu_cxx::recursive_init_error
 .rodata._ZTVN10__cxxabiv120__si_class_type_infoE
                0x08019e28       0x30 ..\..\..\..\..\..\..\..\Program Files (x86)\GNU Tools ARM Embedded\4.7 2012q4\arm-none-eabi\lib\armv7e-m\libstdc++.a(si_class_type_info.o)
                0x08019e28                vtable for __cxxabiv1::__si_class_type_info
 .rodata._ZTIN10__cxxabiv120__si_class_type_infoE
                0x08019e58        0xc ..\..\..\..\..\..\..\..\Program Files (x86)\GNU Tools ARM Embedded\4.7 2012q4\arm-none-eabi\lib\armv7e-m\libstdc++.a(si_class_type_info.o)
                0x08019e58                typeinfo for __cxxabiv1::__si_class_type_info
 .rodata._ZTSN10__cxxabiv120__si_class_type_infoE
                0x08019e64       0x28 ..\..\..\..\..\..\..\..\Program Files (x86)\GNU Tools ARM Embedded\4.7 2012q4\arm-none-eabi\lib\armv7e-m\libstdc++.a(si_class_type_info.o)
                0x08019e64                typeinfo name for __cxxabiv1::__si_class_type_info
 .rodata.str1.4
                0x08019e8c       0x94 ..\..\..\..\..\..\..\..\Program Files (x86)\GNU Tools ARM Embedded\4.7 2012q4\arm-none-eabi\lib\armv7e-m\libstdc++.a(vterminate.o)
 .rodata        0x08019f20      0x6f8 ..\..\..\..\..\..\..\..\Program Files (x86)\GNU Tools ARM Embedded\4.7 2012q4\arm-none-eabi\lib\armv7e-m\libstdc++.a(cp-demangle.o)
 .rodata.str1.4
                0x0801a618      0x61b ..\..\..\..\..\..\..\..\Program Files (x86)\GNU Tools ARM Embedded\4.7 2012q4\arm-none-eabi\lib\armv7e-m\libstdc++.a(cp-demangle.o)
                                0x644 (size before relaxing)
 *fill*         0x0801ac33        0x1 00
 .rodata.npio2_hw
                0x0801ac34       0x80 ..\..\..\..\..\..\..\..\Program Files (x86)\GNU Tools ARM Embedded\4.7 2012q4\arm-none-eabi\lib\armv7e-m\libm.a(lib_a-e_rem_pio2.o)
 .rodata.two_over_pi
                0x0801acb4      0x108 ..\..\..\..\..\..\..\..\Program Files (x86)\GNU Tools ARM Embedded\4.7 2012q4\arm-none-eabi\lib\armv7e-m\libm.a(lib_a-e_rem_pio2.o)
 .rodata.init_jk
                0x0801adbc       0x10 ..\..\..\..\..\..\..\..\Program Files (x86)\GNU Tools ARM Embedded\4.7 2012q4\arm-none-eabi\lib\armv7e-m\libm.a(lib_a-k_rem_pio2.o)
 *fill*         0x0801adcc        0x4 00
 .rodata.PIo2   0x0801add0       0x40 ..\..\..\..\..\..\..\..\Program Files (x86)\GNU Tools ARM Embedded\4.7 2012q4\arm-none-eabi\lib\armv7e-m\libm.a(lib_a-k_rem_pio2.o)
 .rodata.str1.4
                0x0801ae10        0x2 ..\..\..\..\..\..\..\..\Program Files (x86)\GNU Tools ARM Embedded\4.7 2012q4\arm-none-eabi\lib\armv7e-m\libg.a(lib_a-impure.o)
                                  0x4 (size before relaxing)
 *fill*         0x0801ae12        0x2 00
 .rodata.str1.4
                0x0801ae14        0xa ..\..\..\..\..\..\..\..\Program Files (x86)\GNU Tools ARM Embedded\4.7 2012q4\arm-none-eabi\lib\armv7e-m\libg.a(lib_a-strtod.o)
                                 0x10 (size before relaxing)
 *fill*         0x0801ae1e        0x2 00
 .rodata.tinytens
                0x0801ae20       0x28 ..\..\..\..\..\..\..\..\Program Files (x86)\GNU Tools ARM Embedded\4.7 2012q4\arm-none-eabi\lib\armv7e-m\libg.a(lib_a-strtod.o)
 .rodata.str1.4
                0x0801ae48       0x42 ..\..\..\..\..\..\..\..\Program Files (x86)\GNU Tools ARM Embedded\4.7 2012q4\arm-none-eabi\lib\armv7e-m\libg.a(lib_a-svfprintf.o)
                                 0x44 (size before relaxing)
 *fill*         0x0801ae8a        0x2 00
 .rodata.zeroes.6721
                0x0801ae8c       0x10 ..\..\..\..\..\..\..\..\Program Files (x86)\GNU Tools ARM Embedded\4.7 2012q4\arm-none-eabi\lib\armv7e-m\libg.a(lib_a-svfprintf.o)
 .rodata.blanks.6720
                0x0801ae9c       0x10 ..\..\..\..\..\..\..\..\Program Files (x86)\GNU Tools ARM Embedded\4.7 2012q4\arm-none-eabi\lib\armv7e-m\libg.a(lib_a-svfprintf.o)
 .rodata._ctype_
                0x0801aeac      0x104 ..\..\..\..\..\..\..\..\Program Files (x86)\GNU Tools ARM Embedded\4.7 2012q4\arm-none-eabi\lib\armv7e-m\libg.a(lib_a-ctype_.o)
                0x0801aeac                _ctype_
 .rodata.str1.4
                0x0801afb0       0x10 ..\..\..\..\..\..\..\..\Program Files (x86)\GNU Tools ARM Embedded\4.7 2012q4\arm-none-eabi\lib\armv7e-m\libg.a(lib_a-dtoa.o)
                                 0x14 (size before relaxing)
 .rodata.str1.4
                0x0801afc0       0x1b ..\..\..\..\..\..\..\..\Program Files (x86)\GNU Tools ARM Embedded\4.7 2012q4\arm-none-eabi\lib\armv7e-m\libg.a(lib_a-gdtoa-gethex.o)
                                 0x1c (size before relaxing)
 *fill*         0x0801afdb        0x1 00
 .rodata.str1.4
                0x0801afdc        0x8 ..\..\..\..\..\..\..\..\Program Files (x86)\GNU Tools ARM Embedded\4.7 2012q4\arm-none-eabi\lib\armv7e-m\libg.a(lib_a-locale.o)
                                 0x14 (size before relaxing)
 .rodata.p05.5242
                0x0801afe4        0xc ..\..\..\..\..\..\..\..\Program Files (x86)\GNU Tools ARM Embedded\4.7 2012q4\arm-none-eabi\lib\armv7e-m\libg.a(lib_a-mprec.o)
 .rodata.__mprec_tens
                0x0801aff0       0xc8 ..\..\..\..\..\..\..\..\Program Files (x86)\GNU Tools ARM Embedded\4.7 2012q4\arm-none-eabi\lib\armv7e-m\libg.a(lib_a-mprec.o)
                0x0801aff0                __mprec_tens
 .rodata.__mprec_bigtens
                0x0801b0b8       0x28 ..\..\..\..\..\..\..\..\Program Files (x86)\GNU Tools ARM Embedded\4.7 2012q4\arm-none-eabi\lib\armv7e-m\libg.a(lib_a-mprec.o)
                0x0801b0b8                __mprec_bigtens

.vfp11_veneer   0x0801b0e0        0x0
 .vfp11_veneer  0x00000000        0x0 linker stubs

.v4_bx          0x0801b0e0        0x0
 .v4_bx         0x00000000        0x0 linker stubs

.iplt           0x0801b0e0        0x0
 .iplt          0x00000000        0x0 ..\obj\stm32f4xx_usart.o

.ARM.extab      0x0801b0e0      0x328
 *(.ARM.extab* .gnu.linkonce.armextab.*)
 .ARM.extab.text.main
                0x0801b0e0       0x64 ..\obj\main.o
 .ARM.extab.text.TIM4_IRQHandler
                0x0801b144       0x1c ..\obj\main.o
 .ARM.extab.text._ZN8side_defC2Ev
                0x0801b160        0x0 ..\obj\main.o
 .ARM.extab.text._ZN9safe_enumI8side_defNS0_4typeEEC2ES1_
                0x0801b160        0x0 ..\obj\main.o
 .ARM.extab.text._ZN4UartILh1EE4initEm
                0x0801b160        0xc ..\obj\main.o
 .ARM.extab.text._ZN9SingletonI19MotionControlSystemE8InstanceEv
                0x0801b16c       0x18 ..\obj\main.o
 .ARM.extab.text._ZN4UartILh1EE9availableEv
                0x0801b184        0x0 ..\obj\main.o
 .ARM.extab.text._ZN4UartILh1EE4readEPct
                0x0801b184        0x0 ..\obj\main.o
 .ARM.extab.text._ZN4UartILh1EE8printflnEPKcz
                0x0801b184       0x18 ..\obj\main.o
 .ARM.extab.text._ZN4UartILh1EE4readIiEEhRT_t
                0x0801b19c        0x0 ..\obj\main.o
 .ARM.extab.text._ZN4UartILh1EE4readERft
                0x0801b19c        0x0 ..\obj\main.o
 .ARM.extab.text._ZN4UartILh1EE4readIlEEhRT_t
                0x0801b19c        0x0 ..\obj\main.o
 .ARM.extab.text._ZN4UartILh1EE9read_charERht
                0x0801b19c        0x0 ..\obj\main.o
 .ARM.extab.text._ZN4UartILh1EE5writeEPc
                0x0801b19c        0xc ..\obj\main.o
 .ARM.extab.text._ZN4UartILh1EE7send_lnEv
                0x0801b1a8        0x0 ..\obj\main.o
 .ARM.extab.text._ZN4UartILh1EE9send_charEh
                0x0801b1a8        0xc ..\obj\main.o
 .ARM.extab.text._ZN3PIDC2EPlPsS0_
                0x0801b1b4        0xc ..\obj\MotionControlSystem.o
 .ARM.extab.text._ZN3PID7computeEv
                0x0801b1c0        0x0 ..\obj\MotionControlSystem.o
 .ARM.extab.text._ZN3PID10setTuningsEfff
                0x0801b1c0        0x0 ..\obj\MotionControlSystem.o
 .ARM.extab.text._ZN3PID15setOutputLimitsEss
                0x0801b1c0        0x0 ..\obj\MotionControlSystem.o
 .ARM.extab.text._ZN3PID22setControllerDirectionE9safe_enumI17pid_direction_defNS1_4typeEE
                0x0801b1c0        0x0 ..\obj\MotionControlSystem.o
 .ARM.extab.text._ZNK3PID8getErrorEv
                0x0801b1c0        0x0 ..\obj\MotionControlSystem.o
 .ARM.extab.text._ZNK3PID18getDerivativeErrorEv
                0x0801b1c0        0x0 ..\obj\MotionControlSystem.o
 .ARM.extab.text._ZN19MotionControlSystemC2Ev
                0x0801b1c0       0x20 ..\obj\MotionControlSystem.o
 .ARM.extab.text._ZN19MotionControlSystem4initEv
                0x0801b1e0       0x1c ..\obj\MotionControlSystem.o
 .ARM.extab.text._ZN19MotionControlSystem14getLeftEncoderEv
                0x0801b1fc        0xc ..\obj\MotionControlSystem.o
 .ARM.extab.text._ZN19MotionControlSystem15getRightEncoderEv
                0x0801b208        0xc ..\obj\MotionControlSystem.o
 .ARM.extab.text._ZN19MotionControlSystem6enableEb
                0x0801b214        0xc ..\obj\MotionControlSystem.o
 .ARM.extab.text._ZN19MotionControlSystem7controlEv
                0x0801b220        0xc ..\obj\MotionControlSystem.o
 .ARM.extab.text._ZN19MotionControlSystem10manageStopEv
                0x0801b22c        0xc ..\obj\MotionControlSystem.o
 .ARM.extab.text._ZN19MotionControlSystem12applyControlEv
                0x0801b238        0xc ..\obj\MotionControlSystem.o
 .ARM.extab.text._ZN19MotionControlSystem11orderRawPwmE9safe_enumI8side_defNS1_4typeEEs
                0x0801b244        0xc ..\obj\MotionControlSystem.o
 .ARM.extab.text._ZN19MotionControlSystem4stopEv
                0x0801b250        0xc ..\obj\MotionControlSystem.o
 .ARM.extab.text._ZN17pid_direction_defC2Ev
                0x0801b25c        0x0 ..\obj\MotionControlSystem.o
 .ARM.extab.text._ZN9safe_enumI17pid_direction_defNS0_4typeEEC2ES1_
                0x0801b25c        0x0 ..\obj\MotionControlSystem.o
 .ARM.extab.text._ZNK9safe_enumI17pid_direction_defNS0_4typeEEeqERKS2_
                0x0801b25c        0x0 ..\obj\MotionControlSystem.o
 .ARM.extab.text._ZN9SingletonI19MotionControlSystemEC2Ev
                0x0801b25c        0x0 ..\obj\MotionControlSystem.o
 .ARM.extab.text._ZNK9safe_enumI8side_defNS0_4typeEEeqERKS2_
                0x0801b25c        0x0 ..\obj\MotionControlSystem.o
 .ARM.extab.text._ZN5MotorC2E9safe_enumI8side_defNS1_4typeEE
                0x0801b25c       0x20 ..\obj\Motor.o
 .ARM.extab.text._ZN5Motor7initPWMEv
                0x0801b27c       0x1c ..\obj\Motor.o
 .ARM.extab.text._ZN5Motor3runEs
                0x0801b298       0x20 ..\obj\Motor.o
 .ARM.extab.text._ZN5Motor12setDirectionE9safe_enumI13direction_defNS1_4typeEE
                0x0801b2b8        0xc ..\obj\Motor.o
 .ARM.extab.text._ZN13direction_defC2Ev
                0x0801b2c4        0x0 ..\obj\Motor.o
 .ARM.extab.text._ZN9safe_enumI13direction_defNS0_4typeEEC2ES1_
                0x0801b2c4        0x0 ..\obj\Motor.o
 .ARM.extab.text._ZNK9safe_enumI13direction_defNS0_4typeEEeqERKS2_
                0x0801b2c4        0x0 ..\obj\Motor.o
 .ARM.extab.text._ZN7CounterC2Ev
                0x0801b2c4       0x1c ..\obj\Counter.o
 .ARM.extab.text.__cxa_guard_acquire
                0x0801b2e0        0xc ..\..\..\..\..\..\..\..\Program Files (x86)\GNU Tools ARM Embedded\4.7 2012q4\arm-none-eabi\lib\armv7e-m\libstdc++.a(guard.o)
 .ARM.extab.text._ZL21base_of_encoded_valuehP15_Unwind_Context
                0x0801b2ec        0xc ..\..\..\..\..\..\..\..\Program Files (x86)\GNU Tools ARM Embedded\4.7 2012q4\arm-none-eabi\lib\armv7e-m\libstdc++.a(eh_personality.o)
 .ARM.extab.text.__gxx_personality_v0
                0x0801b2f8       0x20 ..\..\..\..\..\..\..\..\Program Files (x86)\GNU Tools ARM Embedded\4.7 2012q4\arm-none-eabi\lib\armv7e-m\libstdc++.a(eh_personality.o)
 .ARM.extab.text._ZN10__cxxabiv111__terminateEPFvvE
                0x0801b318       0x2c ..\..\..\..\..\..\..\..\Program Files (x86)\GNU Tools ARM Embedded\4.7 2012q4\arm-none-eabi\lib\armv7e-m\libstdc++.a(eh_terminate.o)
 .ARM.extab.text._ZN10__cxxabiv112__unexpectedEPFvvE
                0x0801b344        0xc ..\..\..\..\..\..\..\..\Program Files (x86)\GNU Tools ARM Embedded\4.7 2012q4\arm-none-eabi\lib\armv7e-m\libstdc++.a(eh_terminate.o)
 .ARM.extab.text._ZSt10unexpectedv
                0x0801b350        0xc ..\..\..\..\..\..\..\..\Program Files (x86)\GNU Tools ARM Embedded\4.7 2012q4\arm-none-eabi\lib\armv7e-m\libstdc++.a(eh_terminate.o)
 .ARM.extab.text.__cxa_call_unexpected
                0x0801b35c       0x2c ..\..\..\..\..\..\..\..\Program Files (x86)\GNU Tools ARM Embedded\4.7 2012q4\arm-none-eabi\lib\armv7e-m\libstdc++.a(eh_call.o)
 .ARM.extab.text.__cxa_begin_catch
                0x0801b388       0x1c ..\..\..\..\..\..\..\..\Program Files (x86)\GNU Tools ARM Embedded\4.7 2012q4\arm-none-eabi\lib\armv7e-m\libstdc++.a(eh_catch.o)
 .ARM.extab.text._ZN9__gnu_cxx27__verbose_terminate_handlerEv
                0x0801b3a4       0x34 ..\..\..\..\..\..\..\..\Program Files (x86)\GNU Tools ARM Embedded\4.7 2012q4\arm-none-eabi\lib\armv7e-m\libstdc++.a(vterminate.o)
 .ARM.extab     0x0801b3d8       0x18 d:/program files (x86)/gnu tools arm embedded/4.7 2012q4/bin/../lib/gcc/arm-none-eabi/4.7.3/armv7e-m\libgcc.a(unwind-arm.o)
 .ARM.extab     0x0801b3f0       0x18 d:/program files (x86)/gnu tools arm embedded/4.7 2012q4/bin/../lib/gcc/arm-none-eabi/4.7.3/armv7e-m\libgcc.a(pr-support.o)
                0x0801b408                __exidx_start = .

.ARM.exidx      0x0801b408      0x308
 *(.ARM.exidx* .gnu.linkonce.armexidx.*)
 .ARM.exidx.text.main
                0x0801b408        0x8 ..\obj\main.o
 .ARM.exidx.text.TIM4_IRQHandler
                0x0801b410        0x8 ..\obj\main.o
 .ARM.exidx.text._ZN8side_defC2Ev
                0x0801b418        0x8 ..\obj\main.o
 .ARM.exidx.text._ZN9safe_enumI8side_defNS0_4typeEEC2ES1_
                0x0801b420        0x0 ..\obj\main.o
                                  0x8 (size before relaxing)
 .ARM.exidx.text._ZN4UartILh1EE4initEm
                0x0801b420        0x8 ..\obj\main.o
 .ARM.exidx.text._ZN9SingletonI19MotionControlSystemE8InstanceEv
                0x0801b428        0x8 ..\obj\main.o
 .ARM.exidx.text._ZN4UartILh1EE9availableEv
                0x0801b430        0x8 ..\obj\main.o
 .ARM.exidx.text._ZN4UartILh1EE4readEPct
                0x0801b438        0x0 ..\obj\main.o
                                  0x8 (size before relaxing)
 .ARM.exidx.text._ZN4UartILh1EE8printflnEPKcz
                0x0801b438        0x8 ..\obj\main.o
 .ARM.exidx.text._ZN4UartILh1EE4readIiEEhRT_t
                0x0801b440        0x8 ..\obj\main.o
 .ARM.exidx.text._ZN4UartILh1EE4readERft
                0x0801b448        0x0 ..\obj\main.o
                                  0x8 (size before relaxing)
 .ARM.exidx.text._ZN4UartILh1EE4readIlEEhRT_t
                0x0801b448        0x0 ..\obj\main.o
                                  0x8 (size before relaxing)
 .ARM.exidx.text._ZN4UartILh1EE9read_charERht
                0x0801b448        0x0 ..\obj\main.o
                                  0x8 (size before relaxing)
 .ARM.exidx.text._ZN4UartILh1EE5writeEPc
                0x0801b448        0x8 ..\obj\main.o
 .ARM.exidx.text._ZN4UartILh1EE7send_lnEv
                0x0801b450        0x8 ..\obj\main.o
 .ARM.exidx.text._ZN4UartILh1EE9send_charEh
                0x0801b458       0x10 ..\obj\main.o
                                  0x8 (size before relaxing)
 .ARM.exidx.text._ZN3PIDC2EPlPsS0_
                0x0801b468        0x8 ..\obj\MotionControlSystem.o
 .ARM.exidx.text._ZN3PID7computeEv
                0x0801b470        0x8 ..\obj\MotionControlSystem.o
 .ARM.exidx.text._ZN3PID10setTuningsEfff
                0x0801b478        0x0 ..\obj\MotionControlSystem.o
                                  0x8 (size before relaxing)
 .ARM.exidx.text._ZN3PID15setOutputLimitsEss
                0x0801b478        0x0 ..\obj\MotionControlSystem.o
                                  0x8 (size before relaxing)
 .ARM.exidx.text._ZN3PID22setControllerDirectionE9safe_enumI17pid_direction_defNS1_4typeEE