Archive member included because of file (symbol)

..\..\..\..\..\..\..\..\Program Files (x86)\GNU Tools ARM Embedded\4.7 2012q4\arm-none-eabi\lib\armv7e-m\softfp\libstdc++.a(eh_arm.o)
                              ..\obj\main.o (__cxa_end_cleanup)
..\..\..\..\..\..\..\..\Program Files (x86)\GNU Tools ARM Embedded\4.7 2012q4\arm-none-eabi\lib\armv7e-m\softfp\libstdc++.a(eh_globals.o)
                              ..\..\..\..\..\..\..\..\Program Files (x86)\GNU Tools ARM Embedded\4.7 2012q4\arm-none-eabi\lib\armv7e-m\softfp\libstdc++.a(eh_arm.o) (__cxa_get_globals)
..\..\..\..\..\..\..\..\Program Files (x86)\GNU Tools ARM Embedded\4.7 2012q4\arm-none-eabi\lib\armv7e-m\softfp\libstdc++.a(guard.o)
                              ..\obj\main.o (__cxa_guard_acquire)
..\..\..\..\..\..\..\..\Program Files (x86)\GNU Tools ARM Embedded\4.7 2012q4\arm-none-eabi\lib\armv7e-m\softfp\libstdc++.a(eh_exception.o)
                              ..\..\..\..\..\..\..\..\Program Files (x86)\GNU Tools ARM Embedded\4.7 2012q4\arm-none-eabi\lib\armv7e-m\softfp\libstdc++.a(eh_arm.o) (typeinfo for __cxxabiv1::__forced_unwind)
..\..\..\..\..\..\..\..\Program Files (x86)\GNU Tools ARM Embedded\4.7 2012q4\arm-none-eabi\lib\armv7e-m\softfp\libstdc++.a(del_op.o)
                              ..\obj\ManagerMgr.o (operator delete(void*))
..\..\..\..\..\..\..\..\Program Files (x86)\GNU Tools ARM Embedded\4.7 2012q4\arm-none-eabi\lib\armv7e-m\softfp\libstdc++.a(class_type_info.o)
                              ..\..\..\..\..\..\..\..\Program Files (x86)\GNU Tools ARM Embedded\4.7 2012q4\arm-none-eabi\lib\armv7e-m\softfp\libstdc++.a(eh_exception.o) (vtable for __cxxabiv1::__class_type_info)
..\..\..\..\..\..\..\..\Program Files (x86)\GNU Tools ARM Embedded\4.7 2012q4\arm-none-eabi\lib\armv7e-m\softfp\libstdc++.a(eh_throw.o)
                              ..\..\..\..\..\..\..\..\Program Files (x86)\GNU Tools ARM Embedded\4.7 2012q4\arm-none-eabi\lib\armv7e-m\softfp\libstdc++.a(guard.o) (__cxa_throw)
..\..\..\..\..\..\..\..\Program Files (x86)\GNU Tools ARM Embedded\4.7 2012q4\arm-none-eabi\lib\armv7e-m\softfp\libstdc++.a(new_op.o)
                              ..\obj\ManagerMgr.o (operator new(unsigned int))
..\..\..\..\..\..\..\..\Program Files (x86)\GNU Tools ARM Embedded\4.7 2012q4\arm-none-eabi\lib\armv7e-m\softfp\libstdc++.a(eh_personality.o)
                              ..\obj\main.o (__gxx_personality_v0)
..\..\..\..\..\..\..\..\Program Files (x86)\GNU Tools ARM Embedded\4.7 2012q4\arm-none-eabi\lib\armv7e-m\softfp\libstdc++.a(eh_term_handler.o)
                              ..\..\..\..\..\..\..\..\Program Files (x86)\GNU Tools ARM Embedded\4.7 2012q4\arm-none-eabi\lib\armv7e-m\softfp\libstdc++.a(eh_throw.o) (__cxxabiv1::__terminate_handler)
..\..\..\..\..\..\..\..\Program Files (x86)\GNU Tools ARM Embedded\4.7 2012q4\arm-none-eabi\lib\armv7e-m\softfp\libstdc++.a(eh_alloc.o)
                              ..\..\..\..\..\..\..\..\Program Files (x86)\GNU Tools ARM Embedded\4.7 2012q4\arm-none-eabi\lib\armv7e-m\softfp\libstdc++.a(guard.o) (__cxa_allocate_exception)
..\..\..\..\..\..\..\..\Program Files (x86)\GNU Tools ARM Embedded\4.7 2012q4\arm-none-eabi\lib\armv7e-m\softfp\libstdc++.a(eh_terminate.o)
                              ..\..\..\..\..\..\..\..\Program Files (x86)\GNU Tools ARM Embedded\4.7 2012q4\arm-none-eabi\lib\armv7e-m\softfp\libstdc++.a(eh_throw.o) (__cxxabiv1::__terminate(void (*)()))
..\..\..\..\..\..\..\..\Program Files (x86)\GNU Tools ARM Embedded\4.7 2012q4\arm-none-eabi\lib\armv7e-m\softfp\libstdc++.a(tinfo.o)
                              ..\..\..\..\..\..\..\..\Program Files (x86)\GNU Tools ARM Embedded\4.7 2012q4\arm-none-eabi\lib\armv7e-m\softfp\libstdc++.a(class_type_info.o) (std::type_info::~type_info())
..\..\..\..\..\..\..\..\Program Files (x86)\GNU Tools ARM Embedded\4.7 2012q4\arm-none-eabi\lib\armv7e-m\softfp\libstdc++.a(eh_unex_handler.o)
                              ..\..\..\..\..\..\..\..\Program Files (x86)\GNU Tools ARM Embedded\4.7 2012q4\arm-none-eabi\lib\armv7e-m\softfp\libstdc++.a(eh_throw.o) (__cxxabiv1::__unexpected_handler)
..\..\..\..\..\..\..\..\Program Files (x86)\GNU Tools ARM Embedded\4.7 2012q4\arm-none-eabi\lib\armv7e-m\softfp\libstdc++.a(guard_error.o)
                              ..\..\..\..\..\..\..\..\Program Files (x86)\GNU Tools ARM Embedded\4.7 2012q4\arm-none-eabi\lib\armv7e-m\softfp\libstdc++.a(guard.o) (__gnu_cxx::recursive_init_error::~recursive_init_error())
..\..\..\..\..\..\..\..\Program Files (x86)\GNU Tools ARM Embedded\4.7 2012q4\arm-none-eabi\lib\armv7e-m\softfp\libstdc++.a(si_class_type_info.o)
                              ..\..\..\..\..\..\..\..\Program Files (x86)\GNU Tools ARM Embedded\4.7 2012q4\arm-none-eabi\lib\armv7e-m\softfp\libstdc++.a(eh_exception.o) (vtable for __cxxabiv1::__si_class_type_info)
..\..\..\..\..\..\..\..\Program Files (x86)\GNU Tools ARM Embedded\4.7 2012q4\arm-none-eabi\lib\armv7e-m\softfp\libstdc++.a(eh_call.o)
[...]
Memory Configuration

Name             Origin             Length             Attributes
rom              0x08000000         0x00100000         xr
ram              0x20000000         0x00020000         xrw
ram1             0x10000000         0x00010000         xrw
*default*        0x00000000         0xffffffff

Linker script and memory map

LOAD d:/program files (x86)/gnu tools arm embedded/4.7 2012q4/bin/../lib/gcc/arm-none-eabi/4.7.3/armv7e-m\libgcc.a
LOAD ..\..\..\..\..\..\..\..\Program Files (x86)\GNU Tools ARM Embedded\4.7 2012q4\arm-none-eabi\lib\armv7e-m\softfp\libc.a
LOAD ..\..\..\..\..\..\..\..\Program Files (x86)\GNU Tools ARM Embedded\4.7 2012q4\arm-none-eabi\lib\armv7e-m\softfp\libm.a
                0x20020000                _eram = 0x20020000

.text           0x08000000    0x1bde8
 *(.isr_vector .isr_vector.*)
 .isr_vector    0x08000000      0x188 ..\obj\startup_stm32f4xx.o
                0x08000000                g_pfnVectors
 *(.text .text.* .gnu.linkonce.t.*)
 .text.NVIC_SetPriority
                0x08000188       0x5c ..\obj\delay.o
 .text.SysTick_Config
                0x080001e4       0x64 ..\obj\delay.o
 .text.Delay    0x08000248       0x34 ..\obj\delay.o
                0x08000248                Delay
 .text.Delay_Init
                0x0800027c       0x30 ..\obj\delay.o
                0x0800027c                Delay_Init
 .text.SysTick_Handler
                0x080002ac       0x24 ..\obj\delay.o
                0x080002ac                SysTick_Handler
 .text.Millis   0x080002d0       0x18 ..\obj\delay.o
                0x080002d0                Millis
 .text.USART_Init
                0x080002e8      0x1ac ..\obj\stm32f4xx_usart.o
                0x080002e8                USART_Init
 .text.USART_Cmd
                0x08000494       0x40 ..\obj\stm32f4xx_usart.o
                0x08000494                USART_Cmd
 .text.USART_SendData
                0x080004d4       0x28 ..\obj\stm32f4xx_usart.o
                0x080004d4                USART_SendData
 .text.USART_ReceiveData
                0x080004fc       0x24 ..\obj\stm32f4xx_usart.o
                0x080004fc                USART_ReceiveData
 .text.USART_ITConfig
                0x08000520       0xa4 ..\obj\stm32f4xx_usart.o
                0x08000520                USART_ITConfig
 .text.USART_GetFlagStatus
                0x080005c4       0x40 ..\obj\stm32f4xx_usart.o
                0x080005c4                USART_GetFlagStatus
 .text.USART_GetITStatus
                0x08000604       0xc4 ..\obj\stm32f4xx_usart.o
                0x08000604                USART_GetITStatus
 .text.Default_Reset_Handler
                0x080006c8       0x80 ..\obj\startup_stm32f4xx.o
                0x080006c8                Default_Reset_Handler
                0x080006c8                Reset_Handler
 .text.Default_Handler
                0x08000748        0x8 ..\obj\startup_stm32f4xx.o
                0x08000748                RTC_Alarm_IRQHandler
                0x08000748                HASH_RNG_IRQHandler
                0x08000748                EXTI2_IRQHandler
                0x08000748                TIM8_CC_IRQHandler
                0x08000748                DebugMon_Handler
                0x08000748                TIM1_CC_IRQHandler
                0x08000748                DMA2_Stream5_IRQHandler
                0x08000748                HardFault_Handler
                0x08000748                DMA1_Stream5_IRQHandler
                0x08000748                PVD_IRQHandler
                0x08000748                SDIO_IRQHandler
                0x08000748                TAMP_STAMP_IRQHandler
                0x08000748                PendSV_Handler
                0x08000748                NMI_Handler
                0x08000748                CAN2_RX1_IRQHandler
                0x08000748                EXTI3_IRQHandler
                0x08000748                TIM8_TRG_COM_TIM14_IRQHandler
                0x08000748                TIM1_UP_TIM10_IRQHandler
                0x08000748                TIM8_UP_TIM13_IRQHandler
                0x08000748                I2C3_ER_IRQHandler
                0x08000748                EXTI0_IRQHandler
                0x08000748                I2C2_EV_IRQHandler
                0x08000748                DMA1_Stream2_IRQHandler
                0x08000748                CAN1_RX0_IRQHandler
                0x08000748                FPU_IRQHandler
                0x08000748                OTG_HS_WKUP_IRQHandler
                0x08000748                UsageFault_Handler
                0x08000748                CAN2_SCE_IRQHandler
                0x08000748                DMA2_Stream2_IRQHandler
                0x08000748                SPI1_IRQHandler
                0x08000748                TIM6_DAC_IRQHandler
                0x08000748                TIM1_BRK_TIM9_IRQHandler
                0x08000748                DCMI_IRQHandler
                0x08000748                CAN2_RX0_IRQHandler
                0x08000748                DMA2_Stream3_IRQHandler
                0x08000748                CRYP_IRQHandler
                0x08000748                CAN1_RX1_IRQHandler
                0x08000748                DMA2_Stream0_IRQHandler
                0x08000748                I2C1_EV_IRQHandler
                0x08000748                DMA1_Stream6_IRQHandler
                0x08000748                DMA1_Stream1_IRQHandler
                0x08000748                TIM3_IRQHandler
                0x08000748                RCC_IRQHandler
                0x08000748                TIM8_BRK_TIM12_IRQHandler
                0x08000748                EXTI15_10_IRQHandler
                0x08000748                ADC_IRQHandler
                0x08000748                DMA1_Stream7_IRQHandler
                0x08000748                TIM7_IRQHandler
                0x08000748                CAN2_TX_IRQHandler
                0x08000748                TIM5_IRQHandler
                0x08000748                DMA2_Stream7_IRQHandler
                0x08000748                I2C3_EV_IRQHandler
                0x08000748                EXTI9_5_IRQHandler
                0x08000748                RTC_WKUP_IRQHandler
                0x08000748                ETH_WKUP_IRQHandler
                0x08000748                SPI2_IRQHandler
                0x08000748                OTG_HS_EP1_IN_IRQHandler
                0x08000748                MemManage_Handler
                0x08000748                DMA1_Stream0_IRQHandler
                0x08000748                CAN1_TX_IRQHandler
                0x08000748                SVC_Handler
                0x08000748                EXTI4_IRQHandler
                0x08000748                FSMC_IRQHandler
                0x08000748                ETH_IRQHandler
                0x08000748                OTG_HS_EP1_OUT_IRQHandler
                0x08000748                WWDG_IRQHandler
                0x08000748                TIM2_IRQHandler
                0x08000748                OTG_FS_WKUP_IRQHandler
                0x08000748                TIM1_TRG_COM_TIM11_IRQHandler
                0x08000748                OTG_HS_IRQHandler
                0x08000748                EXTI1_IRQHandler
                0x08000748                I2C2_ER_IRQHandler
                0x08000748                DMA2_Stream1_IRQHandler
                0x08000748                CAN1_SCE_IRQHandler
                0x08000748                FLASH_IRQHandler
                0x08000748                DMA2_Stream4_IRQHandler
                0x08000748                BusFault_Handler
                0x08000748                OTG_FS_IRQHandler
                0x08000748                SPI3_IRQHandler
                0x08000748                DMA1_Stream4_IRQHandler
                0x08000748                I2C1_ER_IRQHandler
                0x08000748                DMA2_Stream6_IRQHandler
                0x08000748                DMA1_Stream3_IRQHandler
 .text._ZN12ActuatorsMgr10monterBrasEv
                0x08000750       0x20 ..\obj\main.o
                0x08000750                ActuatorsMgr::monterBras()
 .text.main     0x08000770      0x75c ..\obj\main.o
                0x08000770                main
 .text.TIM4_IRQHandler
                0x08000ecc      0x138 ..\obj\main.o
                0x08000ecc                TIM4_IRQHandler
 .text._ZN8side_defC2Ev
                0x08001004       0x18 ..\obj\main.o
                0x08001004                side_def::side_def()
                0x08001004                side_def::side_def()
 .text._ZN9safe_enumI8side_defNS0_4typeEEC2ES1_
                0x0800101c       0x24 ..\obj\main.o
                0x0800101c                safe_enum<side_def, side_def::type>::safe_enum(side_def::type)
                0x0800101c                safe_enum<side_def, side_def::type>::safe_enum(side_def::type)
 .text._ZN2AXI4UartILh2EEE4goToEt
                0x08001040       0x40 ..\obj\main.o
                0x08001040                AX<Uart<(unsigned char)2> >::goTo(unsigned short)
 .text._ZN4UartILh1EE4initEm
                0x08001080      0x188 ..\obj\main.o
                0x08001080                Uart<(unsigned char)1>::init(unsigned long)
 .text._ZN9SingletonI19MotionControlSystemE8InstanceEv
                0x08001208       0x70 ..\obj\main.o
                0x08001208                Singleton<MotionControlSystem>::Instance()
 .text._ZN4UartILh2EE4initEm
                0x08001278      0x188 ..\obj\main.o
                0x08001278                Uart<(unsigned char)2>::init(unsigned long)
 .text._ZN4UartILh1EE9availableEv
                0x08001400       0x34 ..\obj\main.o
                0x08001400                Uart<(unsigned char)1>::available()
 .text._ZN4UartILh1EE4readEPct
                0x08001434       0xbc ..\obj\main.o
                0x08001434                Uart<(unsigned char)1>::read(char*, unsigned short)
 .text._ZN4UartILh1EE8printflnEPKcz
                0x080014f0       0x44 ..\obj\main.o
                0x080014f0                Uart<(unsigned char)1>::printfln(char const*, ...)
 .text._ZN4UartILh1EE4readIiEEhRT_t
                0x08001534       0x40 ..\obj\main.o
                0x08001534                unsigned char Uart<(unsigned char)1>::read<int>(int&, unsigned short)
 .text._ZN4UartILh1EE4readERft
                0x08001574       0x4c ..\obj\main.o
                0x08001574                Uart<(unsigned char)1>::read(float&, unsigned short)
 .text._ZN4UartILh1EE4readIlEEhRT_t
                0x080015c0       0x40 ..\obj\main.o
                0x080015c0                unsigned char Uart<(unsigned char)1>::read<long>(long&, unsigned short)
 .text._ZN2AXI4UartILh2EEE9writeDataEhht
                0x08001600       0xd0 ..\obj\main.o
                0x08001600                AX<Uart<(unsigned char)2> >::writeData(unsigned char, unsigned char, unsigned short)
 .text._ZN4UartILh1EE9read_charERht
                0x080016d0       0xcc ..\obj\main.o
                0x080016d0                Uart<(unsigned char)1>::read_char(unsigned char&, unsigned short)
 .text._ZN4UartILh1EE5writeEPc
                0x0800179c       0x48 ..\obj\main.o
                0x0800179c                Uart<(unsigned char)1>::write(char*)
 .text._ZN4UartILh1EE7send_lnEv
                0x080017e4       0x18 ..\obj\main.o
                0x080017e4                Uart<(unsigned char)1>::send_ln()
 .text._ZN2AXI4UartILh2EEE10sendPacketEhhPh
                0x080017fc       0xb8 ..\obj\main.o
                0x080017fc                AX<Uart<(unsigned char)2> >::sendPacket(unsigned char, unsigned char, unsigned char*)
 .text._ZN4UartILh1EE9send_charEh
                0x080018b4       0x4c ..\obj\main.o
                0x080018b4                Uart<(unsigned char)1>::send_char(unsigned char)
 .text._ZN4UartILh2EE9send_charEh
                0x08001900       0x4c ..\obj\main.o
                0x08001900                Uart<(unsigned char)2>::send_char(unsigned char)
 .text.RCC_GetClocksFreq
                0x0800194c      0x1cc ..\obj\stm32f4xx_rcc.o
                0x0800194c                RCC_GetClocksFreq
 .text.RCC_AHB1PeriphClockCmd
                0x08001b18       0x54 ..\obj\stm32f4xx_rcc.o
                0x08001b18                RCC_AHB1PeriphClockCmd
 .text.RCC_APB1PeriphClockCmd
                0x08001b6c       0x54 ..\obj\stm32f4xx_rcc.o
                0x08001b6c                RCC_APB1PeriphClockCmd
 .text.RCC_APB2PeriphClockCmd
                0x08001bc0       0x54 ..\obj\stm32f4xx_rcc.o
                0x08001bc0                RCC_APB2PeriphClockCmd
 .text._ZN12ActuatorsMgrC2Ev
                0x08001c14       0x48 ..\obj\ManagerMgr.o
                0x08001c14                ActuatorsMgr::ActuatorsMgr()
                0x08001c14                ActuatorsMgr::ActuatorsMgr()
 .text._ZN10ManagerMgrC2Ev
                0x08001c5c       0x20 ..\obj\ManagerMgr.o
                0x08001c5c                ManagerMgr::ManagerMgr()
                0x08001c5c                ManagerMgr::ManagerMgr()
 .text._ZN10ManagerMgr15getActuatorsMgrEv
                0x08001c7c       0x18 ..\obj\ManagerMgr.o
                0x08001c7c                ManagerMgr::getActuatorsMgr()
 .text._ZN9SingletonI12ActuatorsMgrEC2Ev
                0x08001c94       0x18 ..\obj\ManagerMgr.o
                0x08001c94                Singleton<ActuatorsMgr>::Singleton()
                0x08001c94                Singleton<ActuatorsMgr>::Singleton()
 .text._ZN2AXI4UartILh2EEEC2Ehtt
                0x08001cac       0x40 ..\obj\ManagerMgr.o
                0x08001cac                AX<Uart<(unsigned char)2> >::AX(unsigned char, unsigned short, unsigned short)
                0x08001cac                AX<Uart<(unsigned char)2> >::AX(unsigned char, unsigned short, unsigned short)
 .text._ZN9SingletonI12ActuatorsMgrE8InstanceEv
                0x08001cec       0x70 ..\obj\ManagerMgr.o
                0x08001cec                Singleton<ActuatorsMgr>::Instance()
 .text._ZN4UartILh2EE10disable_rxEv
                0x08001d5c       0x38 ..\obj\ManagerMgr.o
                0x08001d5c                Uart<(unsigned char)2>::disable_rx()
 .text._ZN2AXI4UartILh2EEE4initEtt
                0x08001d94       0x5c ..\obj\ManagerMgr.o
                0x08001d94                AX<Uart<(unsigned char)2> >::init(unsigned short, unsigned short)
 .text._ZN3PIDC2EPlPsS0_
                0x08001df0       0x74 ..\obj\MotionControlSystem.o
                0x08001df0                PID::PID(long*, short*, long*)
                0x08001df0                PID::PID(long*, short*, long*)
 .text._ZN3PID7computeEv
                0x08001e64       0xd8 ..\obj\MotionControlSystem.o
                0x08001e64                PID::compute()
 .text._ZN3PID10setTuningsEfff
                0x08001f3c       0xb8 ..\obj\MotionControlSystem.o
                0x08001f3c                PID::setTunings(float, float, float)
 .text._ZN3PID15setOutputLimitsEss
                0x08001ff4       0x70 ..\obj\MotionControlSystem.o
                0x08001ff4                PID::setOutputLimits(short, short)
 .text._ZN3PID22setControllerDirectionE9safe_enumI17pid_direction_defNS1_4typeEE
                0x08002064       0x7c ..\obj\MotionControlSystem.o
                0x08002064                PID::setControllerDirection(safe_enum<pid_direction_def, pid_direction_def::type>)
 .text._ZNK3PID8getErrorEv
                0x080020e0       0x18 ..\obj\MotionControlSystem.o
                0x080020e0                PID::getError() const
 .text._ZNK3PID18getDerivativeErrorEv
                0x080020f8       0x18 ..\obj\MotionControlSystem.o
                0x080020f8                PID::getDerivativeError() const
 .text._ZN19MotionControlSystemC2Ev
                0x08002110       0xf0 ..\obj\MotionControlSystem.o
                0x08002110                MotionControlSystem::MotionControlSystem()
                0x08002110                MotionControlSystem::MotionControlSystem()
 .text._ZN19MotionControlSystem4initEv
                0x08002200      0x108 ..\obj\MotionControlSystem.o
                0x08002200                MotionControlSystem::init()
 .text._ZN19MotionControlSystem17getPWMTranslationEv
                0x08002308       0x1c ..\obj\MotionControlSystem.o
                0x08002308                MotionControlSystem::getPWMTranslation()
 .text._ZN19MotionControlSystem14getPWMRotationEv
                0x08002324       0x1c ..\obj\MotionControlSystem.o
                0x08002324                MotionControlSystem::getPWMRotation()
 .text._ZN19MotionControlSystem18getTranslationGoalEv
                0x08002340       0x18 ..\obj\MotionControlSystem.o
                0x08002340                MotionControlSystem::getTranslationGoal()
 .text._ZN19MotionControlSystem15getRotationGoalEv
                0x08002358       0x18 ..\obj\MotionControlSystem.o
                0x08002358                MotionControlSystem::getRotationGoal()
 .text._ZN19MotionControlSystem14getLeftEncoderEv
                0x08002370       0x18 ..\obj\MotionControlSystem.o
                0x08002370                MotionControlSystem::getLeftEncoder()
 .text._ZN19MotionControlSystem15getRightEncoderEv
                0x08002388       0x18 ..\obj\MotionControlSystem.o
                0x08002388                MotionControlSystem::getRightEncoder()
 .text._ZN19MotionControlSystem15moveLeftEncoderEl
                0x080023a0       0x20 ..\obj\MotionControlSystem.o
                0x080023a0                MotionControlSystem::moveLeftEncoder(long)
 .text._ZN19MotionControlSystem16moveRightEncoderEl
                0x080023c0       0x20 ..\obj\MotionControlSystem.o
                0x080023c0                MotionControlSystem::moveRightEncoder(long)
 .text._ZN19MotionControlSystem6enableEb
                0x080023e0       0x44 ..\obj\MotionControlSystem.o
                0x080023e0                MotionControlSystem::enable(bool)
 .text._ZN19MotionControlSystem24enableTranslationControlEb
                0x08002424       0x1c ..\obj\MotionControlSystem.o
                0x08002424                MotionControlSystem::enableTranslationControl(bool)
 .text._ZN19MotionControlSystem21enableRotationControlEb
                0x08002440       0x1c ..\obj\MotionControlSystem.o
                0x08002440                MotionControlSystem::enableRotationControl(bool)
 .text._ZN19MotionControlSystem7controlEv
                0x0800245c       0x8c ..\obj\MotionControlSystem.o
                0x0800245c                MotionControlSystem::control()
 .text._ZN19MotionControlSystem19isPhysicallyStoppedEv
                0x080024e8       0x40 ..\obj\MotionControlSystem.o
                0x080024e8                MotionControlSystem::isPhysicallyStopped()
 .text._ZN19MotionControlSystem10manageStopEv
                0x08002528      0x19c ..\obj\MotionControlSystem.o
                0x08002528                MotionControlSystem::manageStop()
 *fill*         0x080026c4        0x4 00
 .text._ZN19MotionControlSystem14updatePositionEv
                0x080026c8      0x138 ..\obj\MotionControlSystem.o
                0x080026c8                MotionControlSystem::updatePosition()
 .text._ZN19MotionControlSystem12optimumAngleEll
                0x08002800      0x108 ..\obj\MotionControlSystem.o
                0x08002800                MotionControlSystem::optimumAngle(long, long)
 .text._ZN19MotionControlSystem12applyControlEv
                0x08002908       0x64 ..\obj\MotionControlSystem.o
                0x08002908                MotionControlSystem::applyControl()
 *fill*         0x0800296c        0x4 00
 .text._ZN19MotionControlSystem16orderTranslationEl
                0x08002970       0x68 ..\obj\MotionControlSystem.o
                0x08002970                MotionControlSystem::orderTranslation(long)
 .text._ZN19MotionControlSystem13orderRotationEf
                0x080029d8       0x70 ..\obj\MotionControlSystem.o
                0x080029d8                MotionControlSystem::orderRotation(float)
 .text._ZN19MotionControlSystem11orderRawPwmE9safe_enumI8side_defNS1_4typeEEs
                0x08002a48       0x5c ..\obj\MotionControlSystem.o
                0x08002a48                MotionControlSystem::orderRawPwm(safe_enum<side_def, side_def::type>, short)
 .text._ZN19MotionControlSystem4stopEv
                0x08002aa4       0x68 ..\obj\MotionControlSystem.o
                0x08002aa4                MotionControlSystem::stop()
 .text._ZN19MotionControlSystem21setTranslationTuningsEfff
                0x08002b0c       0x28 ..\obj\MotionControlSystem.o
                0x08002b0c                MotionControlSystem::setTranslationTunings(float, float, float)
 .text._ZN19MotionControlSystem18setRotationTuningsEfff
                0x08002b34       0x28 ..\obj\MotionControlSystem.o
                0x08002b34                MotionControlSystem::setRotationTunings(float, float, float)
 *fill*         0x08002b5c        0x4 00
 .text._ZNK19MotionControlSystem14getAngleRadianEv
                0x08002b60       0x68 ..\obj\MotionControlSystem.o
                0x08002b60                MotionControlSystem::getAngleRadian() const
 .text._ZN19MotionControlSystem4getXEv
                0x08002bc8       0x1c ..\obj\MotionControlSystem.o
                0x08002bc8                MotionControlSystem::getX()
 .text._ZN19MotionControlSystem4getYEv
                0x08002be4       0x1c ..\obj\MotionControlSystem.o
                0x08002be4                MotionControlSystem::getY()
 .text._ZN17pid_direction_defC2Ev
                0x08002c00       0x18 ..\obj\MotionControlSystem.o
                0x08002c00                pid_direction_def::pid_direction_def()
                0x08002c00                pid_direction_def::pid_direction_def()
 .text._ZN9safe_enumI17pid_direction_defNS0_4typeEEC2ES1_
                0x08002c18       0x24 ..\obj\MotionControlSystem.o
                0x08002c18                safe_enum<pid_direction_def, pid_direction_def::type>::safe_enum(pid_direction_def::type)
                0x08002c18                safe_enum<pid_direction_def, pid_direction_def::type>::safe_enum(pid_direction_def::type)
 .text._ZNK9safe_enumI17pid_direction_defNS0_4typeEEeqERKS2_
                0x08002c3c       0x28 ..\obj\MotionControlSystem.o
                0x08002c3c                safe_enum<pid_direction_def, pid_direction_def::type>::operator==(safe_enum<pid_direction_def, pid_direction_def::type> const&) const
 .text._ZN9SingletonI19MotionControlSystemEC2Ev
                0x08002c64       0x18 ..\obj\MotionControlSystem.o
                0x08002c64                Singleton<MotionControlSystem>::Singleton()
                0x08002c64                Singleton<MotionControlSystem>::Singleton()
 .text._ZNK9safe_enumI8side_defNS0_4typeEEeqERKS2_
                0x08002c7c       0x28 ..\obj\MotionControlSystem.o
                0x08002c7c                safe_enum<side_def, side_def::type>::operator==(safe_enum<side_def, side_def::type> const&) const
 .text.GPIO_Init
                0x08002ca4      0x144 ..\obj\stm32f4xx_gpio.o
                0x08002ca4                GPIO_Init
 .text.GPIO_StructInit
                0x08002de8       0x3c ..\obj\stm32f4xx_gpio.o
                0x08002de8                GPIO_StructInit
 .text.GPIO_SetBits
                0x08002e24       0x1c ..\obj\stm32f4xx_gpio.o
                0x08002e24                GPIO_SetBits
 .text.GPIO_ResetBits
                0x08002e40       0x1c ..\obj\stm32f4xx_gpio.o
                0x08002e40                GPIO_ResetBits
 .text.GPIO_PinAFConfig
                0x08002e5c       0xa8 ..\obj\stm32f4xx_gpio.o
                0x08002e5c                GPIO_PinAFConfig
 .text.SystemInit
                0x08002f04       0xb0 ..\obj\system_stm32f4xx.o
                0x08002f04                SystemInit
 .text.SetSysClock
                0x08002fb4      0x1e0 ..\obj\system_stm32f4xx.o
 .text._sbrk    0x08003194       0x5c ..\obj\syscalls.o
                0x08003194                _sbrk
 .text._close   0x080031f0       0x18 ..\obj\syscalls.o
                0x080031f0                _close
 .text._fstat   0x08003208       0x24 ..\obj\syscalls.o
                0x08003208                _fstat
 .text._isatty  0x0800322c       0x18 ..\obj\syscalls.o
                0x0800322c                _isatty
 .text._lseek   0x08003244       0x1c ..\obj\syscalls.o
                0x08003244                _lseek
 .text._read    0x08003260       0x1c ..\obj\syscalls.o
                0x08003260                _read
 .text._write   0x0800327c       0x1c ..\obj\syscalls.o
                0x0800327c                _write
 .text.abort    0x08003298        0x8 ..\obj\syscalls.o
                0x08003298                abort
 .text.NVIC_Init
                0x080032a0       0xe4 ..\obj\misc.o
                0x080032a0                NVIC_Init
 .text.USART1_IRQHandler
                0x08003384       0x48 ..\obj\Uart_IT.o
                0x08003384                USART1_IRQHandler
 .text.USART2_IRQHandler
                0x080033cc       0x48 ..\obj\Uart_IT.o
                0x080033cc                USART2_IRQHandler
 .text.USART3_IRQHandler
                0x08003414       0x48 ..\obj\Uart_IT.o
                0x08003414                USART3_IRQHandler
 .text.UART4_IRQHandler
                0x0800345c       0x48 ..\obj\Uart_IT.o
                0x0800345c                UART4_IRQHandler
 .text.UART5_IRQHandler
                0x080034a4       0x48 ..\obj\Uart_IT.o
                0x080034a4                UART5_IRQHandler
 .text.USART6_IRQHandler
                0x080034ec       0x48 ..\obj\Uart_IT.o
                0x080034ec                USART6_IRQHandler
 .text._ZN4UartILh1EE10store_charEh
                0x08003534       0x7c ..\obj\Uart_IT.o
                0x08003534                Uart<(unsigned char)1>::store_char(unsigned char)
 .text._ZN4UartILh2EE10store_charEh
                0x080035b0       0x7c ..\obj\Uart_IT.o
                0x080035b0                Uart<(unsigned char)2>::store_char(unsigned char)
 .text._ZN4UartILh3EE10store_charEh
                0x0800362c       0x7c ..\obj\Uart_IT.o
                0x0800362c                Uart<(unsigned char)3>::store_char(unsigned char)
 .text._ZN4UartILh4EE10store_charEh
                0x080036a8       0x7c ..\obj\Uart_IT.o
                0x080036a8                Uart<(unsigned char)4>::store_char(unsigned char)
 .text._ZN4UartILh5EE10store_charEh
                0x08003724       0x7c ..\obj\Uart_IT.o
                0x08003724                Uart<(unsigned char)5>::store_char(unsigned char)
 .text._ZN4UartILh6EE10store_charEh
                0x080037a0       0x7c ..\obj\Uart_IT.o
                0x080037a0                Uart<(unsigned char)6>::store_char(unsigned char)
 .text._ZN5MotorC2E9safe_enumI8side_defNS1_4typeEE
                0x0800381c       0xc4 ..\obj\Motor.o
                0x0800381c                Motor::Motor(safe_enum<side_def, side_def::type>)
                0x0800381c                Motor::Motor(safe_enum<side_def, side_def::type>)
 .text._ZN5Motor7initPWMEv
                0x080038e0      0x14c ..\obj\Motor.o
                0x080038e0                Motor::initPWM()
 .text._ZN5Motor3runEs
                0x08003a2c      0x10c ..\obj\Motor.o
                0x08003a2c                Motor::run(short)
 .text._ZN5Motor12setDirectionE9safe_enumI13direction_defNS1_4typeEE
                0x08003b38       0xc0 ..\obj\Motor.o
                0x08003b38                Motor::setDirection(safe_enum<direction_def, direction_def::type>)
 .text._ZN13direction_defC2Ev
                0x08003bf8       0x18 ..\obj\Motor.o
                0x08003bf8                direction_def::direction_def()
                0x08003bf8                direction_def::direction_def()
 .text._ZN9safe_enumI13direction_defNS0_4typeEEC2ES1_
                0x08003c10       0x24 ..\obj\Motor.o
                0x08003c10                safe_enum<direction_def, direction_def::type>::safe_enum(direction_def::type)
                0x08003c10                safe_enum<direction_def, direction_def::type>::safe_enum(direction_def::type)
 .text._ZNK9safe_enumI13direction_defNS0_4typeEEeqERKS2_
                0x08003c34       0x28 ..\obj\Motor.o
                0x08003c34                safe_enum<direction_def, direction_def::type>::operator==(safe_enum<direction_def, direction_def::type> const&) const
 .text._ZN7CounterC2Ev
                0x08003c5c      0x1e8 ..\obj\Counter.o
                0x08003c5c                Counter::Counter()
                0x08003c5c                Counter::Counter()
 .text._ZN7Counter12getLeftValueEv
                0x08003e44       0x20 ..\obj\Counter.o
                0x08003e44                Counter::getLeftValue()
 .text._ZN7Counter13getRightValueEv
                0x08003e64       0x20 ..\obj\Counter.o
                0x08003e64                Counter::getRightValue()
 .text.TIM_TimeBaseInit
                0x08003e84       0xf4 ..\obj\stm32f4xx_tim.o
                0x08003e84                TIM_TimeBaseInit
 .text.TIM_TimeBaseStructInit
                0x08003f78       0x3c ..\obj\stm32f4xx_tim.o
                0x08003f78                TIM_TimeBaseStructInit
 .text.TIM_SetCounter
                0x08003fb4       0x1c ..\obj\stm32f4xx_tim.o
                0x08003fb4                TIM_SetCounter
 .text.TIM_GetCounter
                0x08003fd0       0x18 ..\obj\stm32f4xx_tim.o
                0x08003fd0                TIM_GetCounter
 .text.TIM_ARRPreloadConfig
                0x08003fe8       0x40 ..\obj\stm32f4xx_tim.o
                0x08003fe8                TIM_ARRPreloadConfig
 .text.TIM_Cmd  0x08004028       0x40 ..\obj\stm32f4xx_tim.o
                0x08004028                TIM_Cmd
 .text.TIM_OC1Init
                0x08004068       0xfc ..\obj\stm32f4xx_tim.o
                0x08004068                TIM_OC1Init
 .text.TIM_OC2Init
                0x08004164      0x128 ..\obj\stm32f4xx_tim.o
                0x08004164                TIM_OC2Init
 .text.TIM_OC1PreloadConfig
                0x0800428c       0x38 ..\obj\stm32f4xx_tim.o
                0x0800428c                TIM_OC1PreloadConfig
 .text.TIM_OC2PreloadConfig
                0x080042c4       0x40 ..\obj\stm32f4xx_tim.o
                0x080042c4                TIM_OC2PreloadConfig
 .text.TIM_ITConfig
                0x08004304       0x48 ..\obj\stm32f4xx_tim.o
                0x08004304                TIM_ITConfig
 .text.TIM_GetITStatus
                0x0800434c       0x60 ..\obj\stm32f4xx_tim.o
                0x0800434c                TIM_GetITStatus
 .text.TIM_ClearITPendingBit
                0x080043ac       0x24 ..\obj\stm32f4xx_tim.o
                0x080043ac                TIM_ClearITPendingBit
 .text.TIM_EncoderInterfaceConfig
                0x080043d0       0x94 ..\obj\stm32f4xx_tim.o
                0x080043d0                TIM_EncoderInterfaceConfig
 .text.__cxa_end_cleanup
                0x08004464        0xc ..\..\..\..\..\..\..\..\Program Files (x86)\GNU Tools ARM Embedded\4.7 2012q4\arm-none-eabi\lib\armv7e-m\softfp\libstdc++.a(eh_arm.o)
                0x08004464                __cxa_end_cleanup
 .text.__cxa_type_match
                0x08004470       0xb0 ..\..\..\..\..\..\..\..\Program Files (x86)\GNU Tools ARM Embedded\4.7 2012q4\arm-none-eabi\lib\armv7e-m\softfp\libstdc++.a(eh_arm.o)
                0x08004470                __cxa_type_match
 .text.__cxa_begin_cleanup
                0x08004520       0x64 ..\..\..\..\..\..\..\..\Program Files (x86)\GNU Tools ARM Embedded\4.7 2012q4\arm-none-eabi\lib\armv7e-m\softfp\libstdc++.a(eh_arm.o)
                0x08004520                __cxa_begin_cleanup
 .text.__gnu_end_cleanup
                0x08004584       0x74 ..\..\..\..\..\..\..\..\Program Files (x86)\GNU Tools ARM Embedded\4.7 2012q4\arm-none-eabi\lib\armv7e-m\softfp\libstdc++.a(eh_arm.o)
                0x08004584                __gnu_end_cleanup
 .text.__cxa_get_globals_fast
                0x080045f8        0xc ..\..\..\..\..\..\..\..\Program Files (x86)\GNU Tools ARM Embedded\4.7 2012q4\arm-none-eabi\lib\armv7e-m\softfp\libstdc++.a(eh_globals.o)
                0x080045f8                __cxa_get_globals_fast
 .text.__cxa_get_globals
                0x08004604        0xc ..\..\..\..\..\..\..\..\Program Files (x86)\GNU Tools ARM Embedded\4.7 2012q4\arm-none-eabi\lib\armv7e-m\softfp\libstdc++.a(eh_globals.o)
                0x08004604                __cxa_get_globals
 .text.__cxa_guard_acquire
                0x08004610       0x38 ..\..\..\..\..\..\..\..\Program Files (x86)\GNU Tools ARM Embedded\4.7 2012q4\arm-none-eabi\lib\armv7e-m\softfp\libstdc++.a(guard.o)
                0x08004610                __cxa_guard_acquire
 .text.__cxa_guard_abort
                0x08004648        0x8 ..\..\..\..\..\..\..\..\Program Files (x86)\GNU Tools ARM Embedded\4.7 2012q4\arm-none-eabi\lib\armv7e-m\softfp\libstdc++.a(guard.o)
                0x08004648                __cxa_guard_abort
 .text.__cxa_guard_release
                0x08004650        0x8 ..\..\..\..\..\..\..\..\Program Files (x86)\GNU Tools ARM Embedded\4.7 2012q4\arm-none-eabi\lib\armv7e-m\softfp\libstdc++.a(guard.o)
                0x08004650                __cxa_guard_release
 .text._ZNSt9exceptionD2Ev
                0x08004658        0xc ..\..\..\..\..\..\..\..\Program Files (x86)\GNU Tools ARM Embedded\4.7 2012q4\arm-none-eabi\lib\armv7e-m\softfp\libstdc++.a(eh_exception.o)
                0x08004658                std::exception::~exception()
                0x08004658                std::exception::~exception()
 .text._ZNSt13bad_exceptionD2Ev
                0x08004664        0xc ..\..\..\..\..\..\..\..\Program Files (x86)\GNU Tools ARM Embedded\4.7 2012q4\arm-none-eabi\lib\armv7e-m\softfp\libstdc++.a(eh_exception.o)
                0x08004664                std::bad_exception::~bad_exception()
                0x08004664                std::bad_exception::~bad_exception()
 .text._ZNKSt9exception4whatEv
                0x08004670        0xc ..\..\..\..\..\..\..\..\Program Files (x86)\GNU Tools ARM Embedded\4.7 2012q4\arm-none-eabi\lib\armv7e-m\softfp\libstdc++.a(eh_exception.o)
                0x08004670                std::exception::what() const
 .text._ZNKSt13bad_exception4whatEv
                0x0800467c        0xc ..\..\..\..\..\..\..\..\Program Files (x86)\GNU Tools ARM Embedded\4.7 2012q4\arm-none-eabi\lib\armv7e-m\softfp\libstdc++.a(eh_exception.o)
                0x0800467c                std::bad_exception::what() const
 .text._ZNSt9exceptionD0Ev
                0x08004688       0x14 ..\..\..\..\..\..\..\..\Program Files (x86)\GNU Tools ARM Embedded\4.7 2012q4\arm-none-eabi\lib\armv7e-m\softfp\libstdc++.a(eh_exception.o)
                0x08004688                std::exception::~exception()
 .text._ZNSt13bad_exceptionD0Ev
                0x0800469c       0x14 ..\..\..\..\..\..\..\..\Program Files (x86)\GNU Tools ARM Embedded\4.7 2012q4\arm-none-eabi\lib\armv7e-m\softfp\libstdc++.a(eh_exception.o)
                0x0800469c                std::bad_exception::~bad_exception()
 .text._ZdlPv   0x080046b0        0x8 ..\..\..\..\..\..\..\..\Program Files (x86)\GNU Tools ARM Embedded\4.7 2012q4\arm-none-eabi\lib\armv7e-m\softfp\libstdc++.a(del_op.o)
                0x080046b0                operator delete(void*)
 .text._ZNK10__cxxabiv117__class_type_info11__do_upcastEPKS0_PPv
                0x080046b8       0x38 ..\..\..\..\..\..\..\..\Program Files (x86)\GNU Tools ARM Embedded\4.7 2012q4\arm-none-eabi\lib\armv7e-m\softfp\libstdc++.a(class_type_info.o)
                0x080046b8                __cxxabiv1::__class_type_info::__do_upcast(__cxxabiv1::__class_type_info const*, void**) const
 .text._ZNK10__cxxabiv117__class_type_info20__do_find_public_srcEiPKvPKS0_S2_
                0x080046f0        0xc ..\..\..\..\..\..\..\..\Program Files (x86)\GNU Tools ARM Embedded\4.7 2012q4\arm-none-eabi\lib\armv7e-m\softfp\libstdc++.a(class_type_info.o)
                0x080046f0                __cxxabiv1::__class_type_info::__do_find_public_src(int, void const*, __cxxabiv1::__class_type_info const*, void const*) const
 .text._ZNK10__cxxabiv117__class_type_info11__do_upcastEPKS0_PKvRNS0_15__upcast_resultE
                0x080046fc       0x1c ..\..\..\..\..\..\..\..\Program Files (x86)\GNU Tools ARM Embedded\4.7 2012q4\arm-none-eabi\lib\armv7e-m\softfp\libstdc++.a(class_type_info.o)
                0x080046fc                __cxxabiv1::__class_type_info::__do_upcast(__cxxabiv1::__class_type_info const*, void const*, __cxxabiv1::__class_type_info::__upcast_result&) const
 .text._ZN10__cxxabiv117__class_type_infoD2Ev
                0x08004718       0x14 ..\..\..\..\..\..\..\..\Program Files (x86)\GNU Tools ARM Embedded\4.7 2012q4\arm-none-eabi\lib\armv7e-m\softfp\libstdc++.a(class_type_info.o)
                0x08004718                __cxxabiv1::__class_type_info::~__class_type_info()
                0x08004718                __cxxabiv1::__class_type_info::~__class_type_info()
 .text._ZN10__cxxabiv117__class_type_infoD0Ev
                0x0800472c       0x14 ..\..\..\..\..\..\..\..\Program Files (x86)\GNU Tools ARM Embedded\4.7 2012q4\arm-none-eabi\lib\armv7e-m\softfp\libstdc++.a(class_type_info.o)
                0x0800472c                __cxxabiv1::__class_type_info::~__class_type_info()
 .text._ZNK10__cxxabiv117__class_type_info12__do_dyncastEiNS0_10__sub_kindEPKS0_PKvS3_S5_RNS0_16__dyncast_resultE
                0x08004740       0x40 ..\..\..\..\..\..\..\..\Program Files (x86)\GNU Tools ARM Embedded\4.7 2012q4\arm-none-eabi\lib\armv7e-m\softfp\libstdc++.a(class_type_info.o)
                0x08004740                __cxxabiv1::__class_type_info::__do_dyncast(int, __cxxabiv1::__class_type_info::__sub_kind, __cxxabiv1::__class_type_info const*, void const*, __cxxabiv1::__class_type_info const*, void const*, __cxxabiv1::__class_type_info::__dyncast_result&) const
 .text._ZNK10__cxxabiv117__class_type_info10__do_catchEPKSt9type_infoPPvj
                0x08004780       0x28 ..\..\..\..\..\..\..\..\Program Files (x86)\GNU Tools ARM Embedded\4.7 2012q4\arm-none-eabi\lib\armv7e-m\softfp\libstdc++.a(class_type_info.o)
                0x08004780                __cxxabiv1::__class_type_info::__do_catch(std::type_info const*, void**, unsigned int) const
 .text._ZL23__gxx_exception_cleanup19_Unwind_Reason_CodeP21_Unwind_Control_Block
                0x080047a8       0x44 ..\..\..\..\..\..\..\..\Program Files (x86)\GNU Tools ARM Embedded\4.7 2012q4\arm-none-eabi\lib\armv7e-m\softfp\libstdc++.a(eh_throw.o)
 .text.__cxa_throw
                0x080047ec       0x7c ..\..\..\..\..\..\..\..\Program Files (x86)\GNU Tools ARM Embedded\4.7 2012q4\arm-none-eabi\lib\armv7e-m\softfp\libstdc++.a(eh_throw.o)
                0x080047ec                __cxa_throw
 .text.__cxa_rethrow
                0x08004868       0x70 ..\..\..\..\..\..\..\..\Program Files (x86)\GNU Tools ARM Embedded\4.7 2012q4\arm-none-eabi\lib\armv7e-m\softfp\libstdc++.a(eh_throw.o)
                0x08004868                __cxa_rethrow
 .text._Znwj    0x080048d8       0x58 ..\..\..\..\..\..\..\..\Program Files (x86)\GNU Tools ARM Embedded\4.7 2012q4\arm-none-eabi\lib\armv7e-m\softfp\libstdc++.a(new_op.o)
                0x080048d8                operator new(unsigned int)
 .text._ZL12read_sleb128PKhPl
                0x08004930       0x3c ..\..\..\..\..\..\..\..\Program Files (x86)\GNU Tools ARM Embedded\4.7 2012q4\arm-none-eabi\lib\armv7e-m\softfp\libstdc++.a(eh_personality.o)
 .text._ZL28read_encoded_value_with_basehjPKhPj
                0x0800496c       0xb0 ..\..\..\..\..\..\..\..\Program Files (x86)\GNU Tools ARM Embedded\4.7 2012q4\arm-none-eabi\lib\armv7e-m\softfp\libstdc++.a(eh_personality.o)
 .text._ZL21base_of_encoded_valuehP15_Unwind_Context
                0x08004a1c       0x4c ..\..\..\..\..\..\..\..\Program Files (x86)\GNU Tools ARM Embedded\4.7 2012q4\arm-none-eabi\lib\armv7e-m\softfp\libstdc++.a(eh_personality.o)
 .text._ZL17parse_lsda_headerP15_Unwind_ContextPKhP16lsda_header_info
                0x08004a68       0x94 ..\..\..\..\..\..\..\..\Program Files (x86)\GNU Tools ARM Embedded\4.7 2012q4\arm-none-eabi\lib\armv7e-m\softfp\libstdc++.a(eh_personality.o)
 .text.__gxx_personality_v0
                0x08004afc      0x3f8 ..\..\..\..\..\..\..\..\Program Files (x86)\GNU Tools ARM Embedded\4.7 2012q4\arm-none-eabi\lib\armv7e-m\softfp\libstdc++.a(eh_personality.o)
                0x08004afc                __gxx_personality_v0
 .text.__cxa_allocate_exception
                0x08004ef4       0x70 ..\..\..\..\..\..\..\..\Program Files (x86)\GNU Tools ARM Embedded\4.7 2012q4\arm-none-eabi\lib\armv7e-m\softfp\libstdc++.a(eh_alloc.o)
                0x08004ef4                __cxa_allocate_exception
 .text.__cxa_free_exception
                0x08004f64       0x34 ..\..\..\..\..\..\..\..\Program Files (x86)\GNU Tools ARM Embedded\4.7 2012q4\arm-none-eabi\lib\armv7e-m\softfp\libstdc++.a(eh_alloc.o)
                0x08004f64                __cxa_free_exception
 .text._ZN10__cxxabiv111__terminateEPFvvE
                0x08004f98       0x28 ..\..\..\..\..\..\..\..\Program Files (x86)\GNU Tools ARM Embedded\4.7 2012q4\arm-none-eabi\lib\armv7e-m\softfp\libstdc++.a(eh_terminate.o)
                0x08004f98                __cxxabiv1::__terminate(void (*)())
 .text._ZSt9terminatev
                0x08004fc0       0x10 ..\..\..\..\..\..\..\..\Program Files (x86)\GNU Tools ARM Embedded\4.7 2012q4\arm-none-eabi\lib\armv7e-m\softfp\libstdc++.a(eh_terminate.o)
                0x08004fc0                std::terminate()
 .text._ZN10__cxxabiv112__unexpectedEPFvvE
                0x08004fd0        0x8 ..\..\..\..\..\..\..\..\Program Files (x86)\GNU Tools ARM Embedded\4.7 2012q4\arm-none-eabi\lib\armv7e-m\softfp\libstdc++.a(eh_terminate.o)
                0x08004fd0                __cxxabiv1::__unexpected(void (*)())
 .text._ZSt10unexpectedv
                0x08004fd8       0x10 ..\..\..\..\..\..\..\..\Program Files (x86)\GNU Tools ARM Embedded\4.7 2012q4\arm-none-eabi\lib\armv7e-m\softfp\libstdc++.a(eh_terminate.o)
                0x08004fd8                std::unexpected()
 .text._ZNSt9type_infoD2Ev
                0x08004fe8        0xc ..\..\..\..\..\..\..\..\Program Files (x86)\GNU Tools ARM Embedded\4.7 2012q4\arm-none-eabi\lib\armv7e-m\softfp\libstdc++.a(tinfo.o)
                0x08004fe8                std::type_info::~type_info()
                0x08004fe8                std::type_info::~type_info()
 .text._ZNKSt9type_info14__is_pointer_pEv
                0x08004ff4        0x4 ..\..\..\..\..\..\..\..\Program Files (x86)\GNU Tools ARM Embedded\4.7 2012q4\arm-none-eabi\lib\armv7e-m\softfp\libstdc++.a(tinfo.o)
                0x08004ff4                std::type_info::__is_pointer_p() const
 .text._ZNKSt9type_info15__is_function_pEv
                0x08004ff8        0x4 ..\..\..\..\..\..\..\..\Program Files (x86)\GNU Tools ARM Embedded\4.7 2012q4\arm-none-eabi\lib\armv7e-m\softfp\libstdc++.a(tinfo.o)
                0x08004ff8                std::type_info::__is_function_p() const
 .text._ZNKSt9type_info11__do_upcastEPKN10__cxxabiv117__class_type_infoEPPv
                0x08004ffc        0x4 ..\..\..\..\..\..\..\..\Program Files (x86)\GNU Tools ARM Embedded\4.7 2012q4\arm-none-eabi\lib\armv7e-m\softfp\libstdc++.a(tinfo.o)
                0x08004ffc                std::type_info::__do_upcast(__cxxabiv1::__class_type_info const*, void**) const
 .text._ZNSt9type_infoD0Ev
                0x08005000       0x14 ..\..\..\..\..\..\..\..\Program Files (x86)\GNU Tools ARM Embedded\4.7 2012q4\arm-none-eabi\lib\armv7e-m\softfp\libstdc++.a(tinfo.o)
                0x08005000                std::type_info::~type_info()
 .text._ZNKSt9type_infoeqERKS_
                0x08005014       0x28 ..\..\..\..\..\..\..\..\Program Files (x86)\GNU Tools ARM Embedded\4.7 2012q4\arm-none-eabi\lib\armv7e-m\softfp\libstdc++.a(tinfo.o)
                0x08005014                std::type_info::operator==(std::type_info const&) const
 .text._ZNKSt9type_info10__do_catchEPKS_PPvj
                0x0800503c        0x4 ..\..\..\..\..\..\..\..\Program Files (x86)\GNU Tools ARM Embedded\4.7 2012q4\arm-none-eabi\lib\armv7e-m\softfp\libstdc++.a(tinfo.o)
                0x0800503c                std::type_info::__do_catch(std::type_info const*, void**, unsigned int) const
 .text._ZN9__gnu_cxx20recursive_init_errorD2Ev
                0x08005040       0x14 ..\..\..\..\..\..\..\..\Program Files (x86)\GNU Tools ARM Embedded\4.7 2012q4\arm-none-eabi\lib\armv7e-m\softfp\libstdc++.a(guard_error.o)
                0x08005040                __gnu_cxx::recursive_init_error::~recursive_init_error()
                0x08005040                __gnu_cxx::recursive_init_error::~recursive_init_error()
 .text._ZN9__gnu_cxx20recursive_init_errorD0Ev
                0x08005054       0x14 ..\..\..\..\..\..\..\..\Program Files (x86)\GNU Tools ARM Embedded\4.7 2012q4\arm-none-eabi\lib\armv7e-m\softfp\libstdc++.a(guard_error.o)
                0x08005054                __gnu_cxx::recursive_init_error::~recursive_init_error()
 .text._ZNK10__cxxabiv120__si_class_type_info12__do_dyncastEiNS_17__class_type_info10__sub_kindEPKS1_PKvS4_S6_RNS1_16__dyncast_resultE
                0x08005068       0x90 ..\..\..\..\..\..\..\..\Program Files (x86)\GNU Tools ARM Embedded\4.7 2012q4\arm-none-eabi\lib\armv7e-m\softfp\libstdc++.a(si_class_type_info.o)
                0x08005068                __cxxabiv1::__si_class_type_info::__do_dyncast(int, __cxxabiv1::__class_type_info::__sub_kind, __cxxabiv1::__class_type_info const*, void const*, __cxxabiv1::__class_type_info const*, void const*, __cxxabiv1::__class_type_info::__dyncast_result&) const
 .text._ZN10__cxxabiv120__si_class_type_infoD2Ev
                0x080050f8       0x14 ..\..\..\..\..\..\..\..\Program Files (x86)\GNU Tools ARM Embedded\4.7 2012q4\arm-none-eabi\lib\armv7e-m\softfp\libstdc++.a(si_class_type_info.o)
                0x080050f8                __cxxabiv1::__si_class_type_info::~__si_class_type_info()
                0x080050f8                __cxxabiv1::__si_class_type_info::~__si_class_type_info()
 .text._ZN10__cxxabiv120__si_class_type_infoD0Ev
                0x0800510c       0x14 ..\..\..\..\..\..\..\..\Program Files (x86)\GNU Tools ARM Embedded\4.7 2012q4\arm-none-eabi\lib\armv7e-m\softfp\libstdc++.a(si_class_type_info.o)
                0x0800510c                __cxxabiv1::__si_class_type_info::~__si_class_type_info()
 .text._ZNK10__cxxabiv120__si_class_type_info11__do_upcastEPKNS_17__class_type_infoEPKvRNS1_15__upcast_resultE
                0x08005120       0x24 ..\..\..\..\..\..\..\..\Program Files (x86)\GNU Tools ARM Embedded\4.7 2012q4\arm-none-eabi\lib\armv7e-m\softfp\libstdc++.a(si_class_type_info.o)
                0x08005120                __cxxabiv1::__si_class_type_info::__do_upcast(__cxxabiv1::__class_type_info const*, void const*, __cxxabiv1::__class_type_info::__upcast_result&) const
 .text._ZNK10__cxxabiv120__si_class_type_info20__do_find_public_srcEiPKvPKNS_17__class_type_infoES2_
                0x08005144       0x34 ..\..\..\..\..\..\..\..\Program Files (x86)\GNU Tools ARM Embedded\4.7 2012q4\arm-none-eabi\lib\armv7e-m\softfp\libstdc++.a(si_class_type_info.o)
                0x08005144                __cxxabiv1::__si_class_type_info::__do_find_public_src(int, void const*, __cxxabiv1::__class_type_info const*, void const*) const
 .text._ZN10__cxxabiv1L24__is_gxx_exception_classEPc
                0x08005178       0x3c ..\..\..\..\..\..\..\..\Program Files (x86)\GNU Tools ARM Embedded\4.7 2012q4\arm-none-eabi\lib\armv7e-m\softfp\libstdc++.a(eh_call.o)
 .text.__cxa_call_terminate
                0x080051b4       0x20 ..\..\..\..\..\..\..\..\Program Files (x86)\GNU Tools ARM Embedded\4.7 2012q4\arm-none-eabi\lib\armv7e-m\softfp\libstdc++.a(eh_call.o)
                0x080051b4                __cxa_call_terminate
 .text.__cxa_call_unexpected
                0x080051d4       0xe4 ..\..\..\..\..\..\..\..\Program Files (x86)\GNU Tools ARM Embedded\4.7 2012q4\arm-none-eabi\lib\armv7e-m\softfp\libstdc++.a(eh_call.o)
                0x080051d4                __cxa_call_unexpected
 .text._ZNKSt9bad_alloc4whatEv
                0x080052b8        0xc ..\..\..\..\..\..\..\..\Program Files (x86)\GNU Tools ARM Embedded\4.7 2012q4\arm-none-eabi\lib\armv7e-m\softfp\libstdc++.a(bad_alloc.o)
                0x080052b8                std::bad_alloc::what() const
 .text._ZNSt9bad_allocD2Ev
                0x080052c4       0x14 ..\..\..\..\..\..\..\..\Program Files (x86)\GNU Tools ARM Embedded\4.7 2012q4\arm-none-eabi\lib\armv7e-m\softfp\libstdc++.a(bad_alloc.o)
                0x080052c4                std::bad_alloc::~bad_alloc()
                0x080052c4                std::bad_alloc::~bad_alloc()
 .text._ZNSt9bad_allocD0Ev
                0x080052d8       0x14 ..\..\..\..\..\..\..\..\Program Files (x86)\GNU Tools ARM Embedded\4.7 2012q4\arm-none-eabi\lib\armv7e-m\softfp\libstdc++.a(bad_alloc.o)
                0x080052d8                std::bad_alloc::~bad_alloc()
 .text.__cxa_begin_catch
                0x080052ec       0x8c ..\..\..\..\..\..\..\..\Program Files (x86)\GNU Tools ARM Embedded\4.7 2012q4\arm-none-eabi\lib\armv7e-m\softfp\libstdc++.a(eh_catch.o)
                0x080052ec                __cxa_begin_catch
 .text.__cxa_end_catch
                0x08005378       0x8c ..\..\..\..\..\..\..\..\Program Files (x86)\GNU Tools ARM Embedded\4.7 2012q4\arm-none-eabi\lib\armv7e-m\softfp\libstdc++.a(eh_catch.o)
                0x08005378                __cxa_end_catch
 .text._ZN9__gnu_cxx27__verbose_terminate_handlerEv
                0x08005404      0x110 ..\..\..\..\..\..\..\..\Program Files (x86)\GNU Tools ARM Embedded\4.7 2012q4\arm-none-eabi\lib\armv7e-m\softfp\libstdc++.a(vterminate.o)
                0x08005404                __gnu_cxx::__verbose_terminate_handler()
 .text.__cxa_current_exception_type
                0x08005514       0x1c ..\..\..\..\..\..\..\..\Program Files (x86)\GNU Tools ARM Embedded\4.7 2012q4\arm-none-eabi\lib\armv7e-m\softfp\libstdc++.a(eh_type.o)
                0x08005514                __cxa_current_exception_type
 .text          0x08005530     0x9ad0 ..\..\..\..\..\..\..\..\Program Files (x86)\GNU Tools ARM Embedded\4.7 2012q4\arm-none-eabi\lib\armv7e-m\softfp\libstdc++.a(cp-demangle.o)
                0x0800ef1c                __cxa_demangle
                0x0800efe4                __gcclibcxx_demangle_callback
 .text.cos      0x0800f000       0x90 ..\..\..\..\..\..\..\..\Program Files (x86)\GNU Tools ARM Embedded\4.7 2012q4\arm-none-eabi\lib\armv7e-m\softfp\libm.a(lib_a-s_cos.o)
                0x0800f000                cos
 .text.sin      0x0800f090       0x98 ..\..\..\..\..\..\..\..\Program Files (x86)\GNU Tools ARM Embedded\4.7 2012q4\arm-none-eabi\lib\armv7e-m\softfp\libm.a(lib_a-s_sin.o)
                0x0800f090                sin
 .text.__ieee754_rem_pio2
                0x0800f128      0x488 ..\..\..\..\..\..\..\..\Program Files (x86)\GNU Tools ARM Embedded\4.7 2012q4\arm-none-eabi\lib\armv7e-m\softfp\libm.a(lib_a-e_rem_pio2.o)
                0x0800f128                __ieee754_rem_pio2
 .text.__kernel_cos
                0x0800f5b0      0x258 ..\..\..\..\..\..\..\..\Program Files (x86)\GNU Tools ARM Embedded\4.7 2012q4\arm-none-eabi\lib\armv7e-m\softfp\libm.a(lib_a-k_cos.o)
                0x0800f5b0                __kernel_cos
 .text.__kernel_rem_pio2
                0x0800f808      0xdec ..\..\..\..\..\..\..\..\Program Files (x86)\GNU Tools ARM Embedded\4.7 2012q4\arm-none-eabi\lib\armv7e-m\softfp\libm.a(lib_a-k_rem_pio2.o)
                0x0800f808                __kernel_rem_pio2
 *fill*         0x080105f4        0x4 00
 .text.__kernel_sin
                0x080105f8      0x170 ..\..\..\..\..\..\..\..\Program Files (x86)\GNU Tools ARM Embedded\4.7 2012q4\arm-none-eabi\lib\armv7e-m\softfp\libm.a(lib_a-k_sin.o)
                0x080105f8                __kernel_sin
 .text.fabs     0x08010768        0x8 ..\..\..\..\..\..\..\..\Program Files (x86)\GNU Tools ARM Embedded\4.7 2012q4\arm-none-eabi\lib\armv7e-m\softfp\libm.a(lib_a-s_fabs.o)
                0x08010768                fabs
 .text.floor    0x08010770      0x110 ..\..\..\..\..\..\..\..\Program Files (x86)\GNU Tools ARM Embedded\4.7 2012q4\arm-none-eabi\lib\armv7e-m\softfp\libm.a(lib_a-s_floor.o)
                0x08010770                floor
 .text.scalbn   0x08010880      0x108 ..\..\..\..\..\..\..\..\Program Files (x86)\GNU Tools ARM Embedded\4.7 2012q4\arm-none-eabi\lib\armv7e-m\softfp\libm.a(lib_a-s_scalbn.o)
                0x08010880                scalbn
 .text.copysign
                0x08010988       0x18 ..\..\..\..\..\..\..\..\Program Files (x86)\GNU Tools ARM Embedded\4.7 2012q4\arm-none-eabi\lib\armv7e-m\softfp\libm.a(lib_a-s_copysign.o)
                0x08010988                copysign
 .text          0x080109a0      0x370 d:/program files (x86)/gnu tools arm embedded/4.7 2012q4/bin/../lib/gcc/arm-none-eabi/4.7.3/armv7e-m\libgcc.a(_arm_addsubdf3.o)
                0x080109a0                __aeabi_drsub
                0x080109a8                __aeabi_dsub
                0x080109a8                __subdf3
                0x080109ac                __aeabi_dadd
                0x080109ac                __adddf3
                0x08010c24                __floatunsidf
                0x08010c24                __aeabi_ui2d
                0x08010c44                __floatsidf
                0x08010c44                __aeabi_i2d
                0x08010c68                __aeabi_f2d
                0x08010c68                __extendsfdf2
                0x08010ca4                __floatundidf
                0x08010ca4                __aeabi_ul2d
                0x08010cb4                __floatdidf
                0x08010cb4                __aeabi_l2d
 .text          0x08010d10      0x424 d:/program files (x86)/gnu tools arm embedded/4.7 2012q4/bin/../lib/gcc/arm-none-eabi/4.7.3/armv7e-m\libgcc.a(_arm_muldivdf3.o)
                0x08010d10                __aeabi_dmul
                0x08010d10                __muldf3
                0x08010f64                __divdf3
                0x08010f64                __aeabi_ddiv
 .text          0x08011134      0x110 d:/program files (x86)/gnu tools arm embedded/4.7 2012q4/bin/../lib/gcc/arm-none-eabi/4.7.3/armv7e-m\libgcc.a(_arm_cmpdf2.o)
                0x08011134                __gtdf2
                0x08011134                __gedf2
                0x0801113c                __ltdf2
                0x0801113c                __ledf2
                0x08011144                __nedf2
                0x08011144                __eqdf2
                0x08011144                __cmpdf2
                0x080111c0                __aeabi_cdrcmple
                0x080111d0                __aeabi_cdcmpeq
                0x080111d0                __aeabi_cdcmple
                0x080111e0                __aeabi_dcmpeq
                0x080111f4                __aeabi_dcmplt
                0x08011208                __aeabi_dcmple
                0x0801121c                __aeabi_dcmpge
                0x08011230                __aeabi_dcmpgt
 .text          0x08011244       0x50 d:/program files (x86)/gnu tools arm embedded/4.7 2012q4/bin/../lib/gcc/arm-none-eabi/4.7.3/armv7e-m\libgcc.a(_arm_fixdfsi.o)
                0x08011244                __aeabi_d2iz
                0x08011244                __fixdfsi
 .text          0x08011294       0xa0 d:/program files (x86)/gnu tools arm embedded/4.7 2012q4/bin/../lib/gcc/arm-none-eabi/4.7.3/armv7e-m\libgcc.a(_arm_truncdfsf2.o)
                0x08011294                __truncdfsf2
                0x08011294                __aeabi_d2f
 .text          0x08011334      0xba4 d:/program files (x86)/gnu tools arm embedded/4.7 2012q4/bin/../lib/gcc/arm-none-eabi/4.7.3/armv7e-m\libgcc.a(unwind-arm.o)
                0x080115f8                _Unwind_GetCFA
                0x080115fc                __gnu_Unwind_RaiseException
                0x0801165c                __gnu_Unwind_ForcedUnwind
                0x08011674                __gnu_Unwind_Resume
                0x080116b8                __gnu_Unwind_Resume_or_Rethrow
                0x080116d0                _Unwind_Complete
                0x080116d4                _Unwind_DeleteException
                0x080116e4                _Unwind_VRS_Get
                0x08011720                _Unwind_VRS_Set
                0x08011abc                __aeabi_unwind_cpp_pr2
                0x08011ac4                __aeabi_unwind_cpp_pr1
                0x08011acc                __aeabi_unwind_cpp_pr0
                0x08011ad4                __gnu_Unwind_Backtrace
                0x08011b40                _Unwind_VRS_Pop
 .text          0x08011ed8      0x1ac d:/program files (x86)/gnu tools arm embedded/4.7 2012q4/bin/../lib/gcc/arm-none-eabi/4.7.3/armv7e-m\libgcc.a(libunwind.o)
                0x08011ed8                __restore_core_regs
                0x08011ed8                restore_core_regs
                0x08011ef0                __gnu_Unwind_Restore_VFP
                0x08011ef8                __gnu_Unwind_Save_VFP
                0x08011f00                __gnu_Unwind_Restore_VFP_D
                0x08011f08                __gnu_Unwind_Save_VFP_D
                0x08011f10                __gnu_Unwind_Restore_VFP_D_16_to_31
                0x08011f18                __gnu_Unwind_Save_VFP_D_16_to_31
                0x08011f20                __gnu_Unwind_Restore_WMMXD
                0x08011f64                __gnu_Unwind_Save_WMMXD
                0x08011fa8                __gnu_Unwind_Restore_WMMXC
                0x08011fbc                __gnu_Unwind_Save_WMMXC
                0x08011fd0                ___Unwind_RaiseException
                0x08011fd0                _Unwind_RaiseException
                0x08011ff4                _Unwind_Resume
                0x08011ff4                ___Unwind_Resume
                0x08012018                _Unwind_Resume_or_Rethrow
                0x08012018                ___Unwind_Resume_or_Rethrow
                0x0801203c                _Unwind_ForcedUnwind
                0x0801203c                ___Unwind_ForcedUnwind
                0x08012060                ___Unwind_Backtrace
                0x08012060                _Unwind_Backtrace
 .text          0x08012084      0x3a0 d:/program files (x86)/gnu tools arm embedded/4.7 2012q4/bin/../lib/gcc/arm-none-eabi/4.7.3/armv7e-m\libgcc.a(pr-support.o)
                0x080120d0                __gnu_unwind_execute
                0x080123cc                __gnu_unwind_frame
                0x080123f4                _Unwind_GetRegionStart
                0x08012400                _Unwind_GetLanguageSpecificData
                0x08012414                _Unwind_GetDataRelBase
                0x0801241c                _Unwind_GetTextRelBase
 .text.atof     0x08012424        0x8 ..\..\..\..\..\..\..\..\Program Files (x86)\GNU Tools ARM Embedded\4.7 2012q4\arm-none-eabi\lib\armv7e-m\softfp\libg.a(lib_a-atof.o)
                0x08012424                atof
 .text.atol     0x0801242c        0x8 ..\..\..\..\..\..\..\..\Program Files (x86)\GNU Tools ARM Embedded\4.7 2012q4\arm-none-eabi\lib\armv7e-m\softfp\libg.a(lib_a-atol.o)
                0x0801242c                atol
 .text.fputc    0x08012434       0x2c ..\..\..\..\..\..\..\..\Program Files (x86)\GNU Tools ARM Embedded\4.7 2012q4\arm-none-eabi\lib\armv7e-m\softfp\libg.a(lib_a-fputc.o)
                0x08012434                fputc
 .text._fputs_r
                0x08012460       0x50 ..\..\..\..\..\..\..\..\Program Files (x86)\GNU Tools ARM Embedded\4.7 2012q4\arm-none-eabi\lib\armv7e-m\softfp\libg.a(lib_a-fputs.o)
                0x08012460                _fputs_r
 .text.fputs    0x080124b0       0x18 ..\..\..\..\..\..\..\..\Program Files (x86)\GNU Tools ARM Embedded\4.7 2012q4\arm-none-eabi\lib\armv7e-m\softfp\libg.a(lib_a-fputs.o)
                0x080124b0                fputs
 .text.__sfvwrite_r
                0x080124c8      0x314 ..\..\..\..\..\..\..\..\Program Files (x86)\GNU Tools ARM Embedded\4.7 2012q4\arm-none-eabi\lib\armv7e-m\softfp\libg.a(lib_a-fvwrite.o)
                0x080124c8                __sfvwrite_r
 .text._fwrite_r
                0x080127dc       0x60 ..\..\..\..\..\..\..\..\Program Files (x86)\GNU Tools ARM Embedded\4.7 2012q4\arm-none-eabi\lib\armv7e-m\softfp\libg.a(lib_a-fwrite.o)
                0x080127dc                _fwrite_r
 .text.fwrite   0x0801283c       0x24 ..\..\..\..\..\..\..\..\Program Files (x86)\GNU Tools ARM Embedded\4.7 2012q4\arm-none-eabi\lib\armv7e-m\softfp\libg.a(lib_a-fwrite.o)
                0x0801283c                fwrite
 .text.malloc   0x08012860       0x10 ..\..\..\..\..\..\..\..\Program Files (x86)\GNU Tools ARM Embedded\4.7 2012q4\arm-none-eabi\lib\armv7e-m\softfp\libg.a(lib_a-malloc.o)
                0x08012860                malloc
 .text.free     0x08012870       0x10 ..\..\..\..\..\..\..\..\Program Files (x86)\GNU Tools ARM Embedded\4.7 2012q4\arm-none-eabi\lib\armv7e-m\softfp\libg.a(lib_a-malloc.o)
                0x08012870                free
 .text._malloc_r
                0x08012880      0x55c ..\..\..\..\..\..\..\..\Program Files (x86)\GNU Tools ARM Embedded\4.7 2012q4\arm-none-eabi\lib\armv7e-m\softfp\libg.a(lib_a-mallocr.o)
                0x08012880                _malloc_r
 .text.memchr   0x08012ddc      0x140 ..\..\..\..\..\..\..\..\Program Files (x86)\GNU Tools ARM Embedded\4.7 2012q4\arm-none-eabi\lib\armv7e-m\softfp\libg.a(lib_a-memchr.o)
                0x08012ddc                memchr
 .text.memcmp   0x08012f1c       0xb8 ..\..\..\..\..\..\..\..\Program Files (x86)\GNU Tools ARM Embedded\4.7 2012q4\arm-none-eabi\lib\armv7e-m\softfp\libg.a(lib_a-memcmp.o)
                0x08012f1c                memcmp
 .text.memcpy   0x08012fd4      0x144 ..\..\..\..\..\..\..\..\Program Files (x86)\GNU Tools ARM Embedded\4.7 2012q4\arm-none-eabi\lib\armv7e-m\softfp\libg.a(lib_a-memcpy.o)
                0x08012fd4                memcpy
 .text.memmove  0x08013118      0x198 ..\..\..\..\..\..\..\..\Program Files (x86)\GNU Tools ARM Embedded\4.7 2012q4\arm-none-eabi\lib\armv7e-m\softfp\libg.a(lib_a-memmove.o)
                0x08013118                memmove
 .text.memset   0x080132b0      0x12c ..\..\..\..\..\..\..\..\Program Files (x86)\GNU Tools ARM Embedded\4.7 2012q4\arm-none-eabi\lib\armv7e-m\softfp\libg.a(lib_a-memset.o)
                0x080132b0                memset
 .text.__malloc_lock
                0x080133dc        0x4 ..\..\..\..\..\..\..\..\Program Files (x86)\GNU Tools ARM Embedded\4.7 2012q4\arm-none-eabi\lib\armv7e-m\softfp\libg.a(lib_a-mlock.o)
                0x080133dc                __malloc_lock
 .text.__malloc_unlock
                0x080133e0        0x4 ..\..\..\..\..\..\..\..\Program Files (x86)\GNU Tools ARM Embedded\4.7 2012q4\arm-none-eabi\lib\armv7e-m\softfp\libg.a(lib_a-mlock.o)
                0x080133e0                __malloc_unlock
 .text._putc_r  0x080133e4       0x60 ..\..\..\..\..\..\..\..\Program Files (x86)\GNU Tools ARM Embedded\4.7 2012q4\arm-none-eabi\lib\armv7e-m\softfp\libg.a(lib_a-putc.o)
                0x080133e4                _putc_r
 .text.realloc  0x08013444       0x18 ..\..\..\..\..\..\..\..\Program Files (x86)\GNU Tools ARM Embedded\4.7 2012q4\arm-none-eabi\lib\armv7e-m\softfp\libg.a(lib_a-realloc.o)
                0x08013444                realloc
 .text._realloc_r
                0x0801345c      0x3dc ..\..\..\..\..\..\..\..\Program Files (x86)\GNU Tools ARM Embedded\4.7 2012q4\arm-none-eabi\lib\armv7e-m\softfp\libg.a(lib_a-reallocr.o)
                0x0801345c                _realloc_r
 .text._sbrk_r  0x08013838       0x24 ..\..\..\..\..\..\..\..\Program Files (x86)\GNU Tools ARM Embedded\4.7 2012q4\arm-none-eabi\lib\armv7e-m\softfp\libg.a(lib_a-sbrkr.o)
                0x08013838                _sbrk_r
 .text.sprintf  0x0801385c       0x50 ..\..\..\..\..\..\..\..\Program Files (x86)\GNU Tools ARM Embedded\4.7 2012q4\arm-none-eabi\lib\armv7e-m\softfp\libg.a(lib_a-sprintf.o)
                0x0801385c                sprintf
 .text.strcmp   0x080138ac       0x80 ..\..\..\..\..\..\..\..\Program Files (x86)\GNU Tools ARM Embedded\4.7 2012q4\arm-none-eabi\lib\armv7e-m\softfp\libg.a(lib_a-strcmp.o)
                0x080138ac                strcmp
 .text.strcmp_unaligned
                0x0801392c      0x15c ..\..\..\..\..\..\..\..\Program Files (x86)\GNU Tools ARM Embedded\4.7 2012q4\arm-none-eabi\lib\armv7e-m\softfp\libg.a(lib_a-strcmp.o)
 .text.strlen   0x08013a88       0x60 ..\..\..\..\..\..\..\..\Program Files (x86)\GNU Tools ARM Embedded\4.7 2012q4\arm-none-eabi\lib\armv7e-m\softfp\libg.a(lib_a-strlen.o)
                0x08013a88                strlen
 .text.strncmp  0x08013ae8      0x120 ..\..\..\..\..\..\..\..\Program Files (x86)\GNU Tools ARM Embedded\4.7 2012q4\arm-none-eabi\lib\armv7e-m\softfp\libg.a(lib_a-strncmp.o)
                0x08013ae8                strncmp
 .text._strtod_r
                0x08013c08      0xeb0 ..\..\..\..\..\..\..\..\Program Files (x86)\GNU Tools ARM Embedded\4.7 2012q4\arm-none-eabi\lib\armv7e-m\softfp\libg.a(lib_a-strtod.o)
                0x08013c08                _strtod_r
 .text.strtod   0x08014ab8       0x18 ..\..\..\..\..\..\..\..\Program Files (x86)\GNU Tools ARM Embedded\4.7 2012q4\arm-none-eabi\lib\armv7e-m\softfp\libg.a(lib_a-strtod.o)
                0x08014ab8                strtod
 .text._strtol_r
                0x08014ad0      0x134 ..\..\..\..\..\..\..\..\Program Files (x86)\GNU Tools ARM Embedded\4.7 2012q4\arm-none-eabi\lib\armv7e-m\softfp\libg.a(lib_a-strtol.o)
                0x08014ad0                _strtol_r
 .text.strtol   0x08014c04       0x1c ..\..\..\..\..\..\..\..\Program Files (x86)\GNU Tools ARM Embedded\4.7 2012q4\arm-none-eabi\lib\armv7e-m\softfp\libg.a(lib_a-strtol.o)
                0x08014c04                strtol
 .text._svfprintf_r
                0x08014c20     0x1adc ..\..\..\..\..\..\..\..\Program Files (x86)\GNU Tools ARM Embedded\4.7 2012q4\arm-none-eabi\lib\armv7e-m\softfp\libg.a(lib_a-svfprintf.o)
                0x08014c20                _svfprintf_r
 .text._vsnprintf_r
                0x080166fc       0x58 ..\..\..\..\..\..\..\..\Program Files (x86)\GNU Tools ARM Embedded\4.7 2012q4\arm-none-eabi\lib\armv7e-m\softfp\libg.a(lib_a-vsnprintf.o)
                0x080166fc                _vsnprintf_r
 .text.vsnprintf
                0x08016754       0x24 ..\..\..\..\..\..\..\..\Program Files (x86)\GNU Tools ARM Embedded\4.7 2012q4\arm-none-eabi\lib\armv7e-m\softfp\libg.a(lib_a-vsnprintf.o)
                0x08016754                vsnprintf
 .text.__swbuf_r
                0x08016778       0xbc ..\..\..\..\..\..\..\..\Program Files (x86)\GNU Tools ARM Embedded\4.7 2012q4\arm-none-eabi\lib\armv7e-m\softfp\libg.a(lib_a-wbuf.o)
                0x08016778                __swbuf_r
 .text._write_r
                0x08016834       0x28 ..\..\..\..\..\..\..\..\Program Files (x86)\GNU Tools ARM Embedded\4.7 2012q4\arm-none-eabi\lib\armv7e-m\softfp\libg.a(lib_a-writer.o)
                0x08016834                _write_r
 .text.__swsetup_r
                0x0801685c       0xc4 ..\..\..\..\..\..\..\..\Program Files (x86)\GNU Tools ARM Embedded\4.7 2012q4\arm-none-eabi\lib\armv7e-m\softfp\libg.a(lib_a-wsetup.o)
                0x0801685c                __swsetup_r
 .text.quorem   0x08016920      0x2ec ..\..\..\..\..\..\..\..\Program Files (x86)\GNU Tools ARM Embedded\4.7 2012q4\arm-none-eabi\lib\armv7e-m\softfp\libg.a(lib_a-dtoa.o)
 *fill*         0x08016c0c        0x4 00
 .text._dtoa_r  0x08016c10     0x1260 ..\..\..\..\..\..\..\..\Program Files (x86)\GNU Tools ARM Embedded\4.7 2012q4\arm-none-eabi\lib\armv7e-m\softfp\libg.a(lib_a-dtoa.o)
                0x08016c10                _dtoa_r
 .text._fflush_r
                0x08017e70      0x168 ..\..\..\..\..\..\..\..\Program Files (x86)\GNU Tools ARM Embedded\4.7 2012q4\arm-none-eabi\lib\armv7e-m\softfp\libg.a(lib_a-fflush.o)
                0x08017e70                _fflush_r
 .text._cleanup_r
                0x08017fd8        0xc ..\..\..\..\..\..\..\..\Program Files (x86)\GNU Tools ARM Embedded\4.7 2012q4\arm-none-eabi\lib\armv7e-m\softfp\libg.a(lib_a-findfp.o)
                0x08017fd8                _cleanup_r
 .text.std.isra.0
                0x08017fe4       0x50 ..\..\..\..\..\..\..\..\Program Files (x86)\GNU Tools ARM Embedded\4.7 2012q4\arm-none-eabi\lib\armv7e-m\softfp\libg.a(lib_a-findfp.o)
 .text.__sinit  0x08018034       0x4c ..\..\..\..\..\..\..\..\Program Files (x86)\GNU Tools ARM Embedded\4.7 2012q4\arm-none-eabi\lib\armv7e-m\softfp\libg.a(lib_a-findfp.o)
                0x08018034                __sinit
 .text.__sfp_lock_acquire
                0x08018080        0x4 ..\..\..\..\..\..\..\..\Program Files (x86)\GNU Tools ARM Embedded\4.7 2012q4\arm-none-eabi\lib\armv7e-m\softfp\libg.a(lib_a-findfp.o)
                0x08018080                __sfp_lock_acquire
 .text.__sfp_lock_release
                0x08018084        0x4 ..\..\..\..\..\..\..\..\Program Files (x86)\GNU Tools ARM Embedded\4.7 2012q4\arm-none-eabi\lib\armv7e-m\softfp\libg.a(lib_a-findfp.o)
                0x08018084                __sfp_lock_release
 .text._malloc_trim_r
                0x08018088       0x98 ..\..\..\..\..\..\..\..\Program Files (x86)\GNU Tools ARM Embedded\4.7 2012q4\arm-none-eabi\lib\armv7e-m\softfp\libg.a(lib_a-freer.o)
                0x08018088                _malloc_trim_r
 .text._free_r  0x08018120      0x194 ..\..\..\..\..\..\..\..\Program Files (x86)\GNU Tools ARM Embedded\4.7 2012q4\arm-none-eabi\lib\armv7e-m\softfp\libg.a(lib_a-freer.o)
                0x08018120                _free_r
 .text._fwalk   0x080182b4       0xb8 ..\..\..\..\..\..\..\..\Program Files (x86)\GNU Tools ARM Embedded\4.7 2012q4\arm-none-eabi\lib\armv7e-m\softfp\libg.a(lib_a-fwalk.o)
                0x080182b4                _fwalk
 .text.rshift   0x0801836c      0x13c ..\..\..\..\..\..\..\..\Program Files (x86)\GNU Tools ARM Embedded\4.7 2012q4\arm-none-eabi\lib\armv7e-m\softfp\libg.a(lib_a-gdtoa-gethex.o)
 .text.__hexdig_init
                0x080184a8       0x50 ..\..\..\..\..\..\..\..\Program Files (x86)\GNU Tools ARM Embedded\4.7 2012q4\arm-none-eabi\lib\armv7e-m\softfp\libg.a(lib_a-gdtoa-gethex.o)
                0x080184a8                __hexdig_init
 .text.__gethex
                0x080184f8      0x58c ..\..\..\..\..\..\..\..\Program Files (x86)\GNU Tools ARM Embedded\4.7 2012q4\arm-none-eabi\lib\armv7e-m\softfp\libg.a(lib_a-gdtoa-gethex.o)
                0x080184f8                __gethex
 .text.__hexnan
                0x08018a84      0x2f0 ..\..\..\..\..\..\..\..\Program Files (x86)\GNU Tools ARM Embedded\4.7 2012q4\arm-none-eabi\lib\armv7e-m\softfp\libg.a(lib_a-gdtoa-hexnan.o)
                0x08018a84                __hexnan
 .text._localeconv_r
                0x08018d74        0xc ..\..\..\..\..\..\..\..\Program Files (x86)\GNU Tools ARM Embedded\4.7 2012q4\arm-none-eabi\lib\armv7e-m\softfp\libg.a(lib_a-locale.o)
                0x08018d74                _localeconv_r
 .text.__smakebuf_r
                0x08018d80       0xe8 ..\..\..\..\..\..\..\..\Program Files (x86)\GNU Tools ARM Embedded\4.7 2012q4\arm-none-eabi\lib\armv7e-m\softfp\libg.a(lib_a-makebuf.o)
                0x08018d80                __smakebuf_r
 .text._Balloc  0x08018e68       0x4c ..\..\..\..\..\..\..\..\Program Files (x86)\GNU Tools ARM Embedded\4.7 2012q4\arm-none-eabi\lib\armv7e-m\softfp\libg.a(lib_a-mprec.o)
                0x08018e68                _Balloc
 .text._Bfree   0x08018eb4       0x14 ..\..\..\..\..\..\..\..\Program Files (x86)\GNU Tools ARM Embedded\4.7 2012q4\arm-none-eabi\lib\armv7e-m\softfp\libg.a(lib_a-mprec.o)
                0x08018eb4                _Bfree
 .text.__multadd
                0x08018ec8       0xf8 ..\..\..\..\..\..\..\..\Program Files (x86)\GNU Tools ARM Embedded\4.7 2012q4\arm-none-eabi\lib\armv7e-m\softfp\libg.a(lib_a-mprec.o)
                0x08018ec8                __multadd
 .text.__s2b    0x08018fc0      0x140 ..\..\..\..\..\..\..\..\Program Files (x86)\GNU Tools ARM Embedded\4.7 2012q4\arm-none-eabi\lib\armv7e-m\softfp\libg.a(lib_a-mprec.o)
                0x08018fc0                __s2b
 .text.__hi0bits
                0x08019100       0x3c ..\..\..\..\..\..\..\..\Program Files (x86)\GNU Tools ARM Embedded\4.7 2012q4\arm-none-eabi\lib\armv7e-m\softfp\libg.a(lib_a-mprec.o)
                0x08019100                __hi0bits
 .text.__lo0bits
                0x0801913c       0x5c ..\..\..\..\..\..\..\..\Program Files (x86)\GNU Tools ARM Embedded\4.7 2012q4\arm-none-eabi\lib\armv7e-m\softfp\libg.a(lib_a-mprec.o)
                0x0801913c                __lo0bits
 .text.__i2b    0x08019198       0x14 ..\..\..\..\..\..\..\..\Program Files (x86)\GNU Tools ARM Embedded\4.7 2012q4\arm-none-eabi\lib\armv7e-m\softfp\libg.a(lib_a-mprec.o)
                0x08019198                __i2b
 .text.__multiply
                0x080191ac      0x2d0 ..\..\..\..\..\..\..\..\Program Files (x86)\GNU Tools ARM Embedded\4.7 2012q4\arm-none-eabi\lib\armv7e-m\softfp\libg.a(lib_a-mprec.o)
                0x080191ac                __multiply
 .text.__pow5mult
                0x0801947c       0x94 ..\..\..\..\..\..\..\..\Program Files (x86)\GNU Tools ARM Embedded\4.7 2012q4\arm-none-eabi\lib\armv7e-m\softfp\libg.a(lib_a-mprec.o)
                0x0801947c                __pow5mult
 .text.__lshift
                0x08019510      0x188 ..\..\..\..\..\..\..\..\Program Files (x86)\GNU Tools ARM Embedded\4.7 2012q4\arm-none-eabi\lib\armv7e-m\softfp\libg.a(lib_a-mprec.o)
                0x08019510                __lshift
 .text.__mcmp   0x08019698       0x5c ..\..\..\..\..\..\..\..\Program Files (x86)\GNU Tools ARM Embedded\4.7 2012q4\arm-none-eabi\lib\armv7e-m\softfp\libg.a(lib_a-mprec.o)
                0x08019698                __mcmp
 .text.__mdiff  0x080196f4      0x20c ..\..\..\..\..\..\..\..\Program Files (x86)\GNU Tools ARM Embedded\4.7 2012q4\arm-none-eabi\lib\armv7e-m\softfp\libg.a(lib_a-mprec.o)
                0x080196f4                __mdiff
 .text.__ulp    0x08019900       0x44 ..\..\..\..\..\..\..\..\Program Files (x86)\GNU Tools ARM Embedded\4.7 2012q4\arm-none-eabi\lib\armv7e-m\softfp\libg.a(lib_a-mprec.o)
                0x08019900                __ulp
 .text.__b2d    0x08019944       0xbc ..\..\..\..\..\..\..\..\Program Files (x86)\GNU Tools ARM Embedded\4.7 2012q4\arm-none-eabi\lib\armv7e-m\softfp\libg.a(lib_a-mprec.o)
                0x08019944                __b2d
 .text.__d2b    0x08019a00       0xc0 ..\..\..\..\..\..\..\..\Program Files (x86)\GNU Tools ARM Embedded\4.7 2012q4\arm-none-eabi\lib\armv7e-m\softfp\libg.a(lib_a-mprec.o)
                0x08019a00                __d2b
 .text.__ratio  0x08019ac0       0x54 ..\..\..\..\..\..\..\..\Program Files (x86)\GNU Tools ARM Embedded\4.7 2012q4\arm-none-eabi\lib\armv7e-m\softfp\libg.a(lib_a-mprec.o)
                0x08019ac0                __ratio
 .text.__copybits
                0x08019b14       0xa4 ..\..\..\..\..\..\..\..\Program Files (x86)\GNU Tools ARM Embedded\4.7 2012q4\arm-none-eabi\lib\armv7e-m\softfp\libg.a(lib_a-mprec.o)
                0x08019b14                __copybits
 .text.__any_on
                0x08019bb8       0x74 ..\..\..\..\..\..\..\..\Program Files (x86)\GNU Tools ARM Embedded\4.7 2012q4\arm-none-eabi\lib\armv7e-m\softfp\libg.a(lib_a-mprec.o)
                0x08019bb8                __any_on
 .text.__fpclassifyd
                0x08019c2c       0x68 ..\..\..\..\..\..\..\..\Program Files (x86)\GNU Tools ARM Embedded\4.7 2012q4\arm-none-eabi\lib\armv7e-m\softfp\libg.a(lib_a-s_fpclassify.o)
                0x08019c2c                __fpclassifyd
 .text.__sread  0x08019c94       0x24 ..\..\..\..\..\..\..\..\Program Files (x86)\GNU Tools ARM Embedded\4.7 2012q4\arm-none-eabi\lib\armv7e-m\softfp\libg.a(lib_a-stdio.o)
                0x08019c94                __sread
 .text.__swrite
                0x08019cb8       0x44 ..\..\..\..\..\..\..\..\Program Files (x86)\GNU Tools ARM Embedded\4.7 2012q4\arm-none-eabi\lib\armv7e-m\softfp\libg.a(lib_a-stdio.o)
                0x08019cb8                __swrite
 .text.__sseek  0x08019cfc       0x24 ..\..\..\..\..\..\..\..\Program Files (x86)\GNU Tools ARM Embedded\4.7 2012q4\arm-none-eabi\lib\armv7e-m\softfp\libg.a(lib_a-stdio.o)
                0x08019cfc                __sseek
 .text.__sclose
                0x08019d20        0x8 ..\..\..\..\..\..\..\..\Program Files (x86)\GNU Tools ARM Embedded\4.7 2012q4\arm-none-eabi\lib\armv7e-m\softfp\libg.a(lib_a-stdio.o)
                0x08019d20                __sclose
 .text.__ssprint_r
                0x08019d28      0x100 ..\..\..\..\..\..\..\..\Program Files (x86)\GNU Tools ARM Embedded\4.7 2012q4\arm-none-eabi\lib\armv7e-m\softfp\libg.a(lib_a-svfiprintf.o)
                0x08019d28                __ssprint_r
 .text._calloc_r
                0x08019e28       0x60 ..\..\..\..\..\..\..\..\Program Files (x86)\GNU Tools ARM Embedded\4.7 2012q4\arm-none-eabi\lib\armv7e-m\softfp\libg.a(lib_a-callocr.o)
                0x08019e28                _calloc_r
 .text._close_r
                0x08019e88       0x24 ..\..\..\..\..\..\..\..\Program Files (x86)\GNU Tools ARM Embedded\4.7 2012q4\arm-none-eabi\lib\armv7e-m\softfp\libg.a(lib_a-closer.o)
                0x08019e88                _close_r
 .text._fclose_r
                0x08019eac       0x94 ..\..\..\..\..\..\..\..\Program Files (x86)\GNU Tools ARM Embedded\4.7 2012q4\arm-none-eabi\lib\armv7e-m\softfp\libg.a(lib_a-fclose.o)
                0x08019eac                _fclose_r
 .text.fclose   0x08019f40       0x10 ..\..\..\..\..\..\..\..\Program Files (x86)\GNU Tools ARM Embedded\4.7 2012q4\arm-none-eabi\lib\armv7e-m\softfp\libg.a(lib_a-fclose.o)
                0x08019f40                fclose
 .text._fstat_r
                0x08019f50       0x28 ..\..\..\..\..\..\..\..\Program Files (x86)\GNU Tools ARM Embedded\4.7 2012q4\arm-none-eabi\lib\armv7e-m\softfp\libg.a(lib_a-fstatr.o)
                0x08019f50                _fstat_r
 .text._isatty_r
                0x08019f78       0x24 ..\..\..\..\..\..\..\..\Program Files (x86)\GNU Tools ARM Embedded\4.7 2012q4\arm-none-eabi\lib\armv7e-m\softfp\libg.a(lib_a-isattyr.o)
                0x08019f78                _isatty_r
 .text._lseek_r
                0x08019f9c       0x28 ..\..\..\..\..\..\..\..\Program Files (x86)\GNU Tools ARM Embedded\4.7 2012q4\arm-none-eabi\lib\armv7e-m\softfp\libg.a(lib_a-lseekr.o)
                0x08019f9c                _lseek_r
 .text._read_r  0x08019fc4       0x28 ..\..\..\..\..\..\..\..\Program Files (x86)\GNU Tools ARM Embedded\4.7 2012q4\arm-none-eabi\lib\armv7e-m\softfp\libg.a(lib_a-readr.o)
                0x08019fc4                _read_r
 .text          0x08019fec       0x40 d:/program files (x86)/gnu tools arm embedded/4.7 2012q4/bin/../lib/gcc/arm-none-eabi/4.7.3/armv7e-m\libgcc.a(_arm_fixunsdfsi.o)
                0x08019fec                __aeabi_d2uiz
                0x08019fec                __fixunsdfsi
 .text          0x0801a02c       0x2c d:/program files (x86)/gnu tools arm embedded/4.7 2012q4/bin/../lib/gcc/arm-none-eabi/4.7.3/armv7e-m\libgcc.a(_aeabi_uldivmod.o)
                0x0801a02c                __aeabi_uldivmod
 .text          0x0801a058       0x58 d:/program files (x86)/gnu tools arm embedded/4.7 2012q4/bin/../lib/gcc/arm-none-eabi/4.7.3/armv7e-m\libgcc.a(bpabi.o)
                0x0801a058                __gnu_ldivmod_helper
                0x0801a084                __gnu_uldivmod_helper
 .text          0x0801a0b0        0x4 d:/program files (x86)/gnu tools arm embedded/4.7 2012q4/bin/../lib/gcc/arm-none-eabi/4.7.3/armv7e-m\libgcc.a(_dvmd_tls.o)
                0x0801a0b0                __aeabi_idiv0
                0x0801a0b0                __aeabi_ldiv0
 .text          0x0801a0b4      0x2bc d:/program files (x86)/gnu tools arm embedded/4.7 2012q4/bin/../lib/gcc/arm-none-eabi/4.7.3/armv7e-m\libgcc.a(_divdi3.o)
                0x0801a0b4                __divdi3
 .text          0x0801a370      0x288 d:/program files (x86)/gnu tools arm embedded/4.7 2012q4/bin/../lib/gcc/arm-none-eabi/4.7.3/armv7e-m\libgcc.a(_udivdi3.o)
                0x0801a370                __udivdi3
 *(.glue_7t)
 .glue_7t       0x00000000        0x0 linker stubs
 *(.glue_7)
 .glue_7        0x00000000        0x0 linker stubs
 *(.rodata .rodata* .gnu.linkonce.r.*)
 .rodata        0x0801a5f8      0x328 ..\obj\main.o
 .rodata._ZTVSt9exception
                0x0801a920       0x18 ..\..\..\..\..\..\..\..\Program Files (x86)\GNU Tools ARM Embedded\4.7 2012q4\arm-none-eabi\lib\armv7e-m\softfp\libstdc++.a(eh_exception.o)
                0x0801a920                vtable for std::exception
 .rodata._ZTIN10__cxxabiv115__forced_unwindE
                0x0801a938        0x8 ..\..\..\..\..\..\..\..\Program Files (x86)\GNU Tools ARM Embedded\4.7 2012q4\arm-none-eabi\lib\armv7e-m\softfp\libstdc++.a(eh_exception.o)
                0x0801a938                typeinfo for __cxxabiv1::__forced_unwind
 .rodata._ZTISt9exception
                0x0801a940        0x8 ..\..\..\..\..\..\..\..\Program Files (x86)\GNU Tools ARM Embedded\4.7 2012q4\arm-none-eabi\lib\armv7e-m\softfp\libstdc++.a(eh_exception.o)
                0x0801a940                typeinfo for std::exception
 .rodata._ZTSSt13bad_exception
                0x0801a948       0x14 ..\..\..\..\..\..\..\..\Program Files (x86)\GNU Tools ARM Embedded\4.7 2012q4\arm-none-eabi\lib\armv7e-m\softfp\libstdc++.a(eh_exception.o)
                0x0801a948                typeinfo name for std::bad_exception
 .rodata.str1.4
                0x0801a95c       0x23 ..\..\..\..\..\..\..\..\Program Files (x86)\GNU Tools ARM Embedded\4.7 2012q4\arm-none-eabi\lib\armv7e-m\softfp\libstdc++.a(eh_exception.o)
                                 0x24 (size before relaxing)
 *fill*         0x0801a97f        0x1 00
 .rodata._ZTSN10__cxxabiv119__foreign_exceptionE
                0x0801a980       0x24 ..\..\..\..\..\..\..\..\Program Files (x86)\GNU Tools ARM Embedded\4.7 2012q4\arm-none-eabi\lib\armv7e-m\softfp\libstdc++.a(eh_exception.o)
                0x0801a980                typeinfo name for __cxxabiv1::__foreign_exception
 .rodata._ZTIN10__cxxabiv119__foreign_exceptionE
                0x0801a9a4        0x8 ..\..\..\..\..\..\..\..\Program Files (x86)\GNU Tools ARM Embedded\4.7 2012q4\arm-none-eabi\lib\armv7e-m\softfp\libstdc++.a(eh_exception.o)
                0x0801a9a4                typeinfo for __cxxabiv1::__foreign_exception
 *fill*         0x0801a9ac        0x4 00
 .rodata._ZTVSt13bad_exception
                0x0801a9b0       0x18 ..\..\..\..\..\..\..\..\Program Files (x86)\GNU Tools ARM Embedded\4.7 2012q4\arm-none-eabi\lib\armv7e-m\softfp\libstdc++.a(eh_exception.o)
                0x0801a9b0                vtable for std::bad_exception
 .rodata._ZTSSt9exception
                0x0801a9c8       0x10 ..\..\..\..\..\..\..\..\Program Files (x86)\GNU Tools ARM Embedded\4.7 2012q4\arm-none-eabi\lib\armv7e-m\softfp\libstdc++.a(eh_exception.o)
                0x0801a9c8                typeinfo name for std::exception
 .rodata._ZTSN10__cxxabiv115__forced_unwindE
                0x0801a9d8       0x20 ..\..\..\..\..\..\..\..\Program Files (x86)\GNU Tools ARM Embedded\4.7 2012q4\arm-none-eabi\lib\armv7e-m\softfp\libstdc++.a(eh_exception.o)
                0x0801a9d8                typeinfo name for __cxxabiv1::__forced_unwind
 .rodata._ZTISt13bad_exception
                0x0801a9f8        0xc ..\..\..\..\..\..\..\..\Program Files (x86)\GNU Tools ARM Embedded\4.7 2012q4\arm-none-eabi\lib\armv7e-m\softfp\libstdc++.a(eh_exception.o)
                0x0801a9f8                typeinfo for std::bad_exception
 *fill*         0x0801aa04        0x4 00
 .rodata._ZTVN10__cxxabiv117__class_type_infoE
                0x0801aa08       0x30 ..\..\..\..\..\..\..\..\Program Files (x86)\GNU Tools ARM Embedded\4.7 2012q4\arm-none-eabi\lib\armv7e-m\softfp\libstdc++.a(class_type_info.o)
                0x0801aa08                vtable for __cxxabiv1::__class_type_info
 .rodata._ZTIN10__cxxabiv117__class_type_infoE
                0x0801aa38        0xc ..\..\..\..\..\..\..\..\Program Files (x86)\GNU Tools ARM Embedded\4.7 2012q4\arm-none-eabi\lib\armv7e-m\softfp\libstdc++.a(class_type_info.o)
                0x0801aa38                typeinfo for __cxxabiv1::__class_type_info
 .rodata._ZTSN10__cxxabiv117__class_type_infoE
                0x0801aa44       0x24 ..\..\..\..\..\..\..\..\Program Files (x86)\GNU Tools ARM Embedded\4.7 2012q4\arm-none-eabi\lib\armv7e-m\softfp\libstdc++.a(class_type_info.o)
                0x0801aa44                typeinfo name for __cxxabiv1::__class_type_info
 .rodata._ZTISt9type_info
                0x0801aa68        0x8 ..\..\..\..\..\..\..\..\Program Files (x86)\GNU Tools ARM Embedded\4.7 2012q4\arm-none-eabi\lib\armv7e-m\softfp\libstdc++.a(tinfo.o)
                0x0801aa68                typeinfo for std::type_info
 .rodata._ZTSSt9type_info
                0x0801aa70       0x10 ..\..\..\..\..\..\..\..\Program Files (x86)\GNU Tools ARM Embedded\4.7 2012q4\arm-none-eabi\lib\armv7e-m\softfp\libstdc++.a(tinfo.o)
                0x0801aa70                typeinfo name for std::type_info
 .rodata._ZTVSt9type_info
                0x0801aa80       0x20 ..\..\..\..\..\..\..\..\Program Files (x86)\GNU Tools ARM Embedded\4.7 2012q4\arm-none-eabi\lib\armv7e-m\softfp\libstdc++.a(tinfo.o)
                0x0801aa80                vtable for std::type_info
 .rodata._ZTIN9__gnu_cxx20recursive_init_errorE
                0x0801aaa0        0xc ..\..\..\..\..\..\..\..\Program Files (x86)\GNU Tools ARM Embedded\4.7 2012q4\arm-none-eabi\lib\armv7e-m\softfp\libstdc++.a(guard_error.o)
                0x0801aaa0                typeinfo for __gnu_cxx::recursive_init_error
 .rodata._ZTSN9__gnu_cxx20recursive_init_errorE
                0x0801aaac       0x24 ..\..\..\..\..\..\..\..\Program Files (x86)\GNU Tools ARM Embedded\4.7 2012q4\arm-none-eabi\lib\armv7e-m\softfp\libstdc++.a(guard_error.o)
                0x0801aaac                typeinfo name for __gnu_cxx::recursive_init_error
 .rodata._ZTVN9__gnu_cxx20recursive_init_errorE
                0x0801aad0       0x18 ..\..\..\..\..\..\..\..\Program Files (x86)\GNU Tools ARM Embedded\4.7 2012q4\arm-none-eabi\lib\armv7e-m\softfp\libstdc++.a(guard_error.o)
                0x0801aad0                vtable for __gnu_cxx::recursive_init_error
 .rodata._ZTVN10__cxxabiv120__si_class_type_infoE
                0x0801aae8       0x30 ..\..\..\..\..\..\..\..\Program Files (x86)\GNU Tools ARM Embedded\4.7 2012q4\arm-none-eabi\lib\armv7e-m\softfp\libstdc++.a(si_class_type_info.o)
                0x0801aae8                vtable for __cxxabiv1::__si_class_type_info
 .rodata._ZTIN10__cxxabiv120__si_class_type_infoE
                0x0801ab18        0xc ..\..\..\..\..\..\..\..\Program Files (x86)\GNU Tools ARM Embedded\4.7 2012q4\arm-none-eabi\lib\armv7e-m\softfp\libstdc++.a(si_class_type_info.o)
                0x0801ab18                typeinfo for __cxxabiv1::__si_class_type_info
 .rodata._ZTSN10__cxxabiv120__si_class_type_infoE
                0x0801ab24       0x28 ..\..\..\..\..\..\..\..\Program Files (x86)\GNU Tools ARM Embedded\4.7 2012q4\arm-none-eabi\lib\armv7e-m\softfp\libstdc++.a(si_class_type_info.o)
                0x0801ab24                typeinfo name for __cxxabiv1::__si_class_type_info
 *fill*         0x0801ab4c        0x4 00
 .rodata._ZTVSt9bad_alloc
                0x0801ab50       0x18 ..\..\..\..\..\..\..\..\Program Files (x86)\GNU Tools ARM Embedded\4.7 2012q4\arm-none-eabi\lib\armv7e-m\softfp\libstdc++.a(bad_alloc.o)
                0x0801ab50                vtable for std::bad_alloc
 .rodata._ZTISt9bad_alloc
                0x0801ab68        0xc ..\..\..\..\..\..\..\..\Program Files (x86)\GNU Tools ARM Embedded\4.7 2012q4\arm-none-eabi\lib\armv7e-m\softfp\libstdc++.a(bad_alloc.o)
                0x0801ab68                typeinfo for std::bad_alloc
 .rodata.str1.4
                0x0801ab74        0xf ..\..\..\..\..\..\..\..\Program Files (x86)\GNU Tools ARM Embedded\4.7 2012q4\arm-none-eabi\lib\armv7e-m\softfp\libstdc++.a(bad_alloc.o)
                                 0x10 (size before relaxing)
 *fill*         0x0801ab83        0x1 00
 .rodata._ZTSSt9bad_alloc
                0x0801ab84       0x10 ..\..\..\..\..\..\..\..\Program Files (x86)\GNU Tools ARM Embedded\4.7 2012q4\arm-none-eabi\lib\armv7e-m\softfp\libstdc++.a(bad_alloc.o)
                0x0801ab84                typeinfo name for std::bad_alloc
 .rodata.str1.4
                0x0801ab94       0x94 ..\..\..\..\..\..\..\..\Program Files (x86)\GNU Tools ARM Embedded\4.7 2012q4\arm-none-eabi\lib\armv7e-m\softfp\libstdc++.a(vterminate.o)
 .rodata        0x0801ac28      0x6f8 ..\..\..\..\..\..\..\..\Program Files (x86)\GNU Tools ARM Embedded\4.7 2012q4\arm-none-eabi\lib\armv7e-m\softfp\libstdc++.a(cp-demangle.o)
 .rodata.str1.4
                0x0801b320      0x61b ..\..\..\..\..\..\..\..\Program Files (x86)\GNU Tools ARM Embedded\4.7 2012q4\arm-none-eabi\lib\armv7e-m\softfp\libstdc++.a(cp-demangle.o)
                                0x644 (size before relaxing)
 *fill*         0x0801b93b        0x1 00
 .rodata.npio2_hw
                0x0801b93c       0x80 ..\..\..\..\..\..\..\..\Program Files (x86)\GNU Tools ARM Embedded\4.7 2012q4\arm-none-eabi\lib\armv7e-m\softfp\libm.a(lib_a-e_rem_pio2.o)
 .rodata.two_over_pi
                0x0801b9bc      0x108 ..\..\..\..\..\..\..\..\Program Files (x86)\GNU Tools ARM Embedded\4.7 2012q4\arm-none-eabi\lib\armv7e-m\softfp\libm.a(lib_a-e_rem_pio2.o)
 .rodata.init_jk
                0x0801bac4       0x10 ..\..\..\..\..\..\..\..\Program Files (x86)\GNU Tools ARM Embedded\4.7 2012q4\arm-none-eabi\lib\armv7e-m\softfp\libm.a(lib_a-k_rem_pio2.o)
 *fill*         0x0801bad4        0x4 00
 .rodata.PIo2   0x0801bad8       0x40 ..\..\..\..\..\..\..\..\Program Files (x86)\GNU Tools ARM Embedded\4.7 2012q4\arm-none-eabi\lib\armv7e-m\softfp\libm.a(lib_a-k_rem_pio2.o)
 .rodata.str1.4
                0x0801bb18        0x2 ..\..\..\..\..\..\..\..\Program Files (x86)\GNU Tools ARM Embedded\4.7 2012q4\arm-none-eabi\lib\armv7e-m\softfp\libg.a(lib_a-impure.o)
                                  0x4 (size before relaxing)
 *fill*         0x0801bb1a        0x2 00
 .rodata.str1.4
                0x0801bb1c        0xa ..\..\..\..\..\..\..\..\Program Files (x86)\GNU Tools ARM Embedded\4.7 2012q4\arm-none-eabi\lib\armv7e-m\softfp\libg.a(lib_a-strtod.o)
                                 0x10 (size before relaxing)
 *fill*         0x0801bb26        0x2 00
 .rodata.tinytens
                0x0801bb28       0x28 ..\..\..\..\..\..\..\..\Program Files (x86)\GNU Tools ARM Embedded\4.7 2012q4\arm-none-eabi\lib\armv7e-m\softfp\libg.a(lib_a-strtod.o)
 .rodata.str1.4
                0x0801bb50       0x42 ..\..\..\..\..\..\..\..\Program Files (x86)\GNU Tools ARM Embedded\4.7 2012q4\arm-none-eabi\lib\armv7e-m\softfp\libg.a(lib_a-svfprintf.o)
                                 0x44 (size before relaxing)
 *fill*         0x0801bb92        0x2 00
 .rodata.zeroes.6721
                0x0801bb94       0x10 ..\..\..\..\..\..\..\..\Program Files (x86)\GNU Tools ARM Embedded\4.7 2012q4\arm-none-eabi\lib\armv7e-m\softfp\libg.a(lib_a-svfprintf.o)
 .rodata.blanks.6720
                0x0801bba4       0x10 ..\..\..\..\..\..\..\..\Program Files (x86)\GNU Tools ARM Embedded\4.7 2012q4\arm-none-eabi\lib\armv7e-m\softfp\libg.a(lib_a-svfprintf.o)
 .rodata._ctype_
                0x0801bbb4      0x104 ..\..\..\..\..\..\..\..\Program Files (x86)\GNU Tools ARM Embedded\4.7 2012q4\arm-none-eabi\lib\armv7e-m\softfp\libg.a(lib_a-ctype_.o)
                0x0801bbb4                _ctype_
 .rodata.str1.4
                0x0801bcb8       0x10 ..\..\..\..\..\..\..\..\Program Files (x86)\GNU Tools ARM Embedded\4.7 2012q4\arm-none-eabi\lib\armv7e-m\softfp\libg.a(lib_a-dtoa.o)
                                 0x14 (size before relaxing)
 .rodata.str1.4
                0x0801bcc8       0x1b ..\..\..\..\..\..\..\..\Program Files (x86)\GNU Tools ARM Embedded\4.7 2012q4\arm-none-eabi\lib\armv7e-m\softfp\libg.a(lib_a-gdtoa-gethex.o)
                                 0x1c (size before relaxing)
 *fill*         0x0801bce3        0x1 00
 .rodata.str1.4
                0x0801bce4        0x8 ..\..\..\..\..\..\..\..\Program Files (x86)\GNU Tools ARM Embedded\4.7 2012q4\arm-none-eabi\lib\armv7e-m\softfp\libg.a(lib_a-locale.o)
                                 0x14 (size before relaxing)
 .rodata.p05.5242
                0x0801bcec        0xc ..\..\..\..\..\..\..\..\Program Files (x86)\GNU Tools ARM Embedded\4.7 2012q4\arm-none-eabi\lib\armv7e-m\softfp\libg.a(lib_a-mprec.o)
 .rodata.__mprec_tens
                0x0801bcf8       0xc8 ..\..\..\..\..\..\..\..\Program Files (x86)\GNU Tools ARM Embedded\4.7 2012q4\arm-none-eabi\lib\armv7e-m\softfp\libg.a(lib_a-mprec.o)
                0x0801bcf8                __mprec_tens
 .rodata.__mprec_bigtens
                0x0801bdc0       0x28 ..\..\..\..\..\..\..\..\Program Files (x86)\GNU Tools ARM Embedded\4.7 2012q4\arm-none-eabi\lib\armv7e-m\softfp\libg.a(lib_a-mprec.o)
                0x0801bdc0                __mprec_bigtens

.vfp11_veneer   0x0801bde8        0x0
 .vfp11_veneer  0x00000000        0x0 linker stubs

.v4_bx          0x0801bde8        0x0
 .v4_bx         0x00000000        0x0 linker stubs

.iplt           0x0801bde8        0x0
 .iplt          0x00000000        0x0 ..\obj\delay.o

.ARM.extab      0x0801bde8      0x440
 *(.ARM.extab* .gnu.linkonce.armextab.*)
 .ARM.extab.text._ZN12ActuatorsMgr10monterBrasEv
                0x0801bde8        0xc ..\obj\main.o
 .ARM.extab.text.main
                0x0801bdf4       0x68 ..\obj\main.o
 .ARM.extab.text.TIM4_IRQHandler
                0x0801be5c       0x1c ..\obj\main.o
 .ARM.extab.text._ZN8side_defC2Ev
                0x0801be78        0x0 ..\obj\main.o
 .ARM.extab.text._ZN9safe_enumI8side_defNS0_4typeEEC2ES1_
                0x0801be78        0x0 ..\obj\main.o
 .ARM.extab.text._ZN2AXI4UartILh2EEE4goToEt
                0x0801be78        0xc ..\obj\main.o
 .ARM.extab.text._ZN4UartILh1EE4initEm
                0x0801be84        0xc ..\obj\main.o
 .ARM.extab.text._ZN9SingletonI19MotionControlSystemE8InstanceEv
                0x0801be90       0x18 ..\obj\main.o
 .ARM.extab.text._ZN4UartILh2EE4initEm
                0x0801bea8        0xc ..\obj\main.o
 .ARM.extab.text._ZN4UartILh1EE9availableEv
                0x0801beb4        0x0 ..\obj\main.o
 .ARM.extab.text._ZN4UartILh1EE4readEPct